WARN! Build not running on Vercel. System environment variables will not be available.
Installing dependencies...
npm warn deprecated @babel/plugin-proposal-private-methods@7.18.6: This proposal has been merged to the ECMAScript standard and thus this plugin is no longer maintained. Please use @babel/plugin-transform-private-methods instead.
npm warn tar TAR_ENTRY_ERROR ENOSPC: no space left on device, write
npm warn tar TAR_ENTRY_ERROR ENOSPC: no space left on device, write
npm warn tar TAR_ENTRY_ERROR ENOSPC: no space left on device, write
npm warn tar TAR_ENTRY_ERROR ENOSPC: no space left on device, write
npm warn tar TAR_ENTRY_ERROR ENOSPC: no space left on device, write
npm warn tar TAR_ENTRY_ERROR ENOSPC: no space left on device, write
npm warn tar TAR_ENTRY_ERROR ENOSPC: no space left on device, write
npm warn tar TAR_ENTRY_ERROR ENOSPC: no space left on device, write
npm warn tar TAR_ENTRY_ERROR ENOSPC: no space left on device, write
npm warn tar TAR_ENTRY_ERROR ENOSPC: no space left on device, write
npm warn tar TAR_ENTRY_ERROR ENOSPC: no space left on device, write
npm warn tar TAR_ENTRY_ERROR EBADF: bad file descriptor, write
npm warn tar TAR_ENTRY_ERROR ENOSPC: no space left on device, write
npm warn tar TAR_ENTRY_ERROR ENOSPC: no space left on device, write
npm warn tar TAR_ENTRY_ERROR ENOSPC: no space left on device, write
npm warn tar TAR_ENTRY_ERROR ENOSPC: no space left on device, write
npm warn tar TAR_ENTRY_ERROR ENOSPC: no space left on device, write
npm warn tar TAR_ENTRY_ERROR ENOSPC: no space left on device, write
npm warn tar TAR_ENTRY_ERROR ENOSPC: no space left on device, write
npm warn tar TAR_ENTRY_ERROR EBADF: bad file descriptor, write
npm warn tar TAR_ENTRY_ERROR ENOENT: no such file or directory, lstat 'D:\PROJECTS\SimHPC\app\node_modules\@types\node\readline'
npm warn tar TAR_ENTRY_ERROR ENOENT: no such file or directory, lstat 'D:\PROJECTS\SimHPC\app\node_modules\tailwindcss\scripts'
npm warn tar TAR_ENTRY_ERROR ENOENT: no such file or directory, lstat 'D:\PROJECTS\SimHPC\app\node_modules\@hookform\resolvers\vine'
npm warn tar TAR_ENTRY_ERROR ENOSPC: no space left on device, write
npm warn tar TAR_ENTRY_ERROR ENOSPC: no space left on device, write
npm warn tar TAR_ENTRY_ERROR EBADF: bad file descriptor, write
npm warn tar TAR_ENTRY_ERROR ENOSPC: no space left on device, write
npm warn tar TAR_ENTRY_ERROR ENOSPC: no space left on device, write
npm warn tar TAR_ENTRY_ERROR ENOSPC: no space left on device, write
npm warn tar TAR_ENTRY_ERROR ENOSPC: no space left on device, write
npm warn tar TAR_ENTRY_ERROR EBADF: bad file descriptor, write
npm warn tar TAR_ENTRY_ERROR EBADF: bad file descriptor, write
npm warn tar TAR_ENTRY_ERROR EBADF: bad file descriptor, write
npm warn tar TAR_ENTRY_ERROR EBADF: bad file descriptor, write
npm warn tar TAR_ENTRY_ERROR ENOENT: no such file or directory, lstat 'D:\PROJECTS\SimHPC\app\node_modules\@types\node\stream'
npm warn tar TAR_ENTRY_ERROR ENOENT: no such file or directory, lstat 'D:\PROJECTS\SimHPC\app\node_modules\@hookform\resolvers\vine'
npm warn tar TAR_ENTRY_ERROR ENOENT: no such file or directory, lstat 'D:\PROJECTS\SimHPC\app\node_modules\resolve\test\shadowed_core'
npm warn tar TAR_ENTRY_ERROR ENOSPC: no space left on device, write
npm warn tar TAR_ENTRY_ERROR EBADF: bad file descriptor, write
npm warn tar TAR_ENTRY_ERROR ENOSPC: no space left on device, write
npm warn tar TAR_ENTRY_ERROR ENOSPC: no space left on device, write
npm warn tar TAR_ENTRY_ERROR ENOSPC: no space left on device, write
npm warn tar TAR_ENTRY_ERROR ENOSPC: no space left on device, write
npm warn tar TAR_ENTRY_ERROR EBADF: bad file descriptor, write
npm warn tar TAR_ENTRY_ERROR ENOSPC: no space left on device, write
npm warn tar TAR_ENTRY_ERROR ENOSPC: no space left on device, write
npm warn tar TAR_ENTRY_ERROR ENOSPC: no space left on device, write
npm warn tar TAR_ENTRY_ERROR ENOENT: no such file or directory, lstat 'D:\PROJECTS\SimHPC\app\node_modules\@types\node\stream'
npm warn tar TAR_ENTRY_ERROR ENOENT: no such file or directory, lstat 'D:\PROJECTS\SimHPC\app\node_modules\@hookform\resolvers\vine'
npm warn tar TAR_ENTRY_ERROR ENOSPC: no space left on device, write
npm warn tar TAR_ENTRY_ERROR ENOSPC: no space left on device, write
npm warn tar TAR_ENTRY_ERROR ENOSPC: no space left on device, write
npm warn tar TAR_ENTRY_ERROR ENOSPC: no space left on device, write
npm warn tar TAR_ENTRY_ERROR ENOSPC: no space left on device, write
npm warn tar TAR_ENTRY_ERROR ENOSPC: no space left on device, write
npm warn tar TAR_ENTRY_ERROR ENOSPC: no space left on device, write
npm warn tar TAR_ENTRY_ERROR ENOSPC: no space left on device, write
npm warn tar TAR_ENTRY_ERROR ENOSPC: no space left on device, write
npm warn tar TAR_ENTRY_ERROR EBADF: bad file descriptor, write
npm warn tar TAR_ENTRY_ERROR ENOSPC: no space left on device, write
npm warn tar TAR_ENTRY_ERROR ENOSPC: no space left on device, write
npm warn tar TAR_ENTRY_ERROR ENOSPC: no space left on device, write
npm warn tar TAR_ENTRY_ERROR ENOSPC: no space left on device, write
npm warn tar TAR_ENTRY_ERROR ENOSPC: no space left on device, write
npm warn tar TAR_ENTRY_ERROR ENOENT: no such file or directory, lstat 'D:\PROJECTS\SimHPC\app\node_modules\@types\node\stream'
npm warn tar TAR_ENTRY_ERROR EBADF: bad file descriptor, write
npm warn tar TAR_ENTRY_ERROR EBADF: bad file descriptor, write
npm warn tar TAR_ENTRY_ERROR ENOSPC: no space left on device, write
npm warn tar TAR_ENTRY_ERROR ENOSPC: no space left on device, write
npm warn tar TAR_ENTRY_ERROR ENOENT: no such file or directory, lstat 'D:\PROJECTS\SimHPC\app\node_modules\@hookform\resolvers\yup'
npm warn tar TAR_ENTRY_ERROR EBADF: bad file descriptor, write
npm warn tar TAR_ENTRY_ERROR ENOSPC: no space left on device, write
npm warn tar TAR_ENTRY_ERROR ENOSPC: no space left on device, write
npm warn tar TAR_ENTRY_ERROR EBADF: bad file descriptor, write
npm warn tar TAR_ENTRY_ERROR ENOSPC: no space left on device, write
npm warn tar TAR_ENTRY_ERROR EBADF: bad file descriptor, close
npm warn tar TAR_ENTRY_ERROR ENOSPC: no space left on device, write
npm warn tar TAR_ENTRY_ERROR ENOSPC: no space left on device, write
npm warn tar TAR_ENTRY_ERROR EBADF: bad file descriptor, close
npm warn tar TAR_ENTRY_ERROR ENOSPC: no space left on device, write
npm warn tar TAR_ENTRY_ERROR ENOSPC: no space left on device, write
npm warn tar TAR_ENTRY_ERROR ENOSPC: no space left on device, write
npm warn tar TAR_ENTRY_ERROR EBADF: bad file descriptor, write
npm warn tar TAR_ENTRY_ERROR ENOSPC: no space left on device, write
npm warn tar TAR_ENTRY_ERROR ENOSPC: no space left on device, write
npm warn tar TAR_ENTRY_ERROR ENOENT: no such file or directory, lstat 'D:\PROJECTS\SimHPC\app\node_modules\@hookform\resolvers\yup\dist'
npm warn tar TAR_ENTRY_ERROR ENOSPC: no space left on device, write
npm warn tar TAR_ENTRY_ERROR ENOSPC: no space left on device, write
npm warn tar TAR_ENTRY_ERROR ENOSPC: no space left on device, write
npm warn tar TAR_ENTRY_ERROR EBADF: bad file descriptor, write
npm warn tar TAR_ENTRY_ERROR ENOSPC: no space left on device, write
npm warn tar TAR_ENTRY_ERROR ENOSPC: no space left on device, write
npm warn tar TAR_ENTRY_ERROR ENOSPC: no space left on device, write
npm warn tar TAR_ENTRY_ERROR ENOSPC: no space left on device, write
npm warn tar TAR_ENTRY_ERROR EBADF: bad file descriptor, write
npm warn tar TAR_ENTRY_ERROR ENOSPC: no space left on device, write
npm warn tar TAR_ENTRY_ERROR ENOSPC: no space left on device, write
npm warn tar TAR_ENTRY_ERROR ENOSPC: no space left on device, write
npm warn tar TAR_ENTRY_ERROR ENOSPC: no space left on device, write
npm warn tar TAR_ENTRY_ERROR ENOSPC: no space left on device, write
npm warn tar TAR_ENTRY_ERROR EBADF: bad file descriptor, write
npm warn tar TAR_ENTRY_ERROR ENOENT: no such file or directory, lstat 'D:\PROJECTS\SimHPC\app\node_modules\@types\node\ts5.6'
npm warn tar TAR_ENTRY_ERROR EBADF: bad file descriptor, write
npm warn tar TAR_ENTRY_ERROR ENOSPC: no space left on device, write
npm warn tar TAR_ENTRY_ERROR EBADF: bad file descriptor, write
npm warn tar TAR_ENTRY_ERROR ENOSPC: no space left on device, write
npm warn tar TAR_ENTRY_ERROR EBADF: bad file descriptor, write
npm warn tar TAR_ENTRY_ERROR ENOSPC: no space left on device, write
npm warn tar TAR_ENTRY_ERROR ENOSPC: no space left on device, write
npm warn tar TAR_ENTRY_ERROR ENOSPC: no space left on device, write
npm warn tar TAR_ENTRY_ERROR ENOSPC: no space left on device, write
npm warn tar TAR_ENTRY_ERROR ENOSPC: no space left on device, write
npm warn tar TAR_ENTRY_ERROR ENOSPC: no space left on device, write
npm warn tar TAR_ENTRY_ERROR EBADF: bad file descriptor, write
npm warn tar TAR_ENTRY_ERROR ENOENT: no such file or directory, lstat 'D:\PROJECTS\SimHPC\app\node_modules\@hookform\resolvers\yup\dist'
npm warn tar TAR_ENTRY_ERROR ENOSPC: no space left on device, write
npm warn tar TAR_ENTRY_ERROR ENOSPC: no space left on device, write
npm warn tar TAR_ENTRY_ERROR ENOSPC: no space left on device, write
npm warn tar TAR_ENTRY_ERROR EBADF: bad file descriptor, write
npm warn tar TAR_ENTRY_ERROR EBADF: bad file descriptor, write
npm warn tar TAR_ENTRY_ERROR ENOENT: no such file or directory, lstat 'D:\PROJECTS\SimHPC\app\node_modules\@types\node\ts5.6'
npm warn tar TAR_ENTRY_ERROR ENOSPC: no space left on device, write
npm warn tar TAR_ENTRY_ERROR ENOENT: no such file or directory, lstat 'D:\PROJECTS\SimHPC\app\node_modules\resolve\test\module_dir\zmodules'
npm warn tar TAR_ENTRY_ERROR ENOSPC: no space left on device, write
npm warn tar TAR_ENTRY_ERROR EBADF: bad file descriptor, write
npm warn tar TAR_ENTRY_ERROR ENOSPC: no space left on device, write
npm warn tar TAR_ENTRY_ERROR EBADF: bad file descriptor, write
npm warn tar TAR_ENTRY_ERROR ENOSPC: no space left on device, write
npm warn tar TAR_ENTRY_ERROR ENOSPC: no space left on device, write
npm warn tar TAR_ENTRY_ERROR ENOSPC: no space left on device, write
npm warn tar TAR_ENTRY_ERROR EBADF: bad file descriptor, write
npm warn tar TAR_ENTRY_ERROR EBADF: bad file descriptor, write
npm warn tar TAR_ENTRY_ERROR ENOSPC: no space left on device, write
npm warn tar TAR_ENTRY_ERROR ENOENT: no such file or directory, lstat 'D:\PROJECTS\SimHPC\app\node_modules\@hookform\resolvers\zod'
npm warn tar TAR_ENTRY_ERROR ENOSPC: no space left on device, write
npm warn tar TAR_ENTRY_ERROR ENOSPC: no space left on device, write
npm warn tar TAR_ENTRY_ERROR EBADF: bad file descriptor, write
npm warn tar TAR_ENTRY_ERROR ENOSPC: no space left on device, write
npm warn tar TAR_ENTRY_ERROR EBADF: bad file descriptor, write
npm warn tar TAR_ENTRY_ERROR ENOENT: no such file or directory, lstat 'D:\PROJECTS\SimHPC\app\node_modules\@types\node\ts5.6'
npm warn tar TAR_ENTRY_ERROR EBADF: bad file descriptor, write
npm warn tar TAR_ENTRY_ERROR ENOSPC: no space left on device, write
npm warn tar TAR_ENTRY_ERROR EBADF: bad file descriptor, write
npm warn tar TAR_ENTRY_ERROR ENOSPC: no space left on device, write
npm warn tar TAR_ENTRY_ERROR ENOSPC: no space left on device, write
npm warn tar TAR_ENTRY_ERROR ENOENT: no such file or directory, lstat 'D:\PROJECTS\SimHPC\app\node_modules\motion-dom\dist\es\projection\geometry'
npm warn tar TAR_ENTRY_ERROR ENOENT: no such file or directory, lstat 'D:\PROJECTS\SimHPC\app\node_modules\@hookform\resolvers\zod'
npm warn tar TAR_ENTRY_ERROR EBADF: bad file descriptor, write
npm warn tar TAR_ENTRY_ERROR ENOSPC: no space left on device, write
npm warn tar TAR_ENTRY_ERROR ENOSPC: no space left on device, write
npm warn tar TAR_ENTRY_ERROR ENOENT: no such file or directory, lstat 'D:\PROJECTS\SimHPC\app\node_modules\@types\node\ts5.7'
npm warn tar TAR_ENTRY_ERROR ENOSPC: no space left on device, write
npm warn tar TAR_ENTRY_ERROR ENOENT: no such file or directory, lstat 'D:\PROJECTS\SimHPC\app\node_modules\resolve\test\pathfilter'
npm warn tar TAR_ENTRY_ERROR ENOSPC: no space left on device, write
npm warn tar TAR_ENTRY_ERROR ENOSPC: no space left on device, write
npm warn tar TAR_ENTRY_ERROR ENOSPC: no space left on device, write
npm warn tar TAR_ENTRY_ERROR ENOSPC: no space left on device, write
npm warn tar TAR_ENTRY_ERROR ENOSPC: no space left on device, write
npm warn tar TAR_ENTRY_ERROR ENOSPC: no space left on device, write
npm warn tar TAR_ENTRY_ERROR ENOSPC: no space left on device, write
npm warn tar TAR_ENTRY_ERROR ENOSPC: no space left on device, write
npm warn tar TAR_ENTRY_ERROR ENOSPC: no space left on device, write
npm warn tar TAR_ENTRY_ERROR ENOSPC: no space left on device, write
npm warn tar TAR_ENTRY_ERROR ENOSPC: no space left on device, write
npm warn tar TAR_ENTRY_ERROR ENOENT: no such file or directory, lstat 'D:\PROJECTS\SimHPC\app\node_modules\@hookform\resolvers\zod'
npm warn tar TAR_ENTRY_ERROR ENOSPC: no space left on device, write
npm warn tar TAR_ENTRY_ERROR ENOSPC: no space left on device, write
npm warn tar TAR_ENTRY_ERROR ENOENT: no such file or directory, lstat 'D:\PROJECTS\SimHPC\app\node_modules\@types\node\web-globals'
npm warn tar TAR_ENTRY_ERROR ENOSPC: no space left on device, write
npm warn tar TAR_ENTRY_ERROR ENOSPC: no space left on device, write
npm warn tar TAR_ENTRY_ERROR EBADF: bad file descriptor, write
npm warn tar TAR_ENTRY_ERROR ENOSPC: no space left on device, write
npm warn tar TAR_ENTRY_ERROR EBADF: bad file descriptor, write
npm warn tar TAR_ENTRY_ERROR EBADF: bad file descriptor, write
npm warn tar TAR_ENTRY_ERROR ENOSPC: no space left on device, write
npm warn tar TAR_ENTRY_ERROR ENOENT: no such file or directory, lstat 'D:\PROJECTS\SimHPC\app\node_modules\framer-motion\dist\es\components\Reorder'
npm warn tar TAR_ENTRY_ERROR ENOSPC: no space left on device, write
npm warn tar TAR_ENTRY_ERROR ENOSPC: no space left on device, write
npm warn tar TAR_ENTRY_ERROR ENOSPC: no space left on device, write
npm warn tar TAR_ENTRY_ERROR EBADF: bad file descriptor, write
npm warn tar TAR_ENTRY_ERROR ENOSPC: no space left on device, write
npm warn tar TAR_ENTRY_ERROR ENOENT: no such file or directory, lstat 'D:\PROJECTS\SimHPC\app\node_modules\@types\node\web-globals'
npm warn tar TAR_ENTRY_ERROR EBADF: bad file descriptor, write
npm warn tar TAR_ENTRY_ERROR ENOSPC: no space left on device, write
npm warn tar TAR_ENTRY_ERROR ENOSPC: no space left on device, write
npm warn tar TAR_ENTRY_ERROR ENOSPC: no space left on device, write
npm warn tar TAR_ENTRY_ERROR ENOSPC: no space left on device, write
npm warn tar TAR_ENTRY_ERROR ENOSPC: no space left on device, write
npm warn tar TAR_ENTRY_ERROR EBADF: bad file descriptor, write
npm warn tar TAR_ENTRY_ERROR ENOSPC: no space left on device, write
npm warn tar TAR_ENTRY_ERROR ENOSPC: no space left on device, write
npm warn tar TAR_ENTRY_ERROR EBADF: bad file descriptor, write
npm warn tar TAR_ENTRY_ERROR EBADF: bad file descriptor, write
npm warn tar TAR_ENTRY_ERROR ENOSPC: no space left on device, write
npm warn tar TAR_ENTRY_ERROR EBADF: bad file descriptor, write
npm warn tar TAR_ENTRY_ERROR ENOSPC: no space left on device, write
npm warn tar TAR_ENTRY_ERROR EBADF: bad file descriptor, write
npm warn tar TAR_ENTRY_ERROR EBADF: bad file descriptor, write
npm warn tar TAR_ENTRY_ERROR ENOSPC: no space left on device, write
npm warn tar TAR_ENTRY_ERROR ENOSPC: no space left on device, write
npm warn tar TAR_ENTRY_ERROR ENOSPC: no space left on device, write
npm warn tar TAR_ENTRY_ERROR ENOENT: no such file or directory, lstat 'D:\PROJECTS\SimHPC\app\node_modules\@types\node\web-globals'
npm warn tar TAR_ENTRY_ERROR EBADF: bad file descriptor, write
npm warn tar TAR_ENTRY_ERROR EBADF: bad file descriptor, write
npm warn tar TAR_ENTRY_ERROR EBADF: bad file descriptor, write
npm warn tar TAR_ENTRY_ERROR ENOSPC: no space left on device, write
npm warn tar TAR_ENTRY_ERROR ENOSPC: no space left on device, write
npm warn tar TAR_ENTRY_ERROR ENOENT: no such file or directory, lstat 'D:\PROJECTS\SimHPC\app\node_modules\motion-dom\dist\es\projection\geometry'
npm warn tar TAR_ENTRY_ERROR ENOSPC: no space left on device, write
npm warn tar TAR_ENTRY_ERROR ENOSPC: no space left on device, write
npm warn tar TAR_ENTRY_ERROR ENOSPC: no space left on device, write
npm warn tar TAR_ENTRY_ERROR EBADF: bad file descriptor, write
npm warn tar TAR_ENTRY_ERROR ENOSPC: no space left on device, write
npm warn tar TAR_ENTRY_ERROR ENOSPC: no space left on device, write
npm warn tar TAR_ENTRY_ERROR ENOSPC: no space left on device, write
npm warn tar TAR_ENTRY_ERROR EBADF: bad file descriptor, write
npm warn tar TAR_ENTRY_ERROR ENOENT: no such file or directory, lstat 'D:\PROJECTS\SimHPC\app\node_modules\@types\node\web-globals'
npm warn tar TAR_ENTRY_ERROR ENOSPC: no space left on device, write
npm warn tar TAR_ENTRY_ERROR ENOSPC: no space left on device, write
npm warn tar TAR_ENTRY_ERROR ENOSPC: no space left on device, write
npm warn tar TAR_ENTRY_ERROR ENOSPC: no space left on device, write
npm warn tar TAR_ENTRY_ERROR EBADF: bad file descriptor, write
npm warn tar TAR_ENTRY_ERROR ENOSPC: no space left on device, write
npm warn tar TAR_ENTRY_ERROR ENOSPC: no space left on device, write
npm warn tar TAR_ENTRY_ERROR EBADF: bad file descriptor, write
npm warn tar TAR_ENTRY_ERROR ENOSPC: no space left on device, write
npm warn tar TAR_ENTRY_ERROR ENOSPC: no space left on device, write
npm warn tar TAR_ENTRY_ERROR ENOSPC: no space left on device, write
npm warn tar TAR_ENTRY_ERROR ENOENT: no such file or directory, lstat 'D:\PROJECTS\SimHPC\app\node_modules\@types\node\web-globals'
npm warn tar TAR_ENTRY_ERROR ENOSPC: no space left on device, write
npm warn tar TAR_ENTRY_ERROR ENOSPC: no space left on device, write
npm warn tar TAR_ENTRY_ERROR ENOSPC: no space left on device, write
npm warn tar TAR_ENTRY_ERROR ENOSPC: no space left on device, write
npm warn tar TAR_ENTRY_ERROR ENOSPC: no space left on device, write
npm warn tar TAR_ENTRY_ERROR ENOSPC: no space left on device, write
npm warn tar TAR_ENTRY_ERROR ENOSPC: no space left on device, write
npm warn tar TAR_ENTRY_ERROR ENOSPC: no space left on device, write
npm warn tar TAR_ENTRY_ERROR ENOSPC: no space left on device, write
npm warn tar TAR_ENTRY_ERROR ENOSPC: no space left on device, write
npm warn tar TAR_ENTRY_ERROR ENOENT: no such file or directory, lstat 'D:\PROJECTS\SimHPC\app\node_modules\framer-motion\dist\es\animation\sequence'
npm warn tar TAR_ENTRY_ERROR ENOSPC: no space left on device, write
npm warn tar TAR_ENTRY_ERROR ENOSPC: no space left on device, write
npm warn tar TAR_ENTRY_ERROR ENOSPC: no space left on device, write
npm warn tar TAR_ENTRY_ERROR ENOSPC: no space left on device, write
npm warn tar TAR_ENTRY_ERROR ENOSPC: no space left on device, write
npm warn tar TAR_ENTRY_ERROR ENOSPC: no space left on device, write
npm warn tar TAR_ENTRY_ERROR ENOENT: no such file or directory, lstat 'D:\PROJECTS\SimHPC\app\node_modules\@types\node\web-globals'
npm warn tar TAR_ENTRY_ERROR EBADF: bad file descriptor, write
npm warn tar TAR_ENTRY_ERROR ENOSPC: no space left on device, write
npm warn tar TAR_ENTRY_ERROR ENOSPC: no space left on device, write
npm warn tar TAR_ENTRY_ERROR EBADF: bad file descriptor, write
npm warn tar TAR_ENTRY_ERROR ENOSPC: no space left on device, write
npm warn tar TAR_ENTRY_ERROR ENOSPC: no space left on device, write
npm warn tar TAR_ENTRY_ERROR ENOSPC: no space left on device, write
npm warn tar TAR_ENTRY_ERROR EBADF: bad file descriptor, write
npm warn tar TAR_ENTRY_ERROR ENOSPC: no space left on device, write
npm warn tar TAR_ENTRY_ERROR ENOENT: no such file or directory, lstat 'D:\PROJECTS\SimHPC\app\node_modules\motion-dom\dist\es\effects'
npm warn tar TAR_ENTRY_ERROR ENOSPC: no space left on device, write
npm warn tar TAR_ENTRY_ERROR EBADF: bad file descriptor, write
npm warn tar TAR_ENTRY_ERROR ENOENT: no such file or directory, lstat 'D:\PROJECTS\SimHPC\app\node_modules\@types\node\web-globals'
npm warn tar TAR_ENTRY_ERROR ENOSPC: no space left on device, write
npm warn tar TAR_ENTRY_ERROR ENOSPC: no space left on device, write
npm warn tar TAR_ENTRY_ERROR ENOSPC: no space left on device, write
npm warn tar TAR_ENTRY_ERROR ENOSPC: no space left on device, write
npm warn tar TAR_ENTRY_ERROR EBADF: bad file descriptor, write
npm warn tar TAR_ENTRY_ERROR ENOSPC: no space left on device, write
npm warn tar TAR_ENTRY_ERROR ENOSPC: no space left on device, write
npm warn tar TAR_ENTRY_ERROR ENOSPC: no space left on device, write
npm warn tar TAR_ENTRY_ERROR ENOSPC: no space left on device, write
npm warn tar TAR_ENTRY_ERROR ENOSPC: no space left on device, write
npm warn tar TAR_ENTRY_ERROR ENOSPC: no space left on device, write
npm warn tar TAR_ENTRY_ERROR ENOSPC: no space left on device, write
npm warn tar TAR_ENTRY_ERROR EBADF: bad file descriptor, write
npm warn tar TAR_ENTRY_ERROR ENOENT: no such file or directory, lstat 'D:\PROJECTS\SimHPC\app\node_modules\resolve\test\precedence\bbb'
npm warn tar TAR_ENTRY_ERROR EBADF: bad file descriptor, write
npm warn tar TAR_ENTRY_ERROR ENOSPC: no space left on device, write
npm warn tar TAR_ENTRY_ERROR EBADF: bad file descriptor, write
npm warn tar TAR_ENTRY_ERROR ENOENT: no such file or directory, lstat 'D:\PROJECTS\SimHPC\app\node_modules\@types\node\web-globals'
npm warn tar TAR_ENTRY_ERROR ENOSPC: no space left on device, write
npm warn tar TAR_ENTRY_ERROR ENOSPC: no space left on device, write
npm warn tar TAR_ENTRY_ERROR ENOSPC: no space left on device, write
npm warn tar TAR_ENTRY_ERROR EBADF: bad file descriptor, write
npm warn tar TAR_ENTRY_ERROR EBADF: bad file descriptor, write
npm warn tar TAR_ENTRY_ERROR EBADF: bad file descriptor, write
npm warn tar TAR_ENTRY_ERROR EBADF: bad file descriptor, write
npm warn tar TAR_ENTRY_ERROR ENOSPC: no space left on device, write
npm warn tar TAR_ENTRY_ERROR ENOSPC: no space left on device, write
npm warn tar TAR_ENTRY_ERROR ENOSPC: no space left on device, write
npm warn tar TAR_ENTRY_ERROR ENOSPC: no space left on device, write
npm warn tar TAR_ENTRY_ERROR ENOSPC: no space left on device, write
npm warn tar TAR_ENTRY_ERROR ENOENT: no such file or directory, lstat 'D:\PROJECTS\SimHPC\app\node_modules\@types\node\ts5.6'
npm warn tar TAR_ENTRY_ERROR ENOSPC: no space left on device, write
npm warn tar TAR_ENTRY_ERROR ENOSPC: no space left on device, write
npm warn tar TAR_ENTRY_ERROR ENOSPC: no space left on device, write
npm warn tar TAR_ENTRY_ERROR ENOSPC: no space left on device, write
npm warn tar TAR_ENTRY_ERROR EBADF: bad file descriptor, write
npm warn tar TAR_ENTRY_ERROR ENOSPC: no space left on device, write
npm warn tar TAR_ENTRY_ERROR ENOSPC: no space left on device, write
npm warn tar TAR_ENTRY_ERROR ENOENT: no such file or directory, lstat 'D:\PROJECTS\SimHPC\app\node_modules\@babel\traverse\lib\scope'
npm warn tar TAR_ENTRY_ERROR ENOSPC: no space left on device, write
npm warn tar TAR_ENTRY_ERROR ENOSPC: no space left on device, write
npm warn tar TAR_ENTRY_ERROR ENOSPC: no space left on device, write
npm warn tar TAR_ENTRY_ERROR ENOENT: no such file or directory, lstat 'D:\PROJECTS\SimHPC\app\node_modules\framer-motion\dist\es\animation\sequence'
npm warn tar TAR_ENTRY_ERROR EBADF: bad file descriptor, write
npm warn tar TAR_ENTRY_ERROR ENOSPC: no space left on device, write
npm warn tar TAR_ENTRY_ERROR ENOENT: no such file or directory, lstat 'D:\PROJECTS\SimHPC\app\node_modules\motion-dom\dist\es\effects'
npm warn tar TAR_ENTRY_ERROR ENOSPC: no space left on device, write
npm warn tar TAR_ENTRY_ERROR ENOENT: no such file or directory, lstat 'D:\PROJECTS\SimHPC\app\node_modules\@types\node\ts5.7'
npm warn tar TAR_ENTRY_ERROR ENOSPC: no space left on device, write
npm warn tar TAR_ENTRY_ERROR ENOSPC: no space left on device, write
npm warn tar TAR_ENTRY_ERROR ENOSPC: no space left on device, write
npm warn tar TAR_ENTRY_ERROR EBADF: bad file descriptor, write
npm warn tar TAR_ENTRY_ERROR ENOSPC: no space left on device, write
npm warn tar TAR_ENTRY_ERROR EBADF: bad file descriptor, write
npm warn tar TAR_ENTRY_ERROR ENOSPC: no space left on device, write
npm warn tar TAR_ENTRY_ERROR ENOSPC: no space left on device, write
npm warn tar TAR_ENTRY_ERROR ENOSPC: no space left on device, write
npm warn tar TAR_ENTRY_ERROR ENOSPC: no space left on device, write
npm warn tar TAR_ENTRY_ERROR ENOSPC: no space left on device, write
npm warn tar TAR_ENTRY_ERROR ENOENT: no such file or directory, lstat 'D:\PROJECTS\SimHPC\app\node_modules\resolve\test\resolver\without_basedir'
npm warn tar TAR_ENTRY_ERROR EBADF: bad file descriptor, write
npm warn tar TAR_ENTRY_ERROR ENOSPC: no space left on device, write
npm warn tar TAR_ENTRY_ERROR ENOSPC: no space left on device, write
npm warn tar TAR_ENTRY_ERROR ENOSPC: no space left on device, write
npm warn tar TAR_ENTRY_ERROR EBADF: bad file descriptor, write
npm warn tar TAR_ENTRY_ERROR ENOSPC: no space left on device, write
npm warn tar TAR_ENTRY_ERROR ENOSPC: no space left on device, write
npm warn tar TAR_ENTRY_ERROR EBADF: bad file descriptor, write
npm warn tar TAR_ENTRY_ERROR ENOENT: no such file or directory, lstat 'D:\PROJECTS\SimHPC\app\node_modules\@babel\traverse\lib\scope'
npm warn tar TAR_ENTRY_ERROR ENOSPC: no space left on device, write
npm warn tar TAR_ENTRY_ERROR ENOSPC: no space left on device, write
npm warn tar TAR_ENTRY_ERROR EBADF: bad file descriptor, write
npm warn tar TAR_ENTRY_ERROR ENOSPC: no space left on device, write
npm warn tar TAR_ENTRY_ERROR ENOSPC: no space left on device, write
npm warn tar TAR_ENTRY_ERROR ENOSPC: no space left on device, write
npm warn tar TAR_ENTRY_ERROR EBADF: bad file descriptor, write
npm warn tar TAR_ENTRY_ERROR ENOSPC: no space left on device, write
npm warn tar TAR_ENTRY_ERROR ENOSPC: no space left on device, write
npm warn tar TAR_ENTRY_ERROR ENOSPC: no space left on device, write
npm warn tar TAR_ENTRY_ERROR EBADF: bad file descriptor, write
npm warn tar TAR_ENTRY_ERROR ENOSPC: no space left on device, write
npm warn tar TAR_ENTRY_ERROR ENOSPC: no space left on device, write
npm warn tar TAR_ENTRY_ERROR ENOSPC: no space left on device, write
npm warn tar TAR_ENTRY_ERROR ENOSPC: no space left on device, write
npm warn tar TAR_ENTRY_ERROR ENOSPC: no space left on device, write
npm warn tar TAR_ENTRY_ERROR EBADF: bad file descriptor, write
npm warn tar TAR_ENTRY_ERROR ENOSPC: no space left on device, write
npm warn tar TAR_ENTRY_ERROR EBADF: bad file descriptor, write
npm warn tar TAR_ENTRY_ERROR EBADF: bad file descriptor, write
npm warn tar TAR_ENTRY_ERROR ENOSPC: no space left on device, write
npm warn tar TAR_ENTRY_ERROR ENOSPC: no space left on device, write
npm warn tar TAR_ENTRY_ERROR ENOSPC: no space left on device, write
npm warn tar TAR_ENTRY_ERROR EBADF: bad file descriptor, write
npm warn tar TAR_ENTRY_ERROR ENOSPC: no space left on device, write
npm warn tar TAR_ENTRY_ERROR ENOSPC: no space left on device, write
npm warn tar TAR_ENTRY_ERROR EBADF: bad file descriptor, write
npm warn tar TAR_ENTRY_ERROR ENOSPC: no space left on device, write
npm warn tar TAR_ENTRY_ERROR ENOSPC: no space left on device, write
npm warn tar TAR_ENTRY_ERROR ENOSPC: no space left on device, write
npm warn tar TAR_ENTRY_ERROR ENOSPC: no space left on device, write
npm warn tar TAR_ENTRY_ERROR ENOENT: no such file or directory, lstat 'D:\PROJECTS\SimHPC\app\node_modules\@babel\traverse\lib\scope'
npm warn tar TAR_ENTRY_ERROR EBADF: bad file descriptor, write
npm warn tar TAR_ENTRY_ERROR ENOSPC: no space left on device, write
npm warn tar TAR_ENTRY_ERROR ENOSPC: no space left on device, write
npm warn tar TAR_ENTRY_ERROR ENOSPC: no space left on device, write
npm warn tar TAR_ENTRY_ERROR ENOSPC: no space left on device, write
npm warn tar TAR_ENTRY_ERROR ENOSPC: no space left on device, write
npm warn tar TAR_ENTRY_ERROR ENOSPC: no space left on device, write
npm warn tar TAR_ENTRY_ERROR ENOSPC: no space left on device, write
npm warn tar TAR_ENTRY_ERROR ENOSPC: no space left on device, write
npm warn tar TAR_ENTRY_ERROR ENOSPC: no space left on device, write
npm warn tar TAR_ENTRY_ERROR ENOSPC: no space left on device, write
npm warn tar TAR_ENTRY_ERROR ENOSPC: no space left on device, write
npm warn tar TAR_ENTRY_ERROR EBADF: bad file descriptor, write
npm warn tar TAR_ENTRY_ERROR ENOSPC: no space left on device, write
npm warn tar TAR_ENTRY_ERROR ENOSPC: no space left on device, write
npm warn tar TAR_ENTRY_ERROR ENOSPC: no space left on device, write
npm warn tar TAR_ENTRY_ERROR ENOSPC: no space left on device, write
npm warn tar TAR_ENTRY_ERROR EBADF: bad file descriptor, write
npm warn tar TAR_ENTRY_ERROR ENOSPC: no space left on device, write
npm warn tar TAR_ENTRY_ERROR ENOSPC: no space left on device, write
npm warn tar TAR_ENTRY_ERROR ENOSPC: no space left on device, write
npm warn tar TAR_ENTRY_ERROR ENOENT: no such file or directory, lstat 'D:\PROJECTS\SimHPC\app\node_modules\@babel\traverse\lib\scope'
npm warn tar TAR_ENTRY_ERROR ENOSPC: no space left on device, write
npm warn tar TAR_ENTRY_ERROR ENOSPC: no space left on device, write
npm warn tar TAR_ENTRY_ERROR ENOSPC: no space left on device, write
npm warn tar TAR_ENTRY_ERROR EBADF: bad file descriptor, write
npm warn tar TAR_ENTRY_ERROR ENOSPC: no space left on device, write
npm warn tar TAR_ENTRY_ERROR ENOSPC: no space left on device, write
npm warn tar TAR_ENTRY_ERROR ENOSPC: no space left on device, write
npm warn tar TAR_ENTRY_ERROR ENOSPC: no space left on device, write
npm warn tar TAR_ENTRY_ERROR ENOENT: no such file or directory, lstat 'D:\PROJECTS\SimHPC\app\node_modules\framer-motion\dist\es\render\dom\scroll\utils'
npm warn tar TAR_ENTRY_ERROR ENOSPC: no space left on device, write
npm warn tar TAR_ENTRY_ERROR EBADF: bad file descriptor, write
npm warn tar TAR_ENTRY_ERROR ENOSPC: no space left on device, write
npm warn tar TAR_ENTRY_ERROR EBADF: bad file descriptor, write
npm warn tar TAR_ENTRY_ERROR ENOSPC: no space left on device, write
npm warn tar TAR_ENTRY_ERROR ENOSPC: no space left on device, write
npm warn tar TAR_ENTRY_ERROR ENOSPC: no space left on device, write
npm warn tar TAR_ENTRY_ERROR EBADF: bad file descriptor, write
npm warn tar TAR_ENTRY_ERROR ENOENT: no such file or directory, lstat 'D:\PROJECTS\SimHPC\app\node_modules\typescript\lib\cs'
npm warn tar TAR_ENTRY_ERROR ENOSPC: no space left on device, write
npm warn tar TAR_ENTRY_ERROR ENOSPC: no space left on device, write
npm warn tar TAR_ENTRY_ERROR EBADF: bad file descriptor, write
npm warn tar TAR_ENTRY_ERROR EBADF: bad file descriptor, write
npm warn tar TAR_ENTRY_ERROR ENOSPC: no space left on device, write
npm warn tar TAR_ENTRY_ERROR ENOSPC: no space left on device, write
npm warn tar TAR_ENTRY_ERROR ENOSPC: no space left on device, write
npm warn tar TAR_ENTRY_ERROR ENOSPC: no space left on device, write
npm warn tar TAR_ENTRY_ERROR ENOSPC: no space left on device, write
npm warn tar TAR_ENTRY_ERROR EBADF: bad file descriptor, write
npm warn tar TAR_ENTRY_ERROR ENOENT: no such file or directory, lstat 'D:\PROJECTS\SimHPC\app\node_modules\@babel\traverse\lib\scope'
npm warn tar TAR_ENTRY_ERROR ENOSPC: no space left on device, write
npm warn tar TAR_ENTRY_ERROR ENOSPC: no space left on device, write
npm warn tar TAR_ENTRY_ERROR ENOSPC: no space left on device, write
npm warn tar TAR_ENTRY_ERROR EBADF: bad file descriptor, write
npm warn tar TAR_ENTRY_ERROR ENOSPC: no space left on device, write
npm warn tar TAR_ENTRY_ERROR ENOSPC: no space left on device, write
npm warn tar TAR_ENTRY_ERROR ENOSPC: no space left on device, write
npm warn tar TAR_ENTRY_ERROR ENOSPC: no space left on device, write
npm warn tar TAR_ENTRY_ERROR ENOSPC: no space left on device, write
npm warn tar TAR_ENTRY_ERROR ENOSPC: no space left on device, write
npm warn tar TAR_ENTRY_ERROR ENOSPC: no space left on device, write
npm warn tar TAR_ENTRY_ERROR ENOSPC: no space left on device, write
npm warn tar TAR_ENTRY_ERROR ENOSPC: no space left on device, write
npm warn tar TAR_ENTRY_ERROR ENOENT: no such file or directory, lstat 'D:\PROJECTS\SimHPC\app\node_modules\date-fns\fp\_lib'
npm warn tar TAR_ENTRY_ERROR ENOSPC: no space left on device, write
npm warn tar TAR_ENTRY_ERROR EBADF: bad file descriptor, write
npm warn tar TAR_ENTRY_ERROR ENOSPC: no space left on device, write
npm warn tar TAR_ENTRY_ERROR ENOSPC: no space left on device, write
npm warn tar TAR_ENTRY_ERROR EBADF: bad file descriptor, write
npm warn tar TAR_ENTRY_ERROR ENOENT: no such file or directory, lstat 'D:\PROJECTS\SimHPC\app\node_modules\typescript\lib\de'
npm warn tar TAR_ENTRY_ERROR ENOSPC: no space left on device, write
npm warn tar TAR_ENTRY_ERROR EBADF: bad file descriptor, write
npm warn tar TAR_ENTRY_ERROR EBADF: bad file descriptor, write
npm warn tar TAR_ENTRY_ERROR ENOSPC: no space left on device, write
npm warn tar TAR_ENTRY_ERROR ENOSPC: no space left on device, write
npm warn tar TAR_ENTRY_ERROR ENOSPC: no space left on device, write
npm warn tar TAR_ENTRY_ERROR ENOSPC: no space left on device, write
npm warn tar TAR_ENTRY_ERROR ENOENT: no such file or directory, lstat 'D:\PROJECTS\SimHPC\app\node_modules\@babel\traverse\lib\scope'
npm warn tar TAR_ENTRY_ERROR ENOSPC: no space left on device, write
npm warn tar TAR_ENTRY_ERROR ENOSPC: no space left on device, write
npm warn tar TAR_ENTRY_ERROR ENOSPC: no space left on device, write
npm warn tar TAR_ENTRY_ERROR ENOSPC: no space left on device, write
npm warn tar TAR_ENTRY_ERROR ENOSPC: no space left on device, write
npm warn tar TAR_ENTRY_ERROR EBADF: bad file descriptor, write
npm warn tar TAR_ENTRY_ERROR ENOSPC: no space left on device, write
npm warn tar TAR_ENTRY_ERROR ENOENT: no such file or directory, lstat 'D:\PROJECTS\SimHPC\app\node_modules\framer-motion\dist\es\components\Reorder'
npm warn tar TAR_ENTRY_ERROR ENOSPC: no space left on device, write
npm warn tar TAR_ENTRY_ERROR ENOSPC: no space left on device, write
npm warn tar TAR_ENTRY_ERROR ENOSPC: no space left on device, write
npm warn tar TAR_ENTRY_ERROR ENOSPC: no space left on device, write
npm warn tar TAR_ENTRY_ERROR ENOENT: no such file or directory, lstat 'D:\PROJECTS\SimHPC\app\node_modules\typescript\lib\es'
npm warn tar TAR_ENTRY_ERROR ENOSPC: no space left on device, write
npm warn tar TAR_ENTRY_ERROR EBADF: bad file descriptor, write
npm warn tar TAR_ENTRY_ERROR ENOSPC: no space left on device, write
npm warn tar TAR_ENTRY_ERROR ENOSPC: no space left on device, write
npm warn tar TAR_ENTRY_ERROR ENOSPC: no space left on device, write
npm warn tar TAR_ENTRY_ERROR EBADF: bad file descriptor, write
npm warn tar TAR_ENTRY_ERROR ENOENT: no such file or directory, lstat 'D:\PROJECTS\SimHPC\app\node_modules\motion-dom\dist\es\projection\node'
npm warn tar TAR_ENTRY_ERROR ENOSPC: no space left on device, write
npm warn tar TAR_ENTRY_ERROR EBADF: bad file descriptor, lstat 'D:\PROJECTS\SimHPC\app\node_modules\ajv\lib'
npm warn tar TAR_ENTRY_ERROR ENOSPC: no space left on device, write
npm warn tar TAR_ENTRY_ERROR EBADF: bad file descriptor, lstat 'D:\PROJECTS\SimHPC\app\node_modules\react-router\dist\production'
npm warn tar TAR_ENTRY_ERROR ENOSPC: no space left on device, write
npm warn tar TAR_ENTRY_ERROR ENOSPC: no space left on device, write
npm warn tar TAR_ENTRY_ERROR ENOSPC: no space left on device, write
npm warn tar TAR_ENTRY_ERROR ENOSPC: no space left on device, write
npm warn tar TAR_ENTRY_ERROR ENOSPC: no space left on device, write
npm warn tar TAR_ENTRY_ERROR ENOSPC: no space left on device, write
npm warn tar TAR_ENTRY_ERROR ENOENT: no such file or directory, lstat 'D:\PROJECTS\SimHPC\app\node_modules\@babel\traverse\lib\scope'
npm warn tar TAR_ENTRY_ERROR ENOSPC: no space left on device, write
npm warn tar TAR_ENTRY_ERROR ENOSPC: no space left on device, write
npm warn tar TAR_ENTRY_ERROR ENOSPC: no space left on device, write
npm warn tar TAR_ENTRY_ERROR EBADF: bad file descriptor, close
npm warn tar TAR_ENTRY_ERROR EBADF: bad file descriptor, write
npm warn tar TAR_ENTRY_ERROR ENOENT: no such file or directory, lstat 'D:\PROJECTS\SimHPC\app\node_modules\sucrase\dist\esm\parser\plugins\jsx'
npm warn tar TAR_ENTRY_ERROR ENOSPC: no space left on device, write
npm warn tar TAR_ENTRY_ERROR ENOSPC: no space left on device, write
npm warn tar TAR_ENTRY_ERROR EBADF: bad file descriptor, write
npm warn tar TAR_ENTRY_ERROR ENOSPC: no space left on device, write
npm warn tar TAR_ENTRY_ERROR ENOSPC: no space left on device, write
npm warn tar TAR_ENTRY_ERROR ENOSPC: no space left on device, write
npm warn tar TAR_ENTRY_ERROR ENOENT: no such file or directory, lstat 'D:\PROJECTS\SimHPC\app\node_modules\typescript\lib\fr'
npm warn tar TAR_ENTRY_ERROR ENOSPC: no space left on device, write
npm warn tar TAR_ENTRY_ERROR ENOSPC: no space left on device, write
npm warn tar TAR_ENTRY_ERROR ENOSPC: no space left on device, write
npm warn tar TAR_ENTRY_ERROR ENOSPC: no space left on device, write
npm warn tar TAR_ENTRY_ERROR ENOSPC: no space left on device, write
npm warn tar TAR_ENTRY_ERROR ENOSPC: no space left on device, write
npm warn tar TAR_ENTRY_ERROR ENOSPC: no space left on device, write
npm warn tar TAR_ENTRY_ERROR ENOSPC: no space left on device, write
npm warn tar TAR_ENTRY_ERROR EBADF: bad file descriptor, write
npm warn tar TAR_ENTRY_ERROR ENOSPC: no space left on device, write
npm warn tar TAR_ENTRY_ERROR EBADF: bad file descriptor, write
npm warn tar TAR_ENTRY_ERROR ENOSPC: no space left on device, write
npm warn tar TAR_ENTRY_ERROR ENOSPC: no space left on device, write
npm warn tar TAR_ENTRY_ERROR EBADF: bad file descriptor, write
npm warn tar TAR_ENTRY_ERROR EBADF: bad file descriptor, write
npm warn tar TAR_ENTRY_ERROR ENOSPC: no space left on device, write
npm warn tar TAR_ENTRY_ERROR ENOENT: no such file or directory, lstat 'D:\PROJECTS\SimHPC\app\node_modules\@babel\traverse\lib\scope'
npm warn tar TAR_ENTRY_ERROR EBADF: bad file descriptor, write
npm warn tar TAR_ENTRY_ERROR ENOSPC: no space left on device, write
npm warn tar TAR_ENTRY_ERROR ENOSPC: no space left on device, write
npm warn tar TAR_ENTRY_ERROR ENOSPC: no space left on device, write
npm warn tar TAR_ENTRY_ERROR ENOSPC: no space left on device, write
npm warn tar TAR_ENTRY_ERROR ENOSPC: no space left on device, write
npm warn tar TAR_ENTRY_ERROR ENOSPC: no space left on device, write
npm warn tar TAR_ENTRY_ERROR EBADF: bad file descriptor, lstat 'D:\PROJECTS\SimHPC\app\node_modules\@babel\runtime\helpers'
npm warn tar TAR_ENTRY_ERROR EBADF: bad file descriptor, write
npm warn tar TAR_ENTRY_ERROR ENOSPC: no space left on device, write
npm warn tar TAR_ENTRY_ERROR ENOENT: no such file or directory, lstat 'D:\PROJECTS\SimHPC\app\node_modules\typescript\lib\it'
npm warn tar TAR_ENTRY_ERROR EBADF: bad file descriptor, write
npm warn tar TAR_ENTRY_ERROR ENOSPC: no space left on device, write
npm warn tar TAR_ENTRY_ERROR ENOSPC: no space left on device, write
npm warn tar TAR_ENTRY_ERROR ENOSPC: no space left on device, write
npm warn tar TAR_ENTRY_ERROR ENOSPC: no space left on device, write
npm warn tar TAR_ENTRY_ERROR ENOSPC: no space left on device, write
npm warn tar TAR_ENTRY_ERROR ENOSPC: no space left on device, write
npm warn tar TAR_ENTRY_ERROR EBADF: bad file descriptor, write
npm warn tar TAR_ENTRY_ERROR ENOSPC: no space left on device, write
npm warn tar TAR_ENTRY_ERROR EBADF: bad file descriptor, write
npm warn tar TAR_ENTRY_ERROR ENOSPC: no space left on device, write
npm warn tar TAR_ENTRY_ERROR ENOSPC: no space left on device, write
npm warn tar TAR_ENTRY_ERROR ENOSPC: no space left on device, write
npm warn tar TAR_ENTRY_ERROR ENOSPC: no space left on device, write
npm warn tar TAR_ENTRY_ERROR ENOSPC: no space left on device, write
npm warn tar TAR_ENTRY_ERROR ENOSPC: no space left on device, write
npm warn tar TAR_ENTRY_ERROR ENOENT: no such file or directory, lstat 'D:\PROJECTS\SimHPC\app\node_modules\react-day-picker\dist\cjs\components'
npm warn tar TAR_ENTRY_ERROR ENOENT: no such file or directory, lstat 'D:\PROJECTS\SimHPC\app\node_modules\sucrase\dist\esm\parser\tokenizer'
npm warn tar TAR_ENTRY_ERROR EBADF: bad file descriptor, write
npm warn tar TAR_ENTRY_ERROR ENOSPC: no space left on device, write
npm warn tar TAR_ENTRY_ERROR ENOSPC: no space left on device, write
npm warn tar TAR_ENTRY_ERROR EBADF: bad file descriptor, write
npm warn tar TAR_ENTRY_ERROR EBADF: bad file descriptor, write
npm warn tar TAR_ENTRY_ERROR ENOSPC: no space left on device, write
npm warn tar TAR_ENTRY_ERROR EBADF: bad file descriptor, write
npm warn tar TAR_ENTRY_ERROR ENOSPC: no space left on device, write
npm warn tar TAR_ENTRY_ERROR ENOENT: no such file or directory, lstat 'D:\PROJECTS\SimHPC\app\node_modules\typescript\lib\ja'
npm warn tar TAR_ENTRY_ERROR EBADF: bad file descriptor, write
npm warn tar TAR_ENTRY_ERROR ENOSPC: no space left on device, write
npm warn tar TAR_ENTRY_ERROR ENOSPC: no space left on device, write
npm warn tar TAR_ENTRY_ERROR ENOSPC: no space left on device, write
npm warn tar TAR_ENTRY_ERROR ENOSPC: no space left on device, write
npm warn tar TAR_ENTRY_ERROR ENOSPC: no space left on device, write
npm warn tar TAR_ENTRY_ERROR ENOSPC: no space left on device, write
npm warn tar TAR_ENTRY_ERROR ENOSPC: no space left on device, write
npm warn tar TAR_ENTRY_ERROR ENOSPC: no space left on device, write
npm warn tar TAR_ENTRY_ERROR ENOSPC: no space left on device, write
npm warn tar TAR_ENTRY_ERROR ENOSPC: no space left on device, write
npm warn tar TAR_ENTRY_ERROR ENOSPC: no space left on device, write
npm warn tar TAR_ENTRY_ERROR EBADF: bad file descriptor, write
npm warn tar TAR_ENTRY_ERROR ENOSPC: no space left on device, write
npm warn tar TAR_ENTRY_ERROR ENOSPC: no space left on device, write
npm warn tar TAR_ENTRY_ERROR EBADF: bad file descriptor, write
npm warn tar TAR_ENTRY_ERROR ENOSPC: no space left on device, write
npm warn tar TAR_ENTRY_ERROR ENOSPC: no space left on device, write
npm warn tar TAR_ENTRY_ERROR ENOSPC: no space left on device, write
npm warn tar TAR_ENTRY_ERROR EBADF: bad file descriptor, write
npm warn tar TAR_ENTRY_ERROR EBADF: bad file descriptor, write
npm warn tar TAR_ENTRY_ERROR ENOSPC: no space left on device, write
npm warn tar TAR_ENTRY_ERROR ENOSPC: no space left on device, write
npm warn tar TAR_ENTRY_ERROR ENOSPC: no space left on device, write
npm warn tar TAR_ENTRY_ERROR ENOSPC: no space left on device, write
npm warn tar TAR_ENTRY_ERROR EBADF: bad file descriptor, write
npm warn tar TAR_ENTRY_ERROR ENOSPC: no space left on device, write
npm warn tar TAR_ENTRY_ERROR EBADF: bad file descriptor, write
npm warn tar TAR_ENTRY_ERROR EBADF: bad file descriptor, write
npm warn tar TAR_ENTRY_ERROR ENOSPC: no space left on device, write
npm warn tar TAR_ENTRY_ERROR ENOENT: no such file or directory, lstat 'D:\PROJECTS\SimHPC\app\node_modules\typescript\lib\ko'
npm warn tar TAR_ENTRY_ERROR ENOSPC: no space left on device, write
npm warn tar TAR_ENTRY_ERROR ENOSPC: no space left on device, write
npm warn tar TAR_ENTRY_ERROR ENOENT: no such file or directory, lstat 'D:\PROJECTS\SimHPC\app\node_modules\react-day-picker\dist\esm\components'
npm warn tar TAR_ENTRY_ERROR ENOSPC: no space left on device, write
npm warn tar TAR_ENTRY_ERROR ENOENT: no such file or directory, lstat 'D:\PROJECTS\SimHPC\app\node_modules\victory-vendor\lib-vendor\d3-color\src'
npm warn tar TAR_ENTRY_ERROR EBADF: bad file descriptor, write
npm warn tar TAR_ENTRY_ERROR EPERM: operation not permitted, write
npm warn tar TAR_ENTRY_ERROR ENOSPC: no space left on device, write
npm warn tar TAR_ENTRY_ERROR ENOSPC: no space left on device, write
npm warn tar TAR_ENTRY_ERROR ENOSPC: no space left on device, write
npm warn tar TAR_ENTRY_ERROR ENOSPC: no space left on device, write
npm warn tar TAR_ENTRY_ERROR ENOSPC: no space left on device, write
npm warn tar TAR_ENTRY_ERROR ENOSPC: no space left on device, write
npm warn tar TAR_ENTRY_ERROR ENOSPC: no space left on device, write
npm warn tar TAR_ENTRY_ERROR ENOSPC: no space left on device, write
npm warn tar TAR_ENTRY_ERROR ENOSPC: no space left on device, write
npm warn tar TAR_ENTRY_ERROR ENOENT: no such file or directory, lstat 'D:\PROJECTS\SimHPC\app\node_modules\ajv\lib\refs'
npm warn tar TAR_ENTRY_ERROR ENOSPC: no space left on device, write
npm warn tar TAR_ENTRY_ERROR EBADF: bad file descriptor, write
npm warn tar TAR_ENTRY_ERROR ENOENT: no such file or directory, lstat 'D:\PROJECTS\SimHPC\app\node_modules\framer-motion\dist\es\gestures'
npm warn tar TAR_ENTRY_ERROR ENOSPC: no space left on device, write
npm warn tar TAR_ENTRY_ERROR EBADF: bad file descriptor, write
npm warn tar TAR_ENTRY_ERROR ENOSPC: no space left on device, write
npm warn tar TAR_ENTRY_ERROR ENOSPC: no space left on device, write
npm warn tar TAR_ENTRY_ERROR ENOSPC: no space left on device, write
npm warn tar TAR_ENTRY_ERROR ENOENT: no such file or directory, lstat 'D:\PROJECTS\SimHPC\app\node_modules\typescript\lib\pl'
npm warn tar TAR_ENTRY_ERROR ENOSPC: no space left on device, write
npm warn tar TAR_ENTRY_ERROR ENOENT: no such file or directory, lstat 'D:\PROJECTS\SimHPC\app\node_modules\@babel\types\lib\constants'
npm warn tar TAR_ENTRY_ERROR EBADF: bad file descriptor, write
npm warn tar TAR_ENTRY_ERROR EBADF: bad file descriptor, write
npm warn tar TAR_ENTRY_ERROR EBADF: bad file descriptor, write
npm warn tar TAR_ENTRY_ERROR ENOSPC: no space left on device, write
npm warn tar TAR_ENTRY_ERROR EBADF: bad file descriptor, write
npm warn tar TAR_ENTRY_ERROR EBADF: bad file descriptor, write
npm warn tar TAR_ENTRY_ERROR ENOSPC: no space left on device, write
npm warn tar TAR_ENTRY_ERROR ENOSPC: no space left on device, write
npm warn tar TAR_ENTRY_ERROR ENOSPC: no space left on device, write
npm warn tar TAR_ENTRY_ERROR EBADF: bad file descriptor, write
npm warn tar TAR_ENTRY_ERROR ENOSPC: no space left on device, write
npm warn tar TAR_ENTRY_ERROR EBADF: bad file descriptor, write
npm warn tar TAR_ENTRY_ERROR ENOSPC: no space left on device, write
npm warn tar TAR_ENTRY_ERROR ENOSPC: no space left on device, write
npm warn tar TAR_ENTRY_ERROR ENOSPC: no space left on device, write
npm warn tar TAR_ENTRY_ERROR EBADF: bad file descriptor, write
npm warn tar TAR_ENTRY_ERROR ENOSPC: no space left on device, write
npm warn tar TAR_ENTRY_ERROR EBADF: bad file descriptor, write
npm warn tar TAR_ENTRY_ERROR ENOENT: no such file or directory, lstat 'D:\PROJECTS\SimHPC\app\node_modules\ajv\lib\refs'
npm warn tar TAR_ENTRY_ERROR EBADF: bad file descriptor, write
npm warn tar TAR_ENTRY_ERROR EBADF: bad file descriptor, write
npm warn tar TAR_ENTRY_ERROR EBADF: bad file descriptor, write
npm warn tar TAR_ENTRY_ERROR EBADF: bad file descriptor, write
npm warn tar TAR_ENTRY_ERROR ENOSPC: no space left on device, write
npm warn tar TAR_ENTRY_ERROR ENOENT: no such file or directory, lstat 'D:\PROJECTS\SimHPC\app\node_modules\typescript\lib\pt-br'
npm warn tar TAR_ENTRY_ERROR ENOSPC: no space left on device, write
npm warn tar TAR_ENTRY_ERROR ENOENT: no such file or directory, lstat 'D:\PROJECTS\SimHPC\app\node_modules\@babel\types\lib\constants'
npm warn tar TAR_ENTRY_ERROR ENOSPC: no space left on device, write
npm warn tar TAR_ENTRY_ERROR ENOSPC: no space left on device, write
npm warn tar TAR_ENTRY_ERROR ENOSPC: no space left on device, write
npm warn tar TAR_ENTRY_ERROR EBADF: bad file descriptor, lstat 'D:\PROJECTS\SimHPC\app\node_modules\@babel\core\lib\config'
npm warn tar TAR_ENTRY_ERROR EBADF: bad file descriptor, write
npm warn tar TAR_ENTRY_ERROR ENOSPC: no space left on device, write
npm warn tar TAR_ENTRY_ERROR ENOSPC: no space left on device, write
npm warn tar TAR_ENTRY_ERROR EBADF: bad file descriptor, write
npm warn tar TAR_ENTRY_ERROR ENOSPC: no space left on device, write
npm warn tar TAR_ENTRY_ERROR ENOSPC: no space left on device, write
npm warn tar TAR_ENTRY_ERROR EBADF: bad file descriptor, write
npm warn tar TAR_ENTRY_ERROR ENOSPC: no space left on device, write
npm warn tar TAR_ENTRY_ERROR ENOSPC: no space left on device, write
npm warn tar TAR_ENTRY_ERROR ENOSPC: no space left on device, write
npm warn tar TAR_ENTRY_ERROR ENOSPC: no space left on device, write
npm warn tar TAR_ENTRY_ERROR EBADF: bad file descriptor, write
npm warn tar TAR_ENTRY_ERROR ENOENT: no such file or directory, lstat 'D:\PROJECTS\SimHPC\app\node_modules\ajv\lib\refs'
npm warn tar TAR_ENTRY_ERROR EBADF: bad file descriptor, write
npm warn tar TAR_ENTRY_ERROR ENOENT: no such file or directory, lstat 'D:\PROJECTS\SimHPC\app\node_modules\framer-motion\dist\es\render\components'
npm warn tar TAR_ENTRY_ERROR ENOSPC: no space left on device, write
npm warn tar TAR_ENTRY_ERROR EBADF: bad file descriptor, write
npm warn tar TAR_ENTRY_ERROR EBADF: bad file descriptor, write
npm warn tar TAR_ENTRY_ERROR EBADF: bad file descriptor, write
npm warn tar TAR_ENTRY_ERROR ENOSPC: no space left on device, write
npm warn tar TAR_ENTRY_ERROR ENOSPC: no space left on device, write
npm warn tar TAR_ENTRY_ERROR ENOSPC: no space left on device, write
npm warn tar TAR_ENTRY_ERROR ENOENT: no such file or directory, lstat 'D:\PROJECTS\SimHPC\app\node_modules\typescript\lib\ru'
npm warn tar TAR_ENTRY_ERROR ENOSPC: no space left on device, write
npm warn tar TAR_ENTRY_ERROR ENOENT: no such file or directory, lstat 'D:\PROJECTS\SimHPC\app\node_modules\@babel\types\lib\constants'
npm warn tar TAR_ENTRY_ERROR ENOSPC: no space left on device, write
npm warn tar TAR_ENTRY_ERROR ENOSPC: no space left on device, write
npm warn tar TAR_ENTRY_ERROR EBADF: bad file descriptor, write
npm warn tar TAR_ENTRY_ERROR ENOSPC: no space left on device, write
npm warn tar TAR_ENTRY_ERROR EBADF: bad file descriptor, write
npm warn tar TAR_ENTRY_ERROR ENOSPC: no space left on device, write
npm warn tar TAR_ENTRY_ERROR ENOSPC: no space left on device, write
npm warn tar TAR_ENTRY_ERROR ENOSPC: no space left on device, write
npm warn tar TAR_ENTRY_ERROR ENOSPC: no space left on device, write
npm warn tar TAR_ENTRY_ERROR ENOSPC: no space left on device, write
npm warn tar TAR_ENTRY_ERROR ENOSPC: no space left on device, write
npm warn tar TAR_ENTRY_ERROR ENOSPC: no space left on device, write
npm warn tar TAR_ENTRY_ERROR EBADF: bad file descriptor, write
npm warn tar TAR_ENTRY_ERROR EBADF: bad file descriptor, write
npm warn tar TAR_ENTRY_ERROR ENOSPC: no space left on device, write
npm warn tar TAR_ENTRY_ERROR ENOSPC: no space left on device, write
npm warn tar TAR_ENTRY_ERROR ENOSPC: no space left on device, write
npm warn tar TAR_ENTRY_ERROR ENOENT: no such file or directory, lstat 'D:\PROJECTS\SimHPC\app\node_modules\ajv\lib\refs'
npm warn tar TAR_ENTRY_ERROR ENOSPC: no space left on device, write
npm warn tar TAR_ENTRY_ERROR ENOSPC: no space left on device, write
npm warn tar TAR_ENTRY_ERROR ENOSPC: no space left on device, write
npm warn tar TAR_ENTRY_ERROR ENOSPC: no space left on device, write
npm warn tar TAR_ENTRY_ERROR ENOENT: no such file or directory, lstat 'D:\PROJECTS\SimHPC\app\node_modules\typescript\lib\tr'
npm warn tar TAR_ENTRY_ERROR EBADF: bad file descriptor, write
npm warn tar TAR_ENTRY_ERROR ENOENT: no such file or directory, lstat 'D:\PROJECTS\SimHPC\app\node_modules\@babel\types\lib\constants'
npm warn tar TAR_ENTRY_ERROR ENOENT: no such file or directory, lstat 'D:\PROJECTS\SimHPC\app\node_modules\motion-dom\dist\es\animation\waapi\easing'
npm warn tar TAR_ENTRY_ERROR ENOSPC: no space left on device, write
npm warn tar TAR_ENTRY_ERROR ENOSPC: no space left on device, write
npm warn tar TAR_ENTRY_ERROR ENOSPC: no space left on device, write
npm warn tar TAR_ENTRY_ERROR ENOSPC: no space left on device, write
npm warn tar TAR_ENTRY_ERROR ENOENT: no such file or directory, lstat 'D:\PROJECTS\SimHPC\app\node_modules\resolve\test\resolver\other_path'
npm warn tar TAR_ENTRY_ERROR ENOSPC: no space left on device, write
npm warn tar TAR_ENTRY_ERROR ENOSPC: no space left on device, write
npm warn tar TAR_ENTRY_ERROR ENOSPC: no space left on device, write
npm warn tar TAR_ENTRY_ERROR ENOSPC: no space left on device, write
npm warn tar TAR_ENTRY_ERROR EBADF: bad file descriptor, write
npm warn tar TAR_ENTRY_ERROR ENOSPC: no space left on device, write
npm warn tar TAR_ENTRY_ERROR ENOSPC: no space left on device, write
npm warn tar TAR_ENTRY_ERROR ENOSPC: no space left on device, write
npm warn tar TAR_ENTRY_ERROR ENOSPC: no space left on device, write
npm warn tar TAR_ENTRY_ERROR ENOSPC: no space left on device, write
npm warn tar TAR_ENTRY_ERROR ENOENT: no such file or directory, lstat 'D:\PROJECTS\SimHPC\app\node_modules\ajv\lib\refs'
npm warn tar TAR_ENTRY_ERROR ENOSPC: no space left on device, write
npm warn tar TAR_ENTRY_ERROR ENOENT: no such file or directory, lstat 'D:\PROJECTS\SimHPC\app\node_modules\framer-motion\dist\es\render\html'
npm warn tar TAR_ENTRY_ERROR EBADF: bad file descriptor, write
npm warn tar TAR_ENTRY_ERROR ENOSPC: no space left on device, write
npm warn tar TAR_ENTRY_ERROR ENOSPC: no space left on device, write
npm warn tar TAR_ENTRY_ERROR ENOSPC: no space left on device, write
npm warn tar TAR_ENTRY_ERROR EBADF: bad file descriptor, write
npm warn tar TAR_ENTRY_ERROR ENOSPC: no space left on device, write
npm warn tar TAR_ENTRY_ERROR ENOSPC: no space left on device, write
npm warn tar TAR_ENTRY_ERROR ENOENT: no such file or directory, lstat 'D:\PROJECTS\SimHPC\app\node_modules\typescript\lib\zh-cn'
npm warn tar TAR_ENTRY_ERROR ENOENT: no such file or directory, lstat 'D:\PROJECTS\SimHPC\app\node_modules\autoprefixer\data'
npm warn tar TAR_ENTRY_ERROR ENOSPC: no space left on device, write
npm warn tar TAR_ENTRY_ERROR ENOENT: no such file or directory, lstat 'D:\PROJECTS\SimHPC\app\node_modules\@babel\types\lib\converters'
npm warn tar TAR_ENTRY_ERROR ENOSPC: no space left on device, write
npm warn tar TAR_ENTRY_ERROR ENOSPC: no space left on device, write
npm warn tar TAR_ENTRY_ERROR EBADF: bad file descriptor, write
npm warn tar TAR_ENTRY_ERROR ENOSPC: no space left on device, write
npm warn tar TAR_ENTRY_ERROR ENOSPC: no space left on device, write
npm warn tar TAR_ENTRY_ERROR ENOSPC: no space left on device, write
npm warn tar TAR_ENTRY_ERROR ENOSPC: no space left on device, write
npm warn tar TAR_ENTRY_ERROR ENOSPC: no space left on device, write
npm warn tar TAR_ENTRY_ERROR EBADF: bad file descriptor, write
npm warn tar TAR_ENTRY_ERROR ENOSPC: no space left on device, write
npm warn tar TAR_ENTRY_ERROR EBADF: bad file descriptor, write
npm warn tar TAR_ENTRY_ERROR ENOENT: no such file or directory, lstat 'D:\PROJECTS\SimHPC\app\node_modules\eslint\conf'
npm warn tar TAR_ENTRY_ERROR ENOSPC: no space left on device, write
npm warn tar TAR_ENTRY_ERROR ENOSPC: no space left on device, write
npm warn tar TAR_ENTRY_ERROR EBADF: bad file descriptor, write
npm warn tar TAR_ENTRY_ERROR ENOSPC: no space left on device, write
npm warn tar TAR_ENTRY_ERROR ENOSPC: no space left on device, write
npm warn tar TAR_ENTRY_ERROR ENOSPC: no space left on device, write
npm warn tar TAR_ENTRY_ERROR EBADF: bad file descriptor, write
npm warn tar TAR_ENTRY_ERROR EBADF: bad file descriptor, write
npm warn tar TAR_ENTRY_ERROR ENOSPC: no space left on device, write
npm warn tar TAR_ENTRY_ERROR ENOSPC: no space left on device, write
npm warn tar TAR_ENTRY_ERROR ENOENT: no such file or directory, lstat 'D:\PROJECTS\SimHPC\app\node_modules\typescript\lib\zh-tw'
npm warn tar TAR_ENTRY_ERROR ENOSPC: no space left on device, write
npm warn tar TAR_ENTRY_ERROR ENOSPC: no space left on device, write
npm warn tar TAR_ENTRY_ERROR EBADF: bad file descriptor, write
npm warn tar TAR_ENTRY_ERROR ENOSPC: no space left on device, write
npm warn tar TAR_ENTRY_ERROR ENOENT: no such file or directory, lstat 'D:\PROJECTS\SimHPC\app\node_modules\@babel\types\lib\converters'
npm warn tar TAR_ENTRY_ERROR ENOENT: no such file or directory, lstat 'D:\PROJECTS\SimHPC\app\node_modules\react-day-picker\dist\cjs\helpers'
npm warn tar TAR_ENTRY_ERROR ENOENT: no such file or directory, lstat 'D:\PROJECTS\SimHPC\app\node_modules\motion-dom\dist\es\animation\optimized-appear'
npm warn tar TAR_ENTRY_ERROR ENOSPC: no space left on device, write
npm warn tar TAR_ENTRY_ERROR EBADF: bad file descriptor, write
npm warn tar TAR_ENTRY_ERROR EBADF: bad file descriptor, write
npm warn tar TAR_ENTRY_ERROR ENOSPC: no space left on device, write
npm warn tar TAR_ENTRY_ERROR EBADF: bad file descriptor, write
npm warn tar TAR_ENTRY_ERROR ENOSPC: no space left on device, write
npm warn tar TAR_ENTRY_ERROR ENOENT: no such file or directory, lstat 'D:\PROJECTS\SimHPC\app\node_modules\sucrase\dist\parser\plugins\jsx'
npm warn tar TAR_ENTRY_ERROR ENOSPC: no space left on device, write
npm warn tar TAR_ENTRY_ERROR ENOSPC: no space left on device, write
npm warn tar TAR_ENTRY_ERROR ENOSPC: no space left on device, write
npm warn tar TAR_ENTRY_ERROR ENOSPC: no space left on device, write
npm warn tar TAR_ENTRY_ERROR ENOSPC: no space left on device, write
npm warn tar TAR_ENTRY_ERROR EBADF: bad file descriptor, write
npm warn tar TAR_ENTRY_ERROR ENOSPC: no space left on device, write
npm warn tar TAR_ENTRY_ERROR ENOENT: no such file or directory, lstat 'D:\PROJECTS\SimHPC\app\node_modules\framer-motion\dist\es\render\svg'
npm warn tar TAR_ENTRY_ERROR ENOSPC: no space left on device, write
npm warn tar TAR_ENTRY_ERROR ENOSPC: no space left on device, write
npm warn tar TAR_ENTRY_ERROR EBADF: bad file descriptor, write
npm warn tar TAR_ENTRY_ERROR ENOSPC: no space left on device, write
npm warn tar TAR_ENTRY_ERROR ENOSPC: no space left on device, write
npm warn tar TAR_ENTRY_ERROR ENOSPC: no space left on device, write
npm warn tar TAR_ENTRY_ERROR ENOSPC: no space left on device, write
npm warn tar TAR_ENTRY_ERROR ENOENT: no such file or directory, lstat 'D:\PROJECTS\SimHPC\app\node_modules\@babel\types\lib\converters'
npm warn tar TAR_ENTRY_ERROR EBADF: bad file descriptor, write
npm warn tar TAR_ENTRY_ERROR ENOSPC: no space left on device, write
npm warn tar TAR_ENTRY_ERROR ENOSPC: no space left on device, write
npm warn tar TAR_ENTRY_ERROR ENOSPC: no space left on device, write
npm warn tar TAR_ENTRY_ERROR ENOSPC: no space left on device, write
npm warn tar TAR_ENTRY_ERROR ENOENT: no such file or directory, lstat 'D:\PROJECTS\SimHPC\app\node_modules\@hookform\resolvers\vine'
npm warn tar TAR_ENTRY_ERROR EBADF: bad file descriptor, write
npm warn tar TAR_ENTRY_ERROR ENOSPC: no space left on device, write
npm warn tar TAR_ENTRY_ERROR ENOSPC: no space left on device, write
npm warn tar TAR_ENTRY_ERROR ENOSPC: no space left on device, write
npm warn tar TAR_ENTRY_ERROR ENOSPC: no space left on device, write
npm warn tar TAR_ENTRY_ERROR ENOSPC: no space left on device, write
npm warn tar TAR_ENTRY_ERROR ENOSPC: no space left on device, write
npm warn tar TAR_ENTRY_ERROR ENOENT: no such file or directory, lstat 'D:\PROJECTS\SimHPC\app\node_modules\react-day-picker\dist\esm\helpers'
npm warn tar TAR_ENTRY_ERROR EBADF: bad file descriptor, write
npm warn tar TAR_ENTRY_ERROR EBADF: bad file descriptor, write
npm warn tar TAR_ENTRY_ERROR EBADF: bad file descriptor, write
npm warn tar TAR_ENTRY_ERROR ENOSPC: no space left on device, write
npm warn tar TAR_ENTRY_ERROR ENOENT: no such file or directory, lstat 'D:\PROJECTS\SimHPC\app\node_modules\sucrase\dist\parser\tokenizer'
npm warn tar TAR_ENTRY_ERROR ENOSPC: no space left on device, write
npm warn tar TAR_ENTRY_ERROR ENOENT: no such file or directory, lstat 'D:\PROJECTS\SimHPC\app\node_modules\@babel\types\lib\converters'
npm warn tar TAR_ENTRY_ERROR ENOSPC: no space left on device, write
npm warn tar TAR_ENTRY_ERROR ENOSPC: no space left on device, write
npm warn tar TAR_ENTRY_ERROR ENOSPC: no space left on device, write
npm warn tar TAR_ENTRY_ERROR ENOSPC: no space left on device, write
npm warn tar TAR_ENTRY_ERROR ENOSPC: no space left on device, write
npm warn tar TAR_ENTRY_ERROR ENOSPC: no space left on device, write
npm warn tar TAR_ENTRY_ERROR EBADF: bad file descriptor, write
npm warn tar TAR_ENTRY_ERROR ENOSPC: no space left on device, write
npm warn tar TAR_ENTRY_ERROR ENOSPC: no space left on device, write
npm warn tar TAR_ENTRY_ERROR ENOSPC: no space left on device, write
npm warn tar TAR_ENTRY_ERROR EBADF: bad file descriptor, write
npm warn tar TAR_ENTRY_ERROR ENOSPC: no space left on device, write
npm warn tar TAR_ENTRY_ERROR ENOSPC: no space left on device, write
npm warn tar TAR_ENTRY_ERROR ENOSPC: no space left on device, write
npm warn tar TAR_ENTRY_ERROR ENOSPC: no space left on device, write
npm warn tar TAR_ENTRY_ERROR ENOSPC: no space left on device, write
npm warn tar TAR_ENTRY_ERROR ENOSPC: no space left on device, write
npm warn tar TAR_ENTRY_ERROR ENOSPC: no space left on device, write
npm warn tar TAR_ENTRY_ERROR EBADF: bad file descriptor, write
npm warn tar TAR_ENTRY_ERROR ENOSPC: no space left on device, write
npm warn tar TAR_ENTRY_ERROR ENOENT: no such file or directory, lstat 'D:\PROJECTS\SimHPC\app\node_modules\framer-motion\dist\es\animation\utils'
npm warn tar TAR_ENTRY_ERROR ENOSPC: no space left on device, write
npm warn tar TAR_ENTRY_ERROR EBADF: bad file descriptor, write
npm warn tar TAR_ENTRY_ERROR ENOSPC: no space left on device, write
npm warn tar TAR_ENTRY_ERROR ENOSPC: no space left on device, write
npm warn tar TAR_ENTRY_ERROR ENOSPC: no space left on device, write
npm warn tar TAR_ENTRY_ERROR ENOENT: no such file or directory, lstat 'D:\PROJECTS\SimHPC\app\node_modules\@hookform\resolvers\zod'
npm warn tar TAR_ENTRY_ERROR EBADF: bad file descriptor, write
npm warn tar TAR_ENTRY_ERROR ENOSPC: no space left on device, write
npm warn tar TAR_ENTRY_ERROR ENOENT: no such file or directory, lstat 'D:\PROJECTS\SimHPC\app\node_modules\@babel\types\lib\converters'
npm warn tar TAR_ENTRY_ERROR ENOENT: no such file or directory, lstat 'D:\PROJECTS\SimHPC\app\node_modules\react-day-picker\dist\cjs\classes'
npm warn tar TAR_ENTRY_ERROR ENOSPC: no space left on device, write
npm warn tar TAR_ENTRY_ERROR ENOSPC: no space left on device, write
npm warn tar TAR_ENTRY_ERROR ENOSPC: no space left on device, write
npm warn tar TAR_ENTRY_ERROR ENOSPC: no space left on device, write
npm warn tar TAR_ENTRY_ERROR EBADF: bad file descriptor, write
npm warn tar TAR_ENTRY_ERROR EBADF: bad file descriptor, write
npm warn tar TAR_ENTRY_ERROR ENOSPC: no space left on device, write
npm warn tar TAR_ENTRY_ERROR ENOSPC: no space left on device, write
npm warn tar TAR_ENTRY_ERROR ENOSPC: no space left on device, write
npm warn tar TAR_ENTRY_ERROR ENOSPC: no space left on device, write
npm warn tar TAR_ENTRY_ERROR ENOSPC: no space left on device, write
npm warn tar TAR_ENTRY_ERROR ENOSPC: no space left on device, write
npm warn tar TAR_ENTRY_ERROR EBADF: bad file descriptor, write
npm warn tar TAR_ENTRY_ERROR ENOSPC: no space left on device, write
npm warn tar TAR_ENTRY_ERROR EBADF: bad file descriptor, write
npm warn tar TAR_ENTRY_ERROR EBADF: bad file descriptor, write
npm warn tar TAR_ENTRY_ERROR ENOSPC: no space left on device, write
npm warn tar TAR_ENTRY_ERROR EBADF: bad file descriptor, write
npm warn tar TAR_ENTRY_ERROR ENOSPC: no space left on device, write
npm warn tar TAR_ENTRY_ERROR EBADF: bad file descriptor, write
npm warn tar TAR_ENTRY_ERROR ENOSPC: no space left on device, write
npm warn tar TAR_ENTRY_ERROR ENOENT: no such file or directory, lstat 'D:\PROJECTS\SimHPC\app\node_modules\@babel\types\lib\converters'
npm warn tar TAR_ENTRY_ERROR EBADF: bad file descriptor, lstat 'D:\PROJECTS\SimHPC\app\node_modules\@babel\core\lib\config'
npm warn tar TAR_ENTRY_ERROR ENOSPC: no space left on device, write
npm warn tar TAR_ENTRY_ERROR ENOSPC: no space left on device, write
npm warn tar TAR_ENTRY_ERROR ENOSPC: no space left on device, write
npm warn tar TAR_ENTRY_ERROR ENOSPC: no space left on device, write
npm warn tar TAR_ENTRY_ERROR ENOSPC: no space left on device, write
npm warn tar TAR_ENTRY_ERROR ENOSPC: no space left on device, write
npm warn tar TAR_ENTRY_ERROR EBADF: bad file descriptor, write
npm warn tar TAR_ENTRY_ERROR ENOSPC: no space left on device, write
npm warn tar TAR_ENTRY_ERROR EBADF: bad file descriptor, write
npm warn tar TAR_ENTRY_ERROR ENOSPC: no space left on device, write
npm warn tar TAR_ENTRY_ERROR ENOSPC: no space left on device, write
npm warn tar TAR_ENTRY_ERROR ENOENT: no such file or directory, lstat 'D:\PROJECTS\SimHPC\app\node_modules\react-day-picker\dist\esm\classes'
npm warn tar TAR_ENTRY_ERROR EBADF: bad file descriptor, write
npm warn tar TAR_ENTRY_ERROR ENOSPC: no space left on device, write
npm warn tar TAR_ENTRY_ERROR ENOSPC: no space left on device, write
npm warn tar TAR_ENTRY_ERROR ENOSPC: no space left on device, write
npm warn tar TAR_ENTRY_ERROR ENOSPC: no space left on device, write
npm warn tar TAR_ENTRY_ERROR ENOENT: no such file or directory, lstat 'D:\PROJECTS\SimHPC\app\node_modules\sucrase\register'
npm warn tar TAR_ENTRY_ERROR ENOSPC: no space left on device, write
npm warn tar TAR_ENTRY_ERROR ENOSPC: no space left on device, write
npm warn tar TAR_ENTRY_ERROR EBADF: bad file descriptor, write
npm warn tar TAR_ENTRY_ERROR EBADF: bad file descriptor, write
npm warn tar TAR_ENTRY_ERROR ENOSPC: no space left on device, write
npm warn tar TAR_ENTRY_ERROR EBADF: bad file descriptor, write
npm warn tar TAR_ENTRY_ERROR ENOSPC: no space left on device, write
npm warn tar TAR_ENTRY_ERROR ENOSPC: no space left on device, write
npm warn tar TAR_ENTRY_ERROR ENOSPC: no space left on device, write
npm warn tar TAR_ENTRY_ERROR ENOENT: no such file or directory, lstat 'D:\PROJECTS\SimHPC\app\node_modules\@babel\types\lib\converters'
npm warn tar TAR_ENTRY_ERROR ENOSPC: no space left on device, write
npm warn tar TAR_ENTRY_ERROR EBADF: bad file descriptor, write
npm warn tar TAR_ENTRY_ERROR ENOENT: no such file or directory, lstat 'D:\PROJECTS\SimHPC\app\node_modules\sucrase\ts-node-plugin'
npm warn tar TAR_ENTRY_ERROR EBADF: bad file descriptor, write
npm warn tar TAR_ENTRY_ERROR ENOSPC: no space left on device, write
npm warn tar TAR_ENTRY_ERROR ENOENT: no such file or directory, lstat 'D:\PROJECTS\SimHPC\app\node_modules\motion-dom\dist\es\animation\keyframes\offsets'
npm warn tar TAR_ENTRY_ERROR ENOSPC: no space left on device, write
npm warn tar TAR_ENTRY_ERROR ENOSPC: no space left on device, write
npm warn tar TAR_ENTRY_ERROR EBADF: bad file descriptor, write
npm warn tar TAR_ENTRY_ERROR ENOSPC: no space left on device, write
npm warn tar TAR_ENTRY_ERROR ENOSPC: no space left on device, write
npm warn tar TAR_ENTRY_ERROR ENOSPC: no space left on device, write
npm warn tar TAR_ENTRY_ERROR ENOENT: no such file or directory, lstat 'D:\PROJECTS\SimHPC\app\node_modules\@babel\core\lib\config\validation'
npm warn tar TAR_ENTRY_ERROR EBADF: bad file descriptor, write
npm warn tar TAR_ENTRY_ERROR EBADF: bad file descriptor, write
npm warn tar TAR_ENTRY_ERROR EBADF: bad file descriptor, write
npm warn tar TAR_ENTRY_ERROR ENOSPC: no space left on device, write
npm warn tar TAR_ENTRY_ERROR ENOSPC: no space left on device, write
npm warn tar TAR_ENTRY_ERROR EBADF: bad file descriptor, write
npm warn tar TAR_ENTRY_ERROR ENOSPC: no space left on device, write
npm warn tar TAR_ENTRY_ERROR ENOENT: no such file or directory, lstat 'D:\PROJECTS\SimHPC\app\node_modules\tailwindcss\lib\cli'
npm warn tar TAR_ENTRY_ERROR ENOSPC: no space left on device, write
npm warn tar TAR_ENTRY_ERROR ENOSPC: no space left on device, write
npm warn tar TAR_ENTRY_ERROR ENOENT: no such file or directory, lstat 'D:\PROJECTS\SimHPC\app\node_modules\@babel\types\lib\converters'
npm warn tar TAR_ENTRY_ERROR EBADF: bad file descriptor, write
npm warn tar TAR_ENTRY_ERROR EBADF: bad file descriptor, write
npm warn tar TAR_ENTRY_ERROR EBADF: bad file descriptor, write
npm warn tar TAR_ENTRY_ERROR ENOSPC: no space left on device, write
npm warn tar TAR_ENTRY_ERROR ENOSPC: no space left on device, write
npm warn tar TAR_ENTRY_ERROR ENOSPC: no space left on device, write
npm warn tar TAR_ENTRY_ERROR ENOSPC: no space left on device, write
npm warn tar TAR_ENTRY_ERROR ENOSPC: no space left on device, write
npm warn tar TAR_ENTRY_ERROR ENOSPC: no space left on device, write
npm warn tar TAR_ENTRY_ERROR ENOSPC: no space left on device, write
npm warn tar TAR_ENTRY_ERROR ENOENT: no such file or directory, lstat 'D:\PROJECTS\SimHPC\app\node_modules\react-day-picker\dist\cjs\hebrew\utils'
npm warn tar TAR_ENTRY_ERROR ENOSPC: no space left on device, write
npm warn tar TAR_ENTRY_ERROR ENOSPC: no space left on device, write
npm warn tar TAR_ENTRY_ERROR ENOSPC: no space left on device, write
npm warn tar TAR_ENTRY_ERROR EBADF: bad file descriptor, write
npm warn tar TAR_ENTRY_ERROR ENOSPC: no space left on device, write
npm warn tar TAR_ENTRY_ERROR ENOSPC: no space left on device, write
npm warn tar TAR_ENTRY_ERROR EBADF: bad file descriptor, write
npm warn tar TAR_ENTRY_ERROR ENOENT: no such file or directory, lstat 'D:\PROJECTS\SimHPC\app\node_modules\tailwindcss\src\cli'
npm warn tar TAR_ENTRY_ERROR ENOENT: no such file or directory, lstat 'D:\PROJECTS\SimHPC\app\node_modules\resolve\test\resolver\other_path'
npm warn tar TAR_ENTRY_ERROR ENOSPC: no space left on device, write
npm warn tar TAR_ENTRY_ERROR ENOSPC: no space left on device, write
npm warn tar TAR_ENTRY_ERROR ENOSPC: no space left on device, write
npm warn tar TAR_ENTRY_ERROR ENOENT: no such file or directory, lstat 'D:\PROJECTS\SimHPC\app\node_modules\@babel\types\lib\converters'
npm warn tar TAR_ENTRY_ERROR EBADF: bad file descriptor, write
npm warn tar TAR_ENTRY_ERROR ENOENT: no such file or directory, lstat 'D:\PROJECTS\SimHPC\app\node_modules\@babel\core\lib\config\validation'
npm warn tar TAR_ENTRY_ERROR ENOSPC: no space left on device, write
npm warn tar TAR_ENTRY_ERROR EBADF: bad file descriptor, write
npm warn tar TAR_ENTRY_ERROR ENOSPC: no space left on device, write
npm warn tar TAR_ENTRY_ERROR ENOSPC: no space left on device, write
npm warn tar TAR_ENTRY_ERROR ENOSPC: no space left on device, write
npm warn tar TAR_ENTRY_ERROR ENOSPC: no space left on device, write
npm warn tar TAR_ENTRY_ERROR ENOSPC: no space left on device, write
npm warn tar TAR_ENTRY_ERROR ENOENT: no such file or directory, lstat 'D:\PROJECTS\SimHPC\app\node_modules\framer-motion\dist\es\animation\sequence'
npm warn tar TAR_ENTRY_ERROR ENOSPC: no space left on device, write
npm warn tar TAR_ENTRY_ERROR ENOSPC: no space left on device, write
npm warn tar TAR_ENTRY_ERROR ENOSPC: no space left on device, write
npm warn tar TAR_ENTRY_ERROR ENOENT: no such file or directory, lstat 'D:\PROJECTS\SimHPC\app\node_modules\motion-dom\dist\es\animation\generators\spring'
npm warn tar TAR_ENTRY_ERROR ENOENT: no such file or directory, lstat 'D:\PROJECTS\SimHPC\app\node_modules\recharts\es6\numberAxis'
npm warn tar TAR_ENTRY_ERROR ENOSPC: no space left on device, write
npm warn tar TAR_ENTRY_ERROR ENOSPC: no space left on device, write
npm warn tar TAR_ENTRY_ERROR ENOENT: no such file or directory, lstat 'D:\PROJECTS\SimHPC\app\node_modules\@babel\types\lib\converters'
npm warn tar TAR_ENTRY_ERROR ENOSPC: no space left on device, write
npm warn tar TAR_ENTRY_ERROR ENOSPC: no space left on device, write
npm warn tar TAR_ENTRY_ERROR ENOSPC: no space left on device, write
npm warn tar TAR_ENTRY_ERROR EBADF: bad file descriptor, write
npm warn tar TAR_ENTRY_ERROR ENOSPC: no space left on device, write
npm warn tar TAR_ENTRY_ERROR ENOSPC: no space left on device, write
npm warn tar TAR_ENTRY_ERROR ENOSPC: no space left on device, write
npm warn tar TAR_ENTRY_ERROR ENOSPC: no space left on device, write
npm warn tar TAR_ENTRY_ERROR EBADF: bad file descriptor, write
npm warn tar TAR_ENTRY_ERROR ENOSPC: no space left on device, write
npm warn tar TAR_ENTRY_ERROR ENOSPC: no space left on device, write
npm warn tar TAR_ENTRY_ERROR EBADF: bad file descriptor, write
npm warn tar TAR_ENTRY_ERROR ENOSPC: no space left on device, write
npm warn tar TAR_ENTRY_ERROR ENOSPC: no space left on device, write
npm warn tar TAR_ENTRY_ERROR ENOENT: no such file or directory, lstat 'D:\PROJECTS\SimHPC\app\node_modules\react-day-picker\dist\esm\hebrew\utils'
npm warn tar TAR_ENTRY_ERROR ENOSPC: no space left on device, write
npm warn tar TAR_ENTRY_ERROR EBADF: bad file descriptor, write
npm warn tar TAR_ENTRY_ERROR ENOENT: no such file or directory, lstat 'D:\PROJECTS\SimHPC\app\node_modules\@babel\core\lib\config\validation'
npm warn tar TAR_ENTRY_ERROR ENOSPC: no space left on device, write
npm warn tar TAR_ENTRY_ERROR EBADF: bad file descriptor, write
npm warn tar TAR_ENTRY_ERROR ENOENT: no such file or directory, lstat 'D:\PROJECTS\SimHPC\app\node_modules\eslint\conf'
npm warn tar TAR_ENTRY_ERROR ENOSPC: no space left on device, write
npm warn tar TAR_ENTRY_ERROR ENOSPC: no space left on device, write
npm warn tar TAR_ENTRY_ERROR ENOENT: no such file or directory, lstat 'D:\PROJECTS\SimHPC\app\node_modules\recharts\lib\numberAxis'
npm warn tar TAR_ENTRY_ERROR ENOSPC: no space left on device, write
npm warn tar TAR_ENTRY_ERROR ENOSPC: no space left on device, write
npm warn tar TAR_ENTRY_ERROR ENOSPC: no space left on device, write
npm warn tar TAR_ENTRY_ERROR ENOSPC: no space left on device, write
npm warn tar TAR_ENTRY_ERROR ENOENT: no such file or directory, lstat 'D:\PROJECTS\SimHPC\app\node_modules\framer-motion\dist\es\context'
npm warn tar TAR_ENTRY_ERROR ENOSPC: no space left on device, write
npm warn tar TAR_ENTRY_ERROR ENOSPC: no space left on device, write
npm warn tar TAR_ENTRY_ERROR ENOENT: no such file or directory, lstat 'D:\PROJECTS\SimHPC\app\node_modules\@babel\types\lib\converters'
npm warn tar TAR_ENTRY_ERROR EBADF: bad file descriptor, write
npm warn tar TAR_ENTRY_ERROR EBADF: bad file descriptor, write
npm warn tar TAR_ENTRY_ERROR EBADF: bad file descriptor, write
npm warn tar TAR_ENTRY_ERROR ENOSPC: no space left on device, write
npm warn tar TAR_ENTRY_ERROR EBADF: bad file descriptor, write
npm warn tar TAR_ENTRY_ERROR ENOSPC: no space left on device, write
npm warn tar TAR_ENTRY_ERROR EBADF: bad file descriptor, write
npm warn tar TAR_ENTRY_ERROR ENOSPC: no space left on device, write
npm warn tar TAR_ENTRY_ERROR EBADF: bad file descriptor, write
npm warn tar TAR_ENTRY_ERROR ENOSPC: no space left on device, write
npm warn tar TAR_ENTRY_ERROR ENOSPC: no space left on device, write
npm warn tar TAR_ENTRY_ERROR EBADF: bad file descriptor, write
npm warn tar TAR_ENTRY_ERROR EBADF: bad file descriptor, write
npm warn tar TAR_ENTRY_ERROR EBADF: bad file descriptor, write
npm warn tar TAR_ENTRY_ERROR EBADF: bad file descriptor, write
npm warn tar TAR_ENTRY_ERROR ENOSPC: no space left on device, write
npm warn tar TAR_ENTRY_ERROR ENOENT: no such file or directory, lstat 'D:\PROJECTS\SimHPC\app\node_modules\@babel\types\lib\converters'
npm warn tar TAR_ENTRY_ERROR EBADF: bad file descriptor, write
npm warn tar TAR_ENTRY_ERROR ENOSPC: no space left on device, write
npm warn tar TAR_ENTRY_ERROR ENOSPC: no space left on device, write
npm warn tar TAR_ENTRY_ERROR ENOENT: no such file or directory, lstat 'D:\PROJECTS\SimHPC\app\node_modules\react-day-picker\dist\cjs\classes'
npm warn tar TAR_ENTRY_ERROR ENOENT: no such file or directory, lstat 'D:\PROJECTS\SimHPC\app\node_modules\@babel\core\lib\config\validation'
npm warn tar TAR_ENTRY_ERROR ENOSPC: no space left on device, write
npm warn tar TAR_ENTRY_ERROR ENOENT: no such file or directory, lstat 'D:\PROJECTS\SimHPC\app\node_modules\motion-dom\dist\es\value\types\maps'
npm warn tar TAR_ENTRY_ERROR ENOSPC: no space left on device, write
npm warn tar TAR_ENTRY_ERROR ENOSPC: no space left on device, write
npm warn tar TAR_ENTRY_ERROR ENOSPC: no space left on device, write
npm warn tar TAR_ENTRY_ERROR ENOSPC: no space left on device, write
npm warn tar TAR_ENTRY_ERROR EBADF: bad file descriptor, write
npm warn tar TAR_ENTRY_ERROR ENOSPC: no space left on device, write
npm warn tar TAR_ENTRY_ERROR ENOSPC: no space left on device, write
npm warn tar TAR_ENTRY_ERROR ENOSPC: no space left on device, write
npm warn tar TAR_ENTRY_ERROR ENOSPC: no space left on device, write
npm warn tar TAR_ENTRY_ERROR ENOSPC: no space left on device, write
npm warn tar TAR_ENTRY_ERROR ENOSPC: no space left on device, write
npm warn tar TAR_ENTRY_ERROR ENOSPC: no space left on device, write
npm warn tar TAR_ENTRY_ERROR EBADF: bad file descriptor, write
npm warn tar TAR_ENTRY_ERROR ENOSPC: no space left on device, write
npm warn tar TAR_ENTRY_ERROR ENOSPC: no space left on device, write
npm warn tar TAR_ENTRY_ERROR EBADF: bad file descriptor, write
npm warn tar TAR_ENTRY_ERROR EBADF: bad file descriptor, write
npm warn tar TAR_ENTRY_ERROR ENOSPC: no space left on device, write
npm warn tar TAR_ENTRY_ERROR ENOSPC: no space left on device, write
npm warn tar TAR_ENTRY_ERROR EBADF: bad file descriptor, write
npm warn tar TAR_ENTRY_ERROR EBADF: bad file descriptor, write
npm warn tar TAR_ENTRY_ERROR EBADF: bad file descriptor, write
npm warn tar TAR_ENTRY_ERROR ENOENT: no such file or directory, lstat 'D:\PROJECTS\SimHPC\app\node_modules\framer-motion\dist\es\render\components'
npm warn tar TAR_ENTRY_ERROR ENOENT: no such file or directory, lstat 'D:\PROJECTS\SimHPC\app\node_modules\@babel\types\lib\converters'
npm warn tar TAR_ENTRY_ERROR EBADF: bad file descriptor, write
npm warn tar TAR_ENTRY_ERROR ENOSPC: no space left on device, write
npm warn tar TAR_ENTRY_ERROR ENOSPC: no space left on device, write
npm warn tar TAR_ENTRY_ERROR EBADF: bad file descriptor, write
npm warn tar TAR_ENTRY_ERROR ENOSPC: no space left on device, write
npm warn tar TAR_ENTRY_ERROR EBADF: bad file descriptor, write
npm warn tar TAR_ENTRY_ERROR ENOSPC: no space left on device, write
npm warn tar TAR_ENTRY_ERROR ENOSPC: no space left on device, write
npm warn tar TAR_ENTRY_ERROR ENOENT: no such file or directory, lstat 'D:\PROJECTS\SimHPC\app\node_modules\react-day-picker\dist\esm\classes'
npm warn tar TAR_ENTRY_ERROR ENOENT: no such file or directory, lstat 'D:\PROJECTS\SimHPC\app\node_modules\@babel\core\lib\config\validation'
npm warn tar TAR_ENTRY_ERROR ENOSPC: no space left on device, write
npm warn tar TAR_ENTRY_ERROR ENOSPC: no space left on device, write
npm warn tar TAR_ENTRY_ERROR ENOSPC: no space left on device, write
npm warn tar TAR_ENTRY_ERROR EBADF: bad file descriptor, write
npm warn tar TAR_ENTRY_ERROR ENOSPC: no space left on device, write
npm warn tar TAR_ENTRY_ERROR EBADF: bad file descriptor, write
npm warn tar TAR_ENTRY_ERROR ENOSPC: no space left on device, write
npm warn tar TAR_ENTRY_ERROR ENOENT: no such file or directory, lstat 'D:\PROJECTS\SimHPC\app\node_modules\@babel\types\lib\converters'
npm warn tar TAR_ENTRY_ERROR ENOSPC: no space left on device, write
npm warn tar TAR_ENTRY_ERROR EBADF: bad file descriptor, write
npm warn tar TAR_ENTRY_ERROR ENOSPC: no space left on device, write
npm warn tar TAR_ENTRY_ERROR ENOSPC: no space left on device, write
npm warn tar TAR_ENTRY_ERROR ENOSPC: no space left on device, write
npm warn tar TAR_ENTRY_ERROR ENOSPC: no space left on device, write
npm warn tar TAR_ENTRY_ERROR ENOSPC: no space left on device, write
npm warn tar TAR_ENTRY_ERROR ENOSPC: no space left on device, write
npm warn tar TAR_ENTRY_ERROR ENOSPC: no space left on device, write
npm warn tar TAR_ENTRY_ERROR EBADF: bad file descriptor, write
npm warn tar TAR_ENTRY_ERROR ENOSPC: no space left on device, write
npm warn tar TAR_ENTRY_ERROR EBADF: bad file descriptor, write
npm warn tar TAR_ENTRY_ERROR ENOSPC: no space left on device, write
npm warn tar TAR_ENTRY_ERROR ENOSPC: no space left on device, write
npm warn tar TAR_ENTRY_ERROR ENOSPC: no space left on device, write
npm warn tar TAR_ENTRY_ERROR ENOSPC: no space left on device, write
npm warn tar TAR_ENTRY_ERROR EBADF: bad file descriptor, write
npm warn tar TAR_ENTRY_ERROR ENOSPC: no space left on device, write
npm warn tar TAR_ENTRY_ERROR ENOSPC: no space left on device, write
npm warn tar TAR_ENTRY_ERROR ENOSPC: no space left on device, write
npm warn tar TAR_ENTRY_ERROR ENOSPC: no space left on device, write
npm warn tar TAR_ENTRY_ERROR ENOENT: no such file or directory, lstat 'D:\PROJECTS\SimHPC\app\node_modules\framer-motion\dist\es\render\components'
npm warn tar TAR_ENTRY_ERROR ENOENT: no such file or directory, lstat 'D:\PROJECTS\SimHPC\app\node_modules\@babel\types\lib\converters'
npm warn tar TAR_ENTRY_ERROR ENOENT: no such file or directory, lstat 'D:\PROJECTS\SimHPC\app\node_modules\react-day-picker\dist\cjs\classes'
npm warn tar TAR_ENTRY_ERROR ENOENT: no such file or directory, lstat 'D:\PROJECTS\SimHPC\app\node_modules\@babel\core\lib\config\validation'
npm warn tar TAR_ENTRY_ERROR EBADF: bad file descriptor, write
npm warn tar TAR_ENTRY_ERROR ENOSPC: no space left on device, write
npm warn tar TAR_ENTRY_ERROR ENOSPC: no space left on device, write
npm warn tar TAR_ENTRY_ERROR ENOSPC: no space left on device, write
npm warn tar TAR_ENTRY_ERROR EBADF: bad file descriptor, write
npm warn tar TAR_ENTRY_ERROR ENOENT: no such file or directory, lstat 'D:\PROJECTS\SimHPC\app\node_modules\embla-carousel\esm'
npm warn tar TAR_ENTRY_ERROR ENOSPC: no space left on device, write
npm warn tar TAR_ENTRY_ERROR ENOSPC: no space left on device, write
npm warn tar TAR_ENTRY_ERROR ENOSPC: no space left on device, write
npm warn tar TAR_ENTRY_ERROR ENOSPC: no space left on device, write
npm warn tar TAR_ENTRY_ERROR ENOENT: no such file or directory, lstat 'D:\PROJECTS\SimHPC\app\node_modules\eslint\lib\eslint'
npm warn tar TAR_ENTRY_ERROR ENOSPC: no space left on device, write
npm warn tar TAR_ENTRY_ERROR ENOSPC: no space left on device, write
npm warn tar TAR_ENTRY_ERROR ENOSPC: no space left on device, write
npm warn tar TAR_ENTRY_ERROR EBADF: bad file descriptor, write
npm warn tar TAR_ENTRY_ERROR EBADF: bad file descriptor, write
npm warn tar TAR_ENTRY_ERROR ENOSPC: no space left on device, write
npm warn tar TAR_ENTRY_ERROR ENOSPC: no space left on device, write
npm warn tar TAR_ENTRY_ERROR ENOENT: no such file or directory, lstat 'D:\PROJECTS\SimHPC\app\node_modules\embla-carousel\esm'
npm warn tar TAR_ENTRY_ERROR ENOENT: no such file or directory, lstat 'D:\PROJECTS\SimHPC\app\node_modules\eslint\bin'
npm warn tar TAR_ENTRY_ERROR EBADF: bad file descriptor, write
npm warn tar TAR_ENTRY_ERROR EBADF: bad file descriptor, write
npm warn tar TAR_ENTRY_ERROR ENOSPC: no space left on device, write
npm warn tar TAR_ENTRY_ERROR EBADF: bad file descriptor, write
npm warn tar TAR_ENTRY_ERROR ENOSPC: no space left on device, write
npm warn tar TAR_ENTRY_ERROR ENOSPC: no space left on device, write
npm warn tar TAR_ENTRY_ERROR ENOENT: no such file or directory, lstat 'D:\PROJECTS\SimHPC\app\node_modules\@babel\types\lib\converters'
npm warn tar TAR_ENTRY_ERROR ENOSPC: no space left on device, write
npm warn tar TAR_ENTRY_ERROR EBADF: bad file descriptor, write
npm warn tar TAR_ENTRY_ERROR ENOSPC: no space left on device, write
npm warn tar TAR_ENTRY_ERROR ENOENT: no such file or directory, lstat 'D:\PROJECTS\SimHPC\app\node_modules\embla-carousel\esm'
npm warn tar TAR_ENTRY_ERROR ENOSPC: no space left on device, write
npm warn tar TAR_ENTRY_ERROR ENOSPC: no space left on device, write
npm warn tar TAR_ENTRY_ERROR ENOSPC: no space left on device, write
npm warn tar TAR_ENTRY_ERROR ENOENT: no such file or directory, lstat 'D:\PROJECTS\SimHPC\app\node_modules\motion-dom\dist\es\projection\geometry'
npm warn tar TAR_ENTRY_ERROR ENOSPC: no space left on device, write
npm warn tar TAR_ENTRY_ERROR ENOENT: no such file or directory, lstat 'D:\PROJECTS\SimHPC\app\node_modules\react-day-picker\dist\esm\classes'
npm warn tar TAR_ENTRY_ERROR ENOSPC: no space left on device, write
npm warn tar TAR_ENTRY_ERROR ENOSPC: no space left on device, write
npm warn tar TAR_ENTRY_ERROR ENOSPC: no space left on device, write
npm warn tar TAR_ENTRY_ERROR ENOENT: no such file or directory, lstat 'D:\PROJECTS\SimHPC\app\node_modules\@babel\core\lib\config\validation'
npm warn tar TAR_ENTRY_ERROR ENOENT: no such file or directory, lstat 'D:\PROJECTS\SimHPC\app\node_modules\embla-carousel\esm'
npm warn tar TAR_ENTRY_ERROR ENOSPC: no space left on device, write
npm warn tar TAR_ENTRY_ERROR ENOSPC: no space left on device, write
npm warn tar TAR_ENTRY_ERROR ENOSPC: no space left on device, write
npm warn tar TAR_ENTRY_ERROR EBADF: bad file descriptor, write
npm warn tar TAR_ENTRY_ERROR ENOENT: no such file or directory, lstat 'D:\PROJECTS\SimHPC\app\node_modules\eslint\lib\eslint'
npm warn tar TAR_ENTRY_ERROR ENOSPC: no space left on device, write
npm warn tar TAR_ENTRY_ERROR EBADF: bad file descriptor, write
npm warn tar TAR_ENTRY_ERROR EBADF: bad file descriptor, write
npm warn tar TAR_ENTRY_ERROR ENOSPC: no space left on device, write
npm warn tar TAR_ENTRY_ERROR ENOENT: no such file or directory, lstat 'D:\PROJECTS\SimHPC\app\node_modules\@babel\types\lib\converters'
npm warn tar TAR_ENTRY_ERROR ENOSPC: no space left on device, write
npm warn tar TAR_ENTRY_ERROR ENOSPC: no space left on device, write
npm warn tar TAR_ENTRY_ERROR ENOSPC: no space left on device, write
npm warn tar TAR_ENTRY_ERROR ENOENT: no such file or directory, lstat 'D:\PROJECTS\SimHPC\app\node_modules\embla-carousel\esm'
npm warn tar TAR_ENTRY_ERROR ENOSPC: no space left on device, write
npm warn tar TAR_ENTRY_ERROR ENOSPC: no space left on device, write
npm warn tar TAR_ENTRY_ERROR ENOSPC: no space left on device, write
npm warn tar TAR_ENTRY_ERROR ENOSPC: no space left on device, write
npm warn tar TAR_ENTRY_ERROR EBADF: bad file descriptor, write
npm warn tar TAR_ENTRY_ERROR ENOSPC: no space left on device, write
npm warn tar TAR_ENTRY_ERROR ENOSPC: no space left on device, write
npm warn tar TAR_ENTRY_ERROR ENOSPC: no space left on device, write
npm warn tar TAR_ENTRY_ERROR EBADF: bad file descriptor, write
npm warn tar TAR_ENTRY_ERROR ENOSPC: no space left on device, write
npm warn tar TAR_ENTRY_ERROR ENOENT: no such file or directory, lstat 'D:\PROJECTS\SimHPC\app\node_modules\embla-carousel\esm'
npm warn tar TAR_ENTRY_ERROR ENOSPC: no space left on device, write
npm warn tar TAR_ENTRY_ERROR ENOSPC: no space left on device, write
npm warn tar TAR_ENTRY_ERROR ENOSPC: no space left on device, write
npm warn tar TAR_ENTRY_ERROR EBADF: bad file descriptor, write
npm warn tar TAR_ENTRY_ERROR ENOENT: no such file or directory, lstat 'D:\PROJECTS\SimHPC\app\node_modules\@babel\types\lib\converters'
npm warn tar TAR_ENTRY_ERROR ENOSPC: no space left on device, write
npm warn tar TAR_ENTRY_ERROR ENOSPC: no space left on device, write
npm warn tar TAR_ENTRY_ERROR ENOSPC: no space left on device, write
npm warn tar TAR_ENTRY_ERROR ENOENT: no such file or directory, lstat 'D:\PROJECTS\SimHPC\app\node_modules\react-day-picker\dist\cjs\components'
npm warn tar TAR_ENTRY_ERROR ENOENT: no such file or directory, lstat 'D:\PROJECTS\SimHPC\app\node_modules\@babel\core\lib\config\validation'
npm warn tar TAR_ENTRY_ERROR ENOENT: no such file or directory, lstat 'D:\PROJECTS\SimHPC\app\node_modules\embla-carousel\esm'
npm warn tar TAR_ENTRY_ERROR ENOSPC: no space left on device, write
npm warn tar TAR_ENTRY_ERROR ENOSPC: no space left on device, write
npm warn tar TAR_ENTRY_ERROR EBADF: bad file descriptor, write
npm warn tar TAR_ENTRY_ERROR ENOSPC: no space left on device, write
npm warn tar TAR_ENTRY_ERROR ENOSPC: no space left on device, write
npm warn tar TAR_ENTRY_ERROR ENOSPC: no space left on device, write
npm warn tar TAR_ENTRY_ERROR ENOSPC: no space left on device, write
npm warn tar TAR_ENTRY_ERROR ENOENT: no such file or directory, lstat 'D:\PROJECTS\SimHPC\app\node_modules\motion-dom\dist\es\projection\geometry'
npm warn tar TAR_ENTRY_ERROR ENOSPC: no space left on device, write
npm warn tar TAR_ENTRY_ERROR ENOSPC: no space left on device, write
npm warn tar TAR_ENTRY_ERROR ENOSPC: no space left on device, write
npm warn tar TAR_ENTRY_ERROR ENOENT: no such file or directory, lstat 'D:\PROJECTS\SimHPC\app\node_modules\embla-carousel\esm'
npm warn tar TAR_ENTRY_ERROR ENOSPC: no space left on device, write
npm warn tar TAR_ENTRY_ERROR ENOSPC: no space left on device, write
npm warn tar TAR_ENTRY_ERROR EBADF: bad file descriptor, write
npm warn tar TAR_ENTRY_ERROR ENOSPC: no space left on device, write
npm warn tar TAR_ENTRY_ERROR EBADF: bad file descriptor, write
npm warn tar TAR_ENTRY_ERROR ENOSPC: no space left on device, write
npm warn tar TAR_ENTRY_ERROR ENOSPC: no space left on device, write
npm warn tar TAR_ENTRY_ERROR ENOSPC: no space left on device, write
npm warn tar TAR_ENTRY_ERROR EBADF: bad file descriptor, write
npm warn tar TAR_ENTRY_ERROR EBADF: bad file descriptor, write
npm warn tar TAR_ENTRY_ERROR ENOENT: no such file or directory, lstat 'D:\PROJECTS\SimHPC\app\node_modules\@babel\types\lib\converters'
npm warn tar TAR_ENTRY_ERROR ENOSPC: no space left on device, write
npm warn tar TAR_ENTRY_ERROR EBADF: bad file descriptor, write
npm warn tar TAR_ENTRY_ERROR ENOSPC: no space left on device, write
npm warn tar TAR_ENTRY_ERROR ENOENT: no such file or directory, lstat 'D:\PROJECTS\SimHPC\app\node_modules\@babel\core\lib\errors'
npm warn tar TAR_ENTRY_ERROR ENOENT: no such file or directory, lstat 'D:\PROJECTS\SimHPC\app\node_modules\embla-carousel\esm'
npm warn tar TAR_ENTRY_ERROR ENOSPC: no space left on device, write
npm warn tar TAR_ENTRY_ERROR ENOSPC: no space left on device, write
npm warn tar TAR_ENTRY_ERROR ENOSPC: no space left on device, write
npm warn tar TAR_ENTRY_ERROR ENOSPC: no space left on device, write
npm warn tar TAR_ENTRY_ERROR EBADF: bad file descriptor, write
npm warn tar TAR_ENTRY_ERROR ENOENT: no such file or directory, lstat 'D:\PROJECTS\SimHPC\app\node_modules\react-day-picker\dist\esm\components'
npm warn tar TAR_ENTRY_ERROR ENOSPC: no space left on device, write
npm warn tar TAR_ENTRY_ERROR EBADF: bad file descriptor, write
npm warn tar TAR_ENTRY_ERROR ENOSPC: no space left on device, write
npm warn tar TAR_ENTRY_ERROR ENOENT: no such file or directory, lstat 'D:\PROJECTS\SimHPC\app\node_modules\embla-carousel\esm'
npm warn tar TAR_ENTRY_ERROR EBADF: bad file descriptor, write
npm warn tar TAR_ENTRY_ERROR ENOSPC: no space left on device, write
npm warn tar TAR_ENTRY_ERROR ENOSPC: no space left on device, write
npm warn tar TAR_ENTRY_ERROR EBADF: bad file descriptor, write
npm warn tar TAR_ENTRY_ERROR ENOENT: no such file or directory, lstat 'D:\PROJECTS\SimHPC\app\node_modules\@babel\types\lib\converters'
npm warn tar TAR_ENTRY_ERROR ENOSPC: no space left on device, write
npm warn tar TAR_ENTRY_ERROR ENOSPC: no space left on device, write
npm warn tar TAR_ENTRY_ERROR EBADF: bad file descriptor, write
npm warn tar TAR_ENTRY_ERROR ENOSPC: no space left on device, write
npm warn tar TAR_ENTRY_ERROR ENOSPC: no space left on device, write
npm warn tar TAR_ENTRY_ERROR ENOENT: no such file or directory, lstat 'D:\PROJECTS\SimHPC\app\node_modules\@babel\core\lib\errors'
npm warn tar TAR_ENTRY_ERROR ENOSPC: no space left on device, write
npm warn tar TAR_ENTRY_ERROR ENOSPC: no space left on device, write
npm warn tar TAR_ENTRY_ERROR ENOENT: no such file or directory, lstat 'D:\PROJECTS\SimHPC\app\node_modules\embla-carousel\esm'
npm warn tar TAR_ENTRY_ERROR ENOSPC: no space left on device, write
npm warn tar TAR_ENTRY_ERROR ENOSPC: no space left on device, write
npm warn tar TAR_ENTRY_ERROR ENOSPC: no space left on device, write
npm warn tar TAR_ENTRY_ERROR ENOENT: no such file or directory, lstat 'D:\PROJECTS\SimHPC\app\node_modules\motion-dom\dist\es\projection\geometry'
npm warn tar TAR_ENTRY_ERROR ENOSPC: no space left on device, write
npm warn tar TAR_ENTRY_ERROR ENOSPC: no space left on device, write
npm warn tar TAR_ENTRY_ERROR ENOSPC: no space left on device, write
npm warn tar TAR_ENTRY_ERROR ENOSPC: no space left on device, write
npm warn tar TAR_ENTRY_ERROR EBADF: bad file descriptor, write
npm warn tar TAR_ENTRY_ERROR ENOSPC: no space left on device, write
npm warn tar TAR_ENTRY_ERROR ENOENT: no such file or directory, lstat 'D:\PROJECTS\SimHPC\app\node_modules\embla-carousel\esm'
npm warn tar TAR_ENTRY_ERROR EBADF: bad file descriptor, write
npm warn tar TAR_ENTRY_ERROR EBADF: bad file descriptor, write
npm warn tar TAR_ENTRY_ERROR ENOSPC: no space left on device, write
npm warn tar TAR_ENTRY_ERROR ENOSPC: no space left on device, write
npm warn tar TAR_ENTRY_ERROR ENOENT: no such file or directory, lstat 'D:\PROJECTS\SimHPC\app\node_modules\@babel\types\lib\converters'
npm warn tar TAR_ENTRY_ERROR ENOSPC: no space left on device, write
npm warn tar TAR_ENTRY_ERROR ENOENT: no such file or directory, lstat 'D:\PROJECTS\SimHPC\app\node_modules\react-day-picker\dist\cjs\components'
npm warn tar TAR_ENTRY_ERROR ENOENT: no such file or directory, lstat 'D:\PROJECTS\SimHPC\app\node_modules\@babel\core\lib\errors'
npm warn tar TAR_ENTRY_ERROR ENOSPC: no space left on device, write
npm warn tar TAR_ENTRY_ERROR ENOENT: no such file or directory, lstat 'D:\PROJECTS\SimHPC\app\node_modules\embla-carousel\esm'
npm warn tar TAR_ENTRY_ERROR ENOSPC: no space left on device, write
npm warn tar TAR_ENTRY_ERROR ENOSPC: no space left on device, write
npm warn tar TAR_ENTRY_ERROR EBADF: bad file descriptor, write
npm warn tar TAR_ENTRY_ERROR ENOSPC: no space left on device, write
npm warn tar TAR_ENTRY_ERROR ENOSPC: no space left on device, write
npm warn tar TAR_ENTRY_ERROR ENOSPC: no space left on device, write
npm warn tar TAR_ENTRY_ERROR ENOSPC: no space left on device, write
npm warn tar TAR_ENTRY_ERROR EBADF: bad file descriptor, write
npm warn tar TAR_ENTRY_ERROR ENOSPC: no space left on device, write
npm warn tar TAR_ENTRY_ERROR ENOSPC: no space left on device, write
npm warn tar TAR_ENTRY_ERROR ENOSPC: no space left on device, write
npm warn tar TAR_ENTRY_ERROR EBADF: bad file descriptor, write
npm warn tar TAR_ENTRY_ERROR ENOSPC: no space left on device, write
npm warn tar TAR_ENTRY_ERROR ENOENT: no such file or directory, lstat 'D:\PROJECTS\SimHPC\app\node_modules\embla-carousel\esm'
npm warn tar TAR_ENTRY_ERROR ENOSPC: no space left on device, write
npm warn tar TAR_ENTRY_ERROR ENOSPC: no space left on device, write
npm warn tar TAR_ENTRY_ERROR ENOSPC: no space left on device, write
npm warn tar TAR_ENTRY_ERROR ENOSPC: no space left on device, write
npm warn tar TAR_ENTRY_ERROR ENOSPC: no space left on device, write
npm warn tar TAR_ENTRY_ERROR ENOSPC: no space left on device, write
npm warn tar TAR_ENTRY_ERROR ENOENT: no such file or directory, lstat 'D:\PROJECTS\SimHPC\app\node_modules\@babel\types\lib\converters'
npm warn tar TAR_ENTRY_ERROR ENOSPC: no space left on device, write
npm warn tar TAR_ENTRY_ERROR EBADF: bad file descriptor, write
npm warn tar TAR_ENTRY_ERROR ENOENT: no such file or directory, lstat 'D:\PROJECTS\SimHPC\app\node_modules\@babel\core\lib\errors'
npm warn tar TAR_ENTRY_ERROR EBADF: bad file descriptor, write
npm warn tar TAR_ENTRY_ERROR ENOENT: no such file or directory, lstat 'D:\PROJECTS\SimHPC\app\node_modules\embla-carousel\esm'
npm warn tar TAR_ENTRY_ERROR EBADF: bad file descriptor, write
npm warn tar TAR_ENTRY_ERROR ENOSPC: no space left on device, write
npm warn tar TAR_ENTRY_ERROR EBADF: bad file descriptor, write
npm warn tar TAR_ENTRY_ERROR ENOSPC: no space left on device, write
npm warn tar TAR_ENTRY_ERROR EBADF: bad file descriptor, write
npm warn tar TAR_ENTRY_ERROR EBADF: bad file descriptor, write
npm warn tar TAR_ENTRY_ERROR ENOSPC: no space left on device, write
npm warn tar TAR_ENTRY_ERROR ENOSPC: no space left on device, write
npm warn tar TAR_ENTRY_ERROR ENOSPC: no space left on device, write
npm warn tar TAR_ENTRY_ERROR ENOSPC: no space left on device, write
npm warn tar TAR_ENTRY_ERROR ENOSPC: no space left on device, write
npm warn tar TAR_ENTRY_ERROR ENOENT: no such file or directory, lstat 'D:\PROJECTS\SimHPC\app\node_modules\react-day-picker\dist\esm\components'
npm warn tar TAR_ENTRY_ERROR EBADF: bad file descriptor, write
npm warn tar TAR_ENTRY_ERROR ENOENT: no such file or directory, lstat 'D:\PROJECTS\SimHPC\app\node_modules\embla-carousel\esm'
npm warn tar TAR_ENTRY_ERROR ENOENT: no such file or directory, lstat 'D:\PROJECTS\SimHPC\app\node_modules\framer-motion\dist\es\context'
npm warn tar TAR_ENTRY_ERROR ENOSPC: no space left on device, write
npm warn tar TAR_ENTRY_ERROR ENOENT: no such file or directory, lstat 'D:\PROJECTS\SimHPC\app\node_modules\victory-vendor\lib-vendor\d3-color\src'
npm warn tar TAR_ENTRY_ERROR ENOSPC: no space left on device, write
npm warn tar TAR_ENTRY_ERROR ENOENT: no such file or directory, lstat 'D:\PROJECTS\SimHPC\app\node_modules\recharts\es6\util\cursor'
npm warn tar TAR_ENTRY_ERROR EBADF: bad file descriptor, write
npm warn tar TAR_ENTRY_ERROR ENOENT: no such file or directory, lstat 'D:\PROJECTS\SimHPC\app\node_modules\@babel\types\lib\definitions'
npm warn tar TAR_ENTRY_ERROR ENOSPC: no space left on device, write
npm warn tar TAR_ENTRY_ERROR EBADF: bad file descriptor, write
npm warn tar TAR_ENTRY_ERROR ENOSPC: no space left on device, write
npm warn tar TAR_ENTRY_ERROR ENOSPC: no space left on device, write
npm warn tar TAR_ENTRY_ERROR ENOENT: no such file or directory, lstat 'D:\PROJECTS\SimHPC\app\node_modules\@babel\core\lib\gensync-utils'
npm warn tar TAR_ENTRY_ERROR ENOSPC: no space left on device, write
npm warn tar TAR_ENTRY_ERROR ENOENT: no such file or directory, lstat 'D:\PROJECTS\SimHPC\app\node_modules\embla-carousel\esm'
npm warn tar TAR_ENTRY_ERROR ENOSPC: no space left on device, write
npm warn tar TAR_ENTRY_ERROR ENOSPC: no space left on device, write
npm warn tar TAR_ENTRY_ERROR ENOSPC: no space left on device, write
npm warn tar TAR_ENTRY_ERROR EBADF: bad file descriptor, write
npm warn tar TAR_ENTRY_ERROR ENOSPC: no space left on device, write
npm warn tar TAR_ENTRY_ERROR ENOENT: no such file or directory, lstat 'D:\PROJECTS\SimHPC\app\node_modules\sucrase\register'
npm warn tar TAR_ENTRY_ERROR EBADF: bad file descriptor, write
npm warn tar TAR_ENTRY_ERROR EBADF: bad file descriptor, write
npm warn tar TAR_ENTRY_ERROR ENOSPC: no space left on device, write
npm warn tar TAR_ENTRY_ERROR ENOSPC: no space left on device, write
npm warn tar TAR_ENTRY_ERROR ENOENT: no such file or directory, lstat 'D:\PROJECTS\SimHPC\app\node_modules\embla-carousel\esm'
npm warn tar TAR_ENTRY_ERROR ENOSPC: no space left on device, write
npm warn tar TAR_ENTRY_ERROR ENOSPC: no space left on device, write
npm warn tar TAR_ENTRY_ERROR ENOSPC: no space left on device, write
npm warn tar TAR_ENTRY_ERROR ENOSPC: no space left on device, write
npm warn tar TAR_ENTRY_ERROR EBADF: bad file descriptor, write
npm warn tar TAR_ENTRY_ERROR ENOENT: no such file or directory, lstat 'D:\PROJECTS\SimHPC\app\node_modules\@babel\types\lib\definitions'
npm warn tar TAR_ENTRY_ERROR ENOSPC: no space left on device, write
npm warn tar TAR_ENTRY_ERROR ENOSPC: no space left on device, write
npm warn tar TAR_ENTRY_ERROR EBADF: bad file descriptor, write
npm warn tar TAR_ENTRY_ERROR ENOENT: no such file or directory, lstat 'D:\PROJECTS\SimHPC\app\node_modules\@babel\core\lib\gensync-utils'
npm warn tar TAR_ENTRY_ERROR ENOENT: no such file or directory, lstat 'D:\PROJECTS\SimHPC\app\node_modules\sucrase\register'
npm warn tar TAR_ENTRY_ERROR ENOSPC: no space left on device, write
npm warn tar TAR_ENTRY_ERROR ENOSPC: no space left on device, write
npm warn tar TAR_ENTRY_ERROR ENOENT: no such file or directory, lstat 'D:\PROJECTS\SimHPC\app\node_modules\embla-carousel\esm'
npm warn tar TAR_ENTRY_ERROR ENOENT: no such file or directory, lstat 'D:\PROJECTS\SimHPC\app\node_modules\framer-motion\dist\es\utils'
npm warn tar TAR_ENTRY_ERROR ENOSPC: no space left on device, write
npm warn tar TAR_ENTRY_ERROR EBADF: bad file descriptor, write
npm warn tar TAR_ENTRY_ERROR ENOSPC: no space left on device, write
npm warn tar TAR_ENTRY_ERROR ENOSPC: no space left on device, write
npm warn tar TAR_ENTRY_ERROR EBADF: bad file descriptor, write
npm warn tar TAR_ENTRY_ERROR ENOENT: no such file or directory, lstat 'D:\PROJECTS\SimHPC\app\node_modules\resolve\test\module_dir\zmodules'
npm warn tar TAR_ENTRY_ERROR EBADF: bad file descriptor, write
npm warn tar TAR_ENTRY_ERROR ENOENT: no such file or directory, lstat 'D:\PROJECTS\SimHPC\app\node_modules\recharts\lib\util\cursor'
npm warn tar TAR_ENTRY_ERROR EBADF: bad file descriptor, write
npm warn tar TAR_ENTRY_ERROR EBADF: bad file descriptor, write
npm warn tar TAR_ENTRY_ERROR ENOSPC: no space left on device, write
npm warn tar TAR_ENTRY_ERROR ENOSPC: no space left on device, write
npm warn tar TAR_ENTRY_ERROR ENOENT: no such file or directory, lstat 'D:\PROJECTS\SimHPC\app\node_modules\embla-carousel\esm'
npm warn tar TAR_ENTRY_ERROR ENOSPC: no space left on device, write
npm warn tar TAR_ENTRY_ERROR ENOSPC: no space left on device, write
npm warn tar TAR_ENTRY_ERROR EBADF: bad file descriptor, write
npm warn tar TAR_ENTRY_ERROR ENOENT: no such file or directory, lstat 'D:\PROJECTS\SimHPC\app\node_modules\@babel\types\lib\definitions'
npm warn tar TAR_ENTRY_ERROR ENOSPC: no space left on device, write
npm warn tar TAR_ENTRY_ERROR ENOSPC: no space left on device, write
npm warn tar TAR_ENTRY_ERROR ENOSPC: no space left on device, write
npm warn tar TAR_ENTRY_ERROR EBADF: bad file descriptor, write
npm warn tar TAR_ENTRY_ERROR ENOENT: no such file or directory, lstat 'D:\PROJECTS\SimHPC\app\node_modules\@babel\core\lib\gensync-utils'
npm warn tar TAR_ENTRY_ERROR ENOSPC: no space left on device, write
npm warn tar TAR_ENTRY_ERROR ENOSPC: no space left on device, write
npm warn tar TAR_ENTRY_ERROR ENOENT: no such file or directory, lstat 'D:\PROJECTS\SimHPC\app\node_modules\embla-carousel\esm'
npm warn tar TAR_ENTRY_ERROR ENOENT: no such file or directory, lstat 'D:\PROJECTS\SimHPC\app\node_modules\motion-dom\dist\es\projection\node'
npm warn tar TAR_ENTRY_ERROR EBADF: bad file descriptor, write
npm warn tar TAR_ENTRY_ERROR EBADF: bad file descriptor, write
npm warn tar TAR_ENTRY_ERROR ENOSPC: no space left on device, write
npm warn tar TAR_ENTRY_ERROR ENOSPC: no space left on device, write
npm warn tar TAR_ENTRY_ERROR ENOSPC: no space left on device, write
npm warn tar TAR_ENTRY_ERROR ENOSPC: no space left on device, write
npm warn tar TAR_ENTRY_ERROR ENOSPC: no space left on device, write
npm warn tar TAR_ENTRY_ERROR ENOENT: no such file or directory, lstat 'D:\PROJECTS\SimHPC\app\node_modules\embla-carousel\esm'
npm warn tar TAR_ENTRY_ERROR ENOSPC: no space left on device, write
npm warn tar TAR_ENTRY_ERROR ENOSPC: no space left on device, write
npm warn tar TAR_ENTRY_ERROR ENOSPC: no space left on device, write
npm warn tar TAR_ENTRY_ERROR ENOSPC: no space left on device, write
npm warn tar TAR_ENTRY_ERROR ENOSPC: no space left on device, write
npm warn tar TAR_ENTRY_ERROR ENOSPC: no space left on device, write
npm warn tar TAR_ENTRY_ERROR ENOENT: no such file or directory, lstat 'D:\PROJECTS\SimHPC\app\node_modules\recharts\es6\util\cursor'
npm warn tar TAR_ENTRY_ERROR ENOENT: no such file or directory, lstat 'D:\PROJECTS\SimHPC\app\node_modules\@babel\types\lib\definitions'
npm warn tar TAR_ENTRY_ERROR EBADF: bad file descriptor, write
npm warn tar TAR_ENTRY_ERROR ENOSPC: no space left on device, write
npm warn tar TAR_ENTRY_ERROR ENOENT: no such file or directory, lstat 'D:\PROJECTS\SimHPC\app\node_modules\@babel\core\lib\gensync-utils'
npm warn tar TAR_ENTRY_ERROR EBADF: bad file descriptor, write
npm warn tar TAR_ENTRY_ERROR ENOSPC: no space left on device, write
npm warn tar TAR_ENTRY_ERROR ENOENT: no such file or directory, lstat 'D:\PROJECTS\SimHPC\app\node_modules\embla-carousel\esm'
npm warn tar TAR_ENTRY_ERROR ENOSPC: no space left on device, write
npm warn tar TAR_ENTRY_ERROR EBADF: bad file descriptor, write
npm warn tar TAR_ENTRY_ERROR ENOSPC: no space left on device, write
npm warn tar TAR_ENTRY_ERROR ENOSPC: no space left on device, write
npm warn tar TAR_ENTRY_ERROR ENOSPC: no space left on device, write
npm warn tar TAR_ENTRY_ERROR ENOSPC: no space left on device, write
npm warn tar TAR_ENTRY_ERROR ENOSPC: no space left on device, write
npm warn tar TAR_ENTRY_ERROR ENOSPC: no space left on device, write
npm warn tar TAR_ENTRY_ERROR ENOSPC: no space left on device, write
npm warn tar TAR_ENTRY_ERROR ENOSPC: no space left on device, write
npm warn tar TAR_ENTRY_ERROR ENOSPC: no space left on device, write
npm warn tar TAR_ENTRY_ERROR ENOENT: no such file or directory, lstat 'D:\PROJECTS\SimHPC\app\node_modules\embla-carousel\esm'
npm warn tar TAR_ENTRY_ERROR EBADF: bad file descriptor, write
npm warn tar TAR_ENTRY_ERROR ENOSPC: no space left on device, write
npm warn tar TAR_ENTRY_ERROR ENOSPC: no space left on device, write
npm warn tar TAR_ENTRY_ERROR EBADF: bad file descriptor, write
npm warn tar TAR_ENTRY_ERROR ENOSPC: no space left on device, write
npm warn tar TAR_ENTRY_ERROR ENOENT: no such file or directory, lstat 'D:\PROJECTS\SimHPC\app\node_modules\@babel\types\lib\definitions'
npm warn tar TAR_ENTRY_ERROR ENOSPC: no space left on device, write
npm warn tar TAR_ENTRY_ERROR EBADF: bad file descriptor, write
npm warn tar TAR_ENTRY_ERROR ENOENT: no such file or directory, lstat 'D:\PROJECTS\SimHPC\app\node_modules\@babel\core\lib\gensync-utils'
npm warn tar TAR_ENTRY_ERROR EBADF: bad file descriptor, write
npm warn tar TAR_ENTRY_ERROR ENOSPC: no space left on device, write
npm warn tar TAR_ENTRY_ERROR ENOENT: no such file or directory, lstat 'D:\PROJECTS\SimHPC\app\node_modules\embla-carousel\esm'
npm warn tar TAR_ENTRY_ERROR ENOSPC: no space left on device, write
npm warn tar TAR_ENTRY_ERROR ENOSPC: no space left on device, write
npm warn tar TAR_ENTRY_ERROR ENOENT: no such file or directory, lstat 'D:\PROJECTS\SimHPC\app\node_modules\recharts\lib\util\cursor'
npm warn tar TAR_ENTRY_ERROR EBADF: bad file descriptor, write
npm warn tar TAR_ENTRY_ERROR ENOSPC: no space left on device, write
npm warn tar TAR_ENTRY_ERROR ENOSPC: no space left on device, write
npm warn tar TAR_ENTRY_ERROR ENOSPC: no space left on device, write
npm warn tar TAR_ENTRY_ERROR ENOSPC: no space left on device, write
npm warn tar TAR_ENTRY_ERROR ENOSPC: no space left on device, write
npm warn tar TAR_ENTRY_ERROR ENOSPC: no space left on device, write
npm warn tar TAR_ENTRY_ERROR ENOSPC: no space left on device, write
npm warn tar TAR_ENTRY_ERROR ENOSPC: no space left on device, write
npm warn tar TAR_ENTRY_ERROR ENOENT: no such file or directory, lstat 'D:\PROJECTS\SimHPC\app\node_modules\embla-carousel\esm'
npm warn tar TAR_ENTRY_ERROR EBADF: bad file descriptor, write
npm warn tar TAR_ENTRY_ERROR EBADF: bad file descriptor, write
npm warn tar TAR_ENTRY_ERROR EBADF: bad file descriptor, write
npm warn tar TAR_ENTRY_ERROR ENOSPC: no space left on device, write
npm warn tar TAR_ENTRY_ERROR EBADF: bad file descriptor, write
npm warn tar TAR_ENTRY_ERROR EBADF: bad file descriptor, write
npm warn tar TAR_ENTRY_ERROR ENOENT: no such file or directory, lstat 'D:\PROJECTS\SimHPC\app\node_modules\@babel\types\lib\definitions'
npm warn tar TAR_ENTRY_ERROR ENOSPC: no space left on device, write
npm warn tar TAR_ENTRY_ERROR ENOENT: no such file or directory, lstat 'D:\PROJECTS\SimHPC\app\node_modules\@babel\core\lib\gensync-utils'
npm warn tar TAR_ENTRY_ERROR ENOSPC: no space left on device, write
npm warn tar TAR_ENTRY_ERROR ENOSPC: no space left on device, write
npm warn tar TAR_ENTRY_ERROR ENOENT: no such file or directory, lstat 'D:\PROJECTS\SimHPC\app\node_modules\embla-carousel\esm'
npm warn tar TAR_ENTRY_ERROR ENOSPC: no space left on device, write
npm warn tar TAR_ENTRY_ERROR ENOSPC: no space left on device, write
npm warn tar TAR_ENTRY_ERROR EBADF: bad file descriptor, write
npm warn tar TAR_ENTRY_ERROR ENOSPC: no space left on device, write
npm warn tar TAR_ENTRY_ERROR EBADF: bad file descriptor, write
npm warn tar TAR_ENTRY_ERROR EBADF: bad file descriptor, write
npm warn tar TAR_ENTRY_ERROR ENOSPC: no space left on device, write
npm warn tar TAR_ENTRY_ERROR ENOENT: no such file or directory, lstat 'D:\PROJECTS\SimHPC\app\node_modules\embla-carousel\esm'
npm warn tar TAR_ENTRY_ERROR ENOSPC: no space left on device, write
npm warn tar TAR_ENTRY_ERROR ENOSPC: no space left on device, write
npm warn tar TAR_ENTRY_ERROR ENOSPC: no space left on device, write
npm warn tar TAR_ENTRY_ERROR ENOSPC: no space left on device, write
npm warn tar TAR_ENTRY_ERROR ENOSPC: no space left on device, write
npm warn tar TAR_ENTRY_ERROR ENOSPC: no space left on device, write
npm warn tar TAR_ENTRY_ERROR ENOSPC: no space left on device, write
npm warn tar TAR_ENTRY_ERROR ENOSPC: no space left on device, write
npm warn tar TAR_ENTRY_ERROR ENOENT: no such file or directory, lstat 'D:\PROJECTS\SimHPC\app\node_modules\react-day-picker\dist\cjs\hebrew\utils'
npm warn tar TAR_ENTRY_ERROR ENOENT: no such file or directory, lstat 'D:\PROJECTS\SimHPC\app\node_modules\@babel\types\lib\definitions'
npm warn tar TAR_ENTRY_ERROR ENOSPC: no space left on device, write
npm warn tar TAR_ENTRY_ERROR ENOSPC: no space left on device, write
npm warn tar TAR_ENTRY_ERROR ENOSPC: no space left on device, write
npm warn tar TAR_ENTRY_ERROR ENOENT: no such file or directory, lstat 'D:\PROJECTS\SimHPC\app\node_modules\embla-carousel\esm'
npm warn tar TAR_ENTRY_ERROR ENOSPC: no space left on device, write
npm warn tar TAR_ENTRY_ERROR ENOSPC: no space left on device, write
npm warn tar TAR_ENTRY_ERROR EBADF: bad file descriptor, write
npm warn tar TAR_ENTRY_ERROR ENOSPC: no space left on device, write
npm warn tar TAR_ENTRY_ERROR EBADF: bad file descriptor, write
npm warn tar TAR_ENTRY_ERROR ENOSPC: no space left on device, write
npm warn tar TAR_ENTRY_ERROR ENOSPC: no space left on device, write
npm warn tar TAR_ENTRY_ERROR EBADF: bad file descriptor, write
npm warn tar TAR_ENTRY_ERROR EBADF: bad file descriptor, write
npm warn tar TAR_ENTRY_ERROR EBADF: bad file descriptor, write
npm warn tar TAR_ENTRY_ERROR ENOSPC: no space left on device, write
npm warn tar TAR_ENTRY_ERROR ENOENT: no such file or directory, lstat 'D:\PROJECTS\SimHPC\app\node_modules\embla-carousel\esm'
npm warn tar TAR_ENTRY_ERROR EBADF: bad file descriptor, write
npm warn tar TAR_ENTRY_ERROR ENOSPC: no space left on device, write
npm warn tar TAR_ENTRY_ERROR ENOSPC: no space left on device, write
npm warn tar TAR_ENTRY_ERROR ENOENT: no such file or directory, lstat 'D:\PROJECTS\SimHPC\app\node_modules\@babel\types\lib\definitions'
npm warn tar TAR_ENTRY_ERROR ENOSPC: no space left on device, write
npm warn tar TAR_ENTRY_ERROR ENOSPC: no space left on device, write
npm warn tar TAR_ENTRY_ERROR ENOENT: no such file or directory, lstat 'D:\PROJECTS\SimHPC\app\node_modules\sucrase\dist\esm\parser\tokenizer'
npm warn tar TAR_ENTRY_ERROR ENOSPC: no space left on device, write
npm warn tar TAR_ENTRY_ERROR ENOSPC: no space left on device, write
npm warn tar TAR_ENTRY_ERROR ENOENT: no such file or directory, lstat 'D:\PROJECTS\SimHPC\app\node_modules\embla-carousel\esm'
npm warn tar TAR_ENTRY_ERROR EBADF: bad file descriptor, write
npm warn tar TAR_ENTRY_ERROR ENOSPC: no space left on device, write
npm warn tar TAR_ENTRY_ERROR ENOSPC: no space left on device, write
npm warn tar TAR_ENTRY_ERROR ENOSPC: no space left on device, write
npm warn tar TAR_ENTRY_ERROR ENOSPC: no space left on device, write
npm warn tar TAR_ENTRY_ERROR ENOSPC: no space left on device, write
npm warn tar TAR_ENTRY_ERROR EBADF: bad file descriptor, write
npm warn tar TAR_ENTRY_ERROR EBADF: bad file descriptor, write
npm warn tar TAR_ENTRY_ERROR EBADF: bad file descriptor, write
npm warn tar TAR_ENTRY_ERROR ENOSPC: no space left on device, write
npm warn tar TAR_ENTRY_ERROR ENOENT: no such file or directory, lstat 'D:\PROJECTS\SimHPC\app\node_modules\embla-carousel\esm'
npm warn tar TAR_ENTRY_ERROR ENOSPC: no space left on device, write
npm warn tar TAR_ENTRY_ERROR ENOSPC: no space left on device, write
npm warn tar TAR_ENTRY_ERROR EBADF: bad file descriptor, write
npm warn tar TAR_ENTRY_ERROR ENOSPC: no space left on device, write
npm warn tar TAR_ENTRY_ERROR ENOENT: no such file or directory, lstat 'D:\PROJECTS\SimHPC\app\node_modules\victory-vendor\es'
npm warn tar TAR_ENTRY_ERROR ENOSPC: no space left on device, write
npm warn tar TAR_ENTRY_ERROR ENOSPC: no space left on device, write
npm warn tar TAR_ENTRY_ERROR ENOSPC: no space left on device, write
npm warn tar TAR_ENTRY_ERROR EBADF: bad file descriptor, write
npm warn tar TAR_ENTRY_ERROR ENOSPC: no space left on device, write
npm warn tar TAR_ENTRY_ERROR ENOENT: no such file or directory, lstat 'D:\PROJECTS\SimHPC\app\node_modules\@babel\types\lib\definitions'
npm warn tar TAR_ENTRY_ERROR ENOENT: no such file or directory, lstat 'D:\PROJECTS\SimHPC\app\node_modules\react-day-picker\dist\esm\hebrew\utils'
npm warn tar TAR_ENTRY_ERROR ENOSPC: no space left on device, write
npm warn tar TAR_ENTRY_ERROR EBADF: bad file descriptor, write
npm warn tar TAR_ENTRY_ERROR ENOSPC: no space left on device, write
npm warn tar TAR_ENTRY_ERROR EBADF: bad file descriptor, write
npm warn tar TAR_ENTRY_ERROR ENOENT: no such file or directory, lstat 'D:\PROJECTS\SimHPC\app\node_modules\embla-carousel\esm'
npm warn tar TAR_ENTRY_ERROR ENOSPC: no space left on device, write
npm warn tar TAR_ENTRY_ERROR ENOENT: no such file or directory, lstat 'D:\PROJECTS\SimHPC\app\node_modules\victory-vendor\lib'
npm warn tar TAR_ENTRY_ERROR ENOSPC: no space left on device, write
npm warn tar TAR_ENTRY_ERROR ENOSPC: no space left on device, write
npm warn tar TAR_ENTRY_ERROR ENOSPC: no space left on device, write
npm warn tar TAR_ENTRY_ERROR EBADF: bad file descriptor, write
npm warn tar TAR_ENTRY_ERROR ENOENT: no such file or directory, lstat 'D:\PROJECTS\SimHPC\app\node_modules\sucrase\dist\parser\tokenizer'
npm warn tar TAR_ENTRY_ERROR ENOSPC: no space left on device, write
npm warn tar TAR_ENTRY_ERROR ENOENT: no such file or directory, lstat 'D:\PROJECTS\SimHPC\app\node_modules\embla-carousel\esm'
npm warn tar TAR_ENTRY_ERROR EBADF: bad file descriptor, write
npm warn tar TAR_ENTRY_ERROR ENOSPC: no space left on device, write
npm warn tar TAR_ENTRY_ERROR EBADF: bad file descriptor, write
npm warn tar TAR_ENTRY_ERROR ENOENT: no such file or directory, lstat 'D:\PROJECTS\SimHPC\app\node_modules\victory-vendor\es'
npm warn tar TAR_ENTRY_ERROR ENOSPC: no space left on device, write
npm warn tar TAR_ENTRY_ERROR EBADF: bad file descriptor, write
npm warn tar TAR_ENTRY_ERROR ENOSPC: no space left on device, write
npm warn tar TAR_ENTRY_ERROR ENOENT: no such file or directory, lstat 'D:\PROJECTS\SimHPC\app\node_modules\@babel\types\lib\definitions'
npm warn tar TAR_ENTRY_ERROR ENOSPC: no space left on device, write
npm warn tar TAR_ENTRY_ERROR ENOSPC: no space left on device, write
npm warn tar TAR_ENTRY_ERROR ENOENT: no such file or directory, lstat 'D:\PROJECTS\SimHPC\app\node_modules\embla-carousel\esm'
npm warn tar TAR_ENTRY_ERROR ENOSPC: no space left on device, write
npm warn tar TAR_ENTRY_ERROR ENOENT: no such file or directory, lstat 'D:\PROJECTS\SimHPC\app\node_modules\victory-vendor\lib'
npm warn tar TAR_ENTRY_ERROR ENOSPC: no space left on device, write
npm warn tar TAR_ENTRY_ERROR ENOSPC: no space left on device, write
npm warn tar TAR_ENTRY_ERROR ENOSPC: no space left on device, write
npm warn tar TAR_ENTRY_ERROR ENOSPC: no space left on device, write
npm warn tar TAR_ENTRY_ERROR EBADF: bad file descriptor, write
npm warn tar TAR_ENTRY_ERROR ENOSPC: no space left on device, write
npm warn tar TAR_ENTRY_ERROR ENOSPC: no space left on device, write
npm warn tar TAR_ENTRY_ERROR EBADF: bad file descriptor, write
npm warn tar TAR_ENTRY_ERROR ENOSPC: no space left on device, write
npm warn tar TAR_ENTRY_ERROR ENOENT: no such file or directory, lstat 'D:\PROJECTS\SimHPC\app\node_modules\embla-carousel\esm'
npm warn tar TAR_ENTRY_ERROR ENOSPC: no space left on device, write
npm warn tar TAR_ENTRY_ERROR ENOSPC: no space left on device, write
npm warn tar TAR_ENTRY_ERROR ENOSPC: no space left on device, write
npm warn tar TAR_ENTRY_ERROR EBADF: bad file descriptor, write
npm warn tar TAR_ENTRY_ERROR EBADF: bad file descriptor, write
npm warn tar TAR_ENTRY_ERROR EBADF: bad file descriptor, write
npm warn tar TAR_ENTRY_ERROR ENOSPC: no space left on device, write
npm warn tar TAR_ENTRY_ERROR ENOENT: no such file or directory, lstat 'D:\PROJECTS\SimHPC\app\node_modules\@babel\types\lib\definitions'
npm warn tar TAR_ENTRY_ERROR ENOSPC: no space left on device, write
npm warn tar TAR_ENTRY_ERROR ENOSPC: no space left on device, write
npm warn tar TAR_ENTRY_ERROR ENOSPC: no space left on device, write
npm warn tar TAR_ENTRY_ERROR ENOENT: no such file or directory, lstat 'D:\PROJECTS\SimHPC\app\node_modules\react-day-picker\dist\cjs\hijri\utils'
npm warn tar TAR_ENTRY_ERROR ENOENT: no such file or directory, lstat 'D:\PROJECTS\SimHPC\app\node_modules\embla-carousel\esm'
npm warn tar TAR_ENTRY_ERROR EBADF: bad file descriptor, write
npm warn tar TAR_ENTRY_ERROR ENOSPC: no space left on device, write
npm warn tar TAR_ENTRY_ERROR ENOSPC: no space left on device, write
npm warn tar TAR_ENTRY_ERROR ENOSPC: no space left on device, write
npm warn tar TAR_ENTRY_ERROR ENOSPC: no space left on device, write
npm warn tar TAR_ENTRY_ERROR ENOSPC: no space left on device, write
npm warn tar TAR_ENTRY_ERROR ENOSPC: no space left on device, write
npm warn tar TAR_ENTRY_ERROR EBADF: bad file descriptor, write
npm warn tar TAR_ENTRY_ERROR ENOENT: no such file or directory, lstat 'D:\PROJECTS\SimHPC\app\node_modules\victory-vendor\es'
npm warn tar TAR_ENTRY_ERROR ENOSPC: no space left on device, write
npm warn tar TAR_ENTRY_ERROR ENOSPC: no space left on device, write
npm warn tar TAR_ENTRY_ERROR ENOENT: no such file or directory, lstat 'D:\PROJECTS\SimHPC\app\node_modules\embla-carousel\esm'
npm warn tar TAR_ENTRY_ERROR EBADF: bad file descriptor, write
npm warn tar TAR_ENTRY_ERROR ENOSPC: no space left on device, write
npm warn tar TAR_ENTRY_ERROR ENOSPC: no space left on device, write
npm warn tar TAR_ENTRY_ERROR ENOSPC: no space left on device, write
npm warn tar TAR_ENTRY_ERROR EBADF: bad file descriptor, write
npm warn tar TAR_ENTRY_ERROR EBADF: bad file descriptor, write
npm warn tar TAR_ENTRY_ERROR ENOENT: no such file or directory, lstat 'D:\PROJECTS\SimHPC\app\node_modules\@babel\core\lib\parser'
npm warn tar TAR_ENTRY_ERROR EBADF: bad file descriptor, lstat 'D:\PROJECTS\SimHPC\app\node_modules\@typescript-eslint\utils\dist'
npm warn tar TAR_ENTRY_ERROR ENOENT: no such file or directory, lstat 'D:\PROJECTS\SimHPC\app\node_modules\@babel\types\lib\definitions'
npm warn tar TAR_ENTRY_ERROR ENOSPC: no space left on device, write
npm warn tar TAR_ENTRY_ERROR ENOENT: no such file or directory, lstat 'D:\PROJECTS\SimHPC\app\node_modules\victory-vendor\lib'
npm warn tar TAR_ENTRY_ERROR ENOSPC: no space left on device, write
npm warn tar TAR_ENTRY_ERROR ENOENT: no such file or directory, lstat 'D:\PROJECTS\SimHPC\app\node_modules\embla-carousel\esm'
npm warn tar TAR_ENTRY_ERROR ENOSPC: no space left on device, write
npm warn tar TAR_ENTRY_ERROR ENOSPC: no space left on device, write
npm warn tar TAR_ENTRY_ERROR EBADF: bad file descriptor, write
npm warn tar TAR_ENTRY_ERROR ENOSPC: no space left on device, write
npm warn tar TAR_ENTRY_ERROR ENOSPC: no space left on device, write
npm warn tar TAR_ENTRY_ERROR ENOSPC: no space left on device, write
npm warn tar TAR_ENTRY_ERROR EBADF: bad file descriptor, write
npm warn tar TAR_ENTRY_ERROR ENOSPC: no space left on device, write
npm warn tar TAR_ENTRY_ERROR ENOSPC: no space left on device, write
npm warn tar TAR_ENTRY_ERROR ENOSPC: no space left on device, write
npm warn tar TAR_ENTRY_ERROR ENOENT: no such file or directory, lstat 'D:\PROJECTS\SimHPC\app\node_modules\victory-vendor\es'
npm warn tar TAR_ENTRY_ERROR ENOENT: no such file or directory, lstat 'D:\PROJECTS\SimHPC\app\node_modules\embla-carousel\esm'
npm warn tar TAR_ENTRY_ERROR ENOSPC: no space left on device, write
npm warn tar TAR_ENTRY_ERROR EBADF: bad file descriptor, write
npm warn tar TAR_ENTRY_ERROR ENOSPC: no space left on device, write
npm warn tar TAR_ENTRY_ERROR ENOSPC: no space left on device, write
npm warn tar TAR_ENTRY_ERROR EBADF: bad file descriptor, write
npm warn tar TAR_ENTRY_ERROR ENOENT: no such file or directory, lstat 'D:\PROJECTS\SimHPC\app\node_modules\@babel\core\lib\parser'
npm warn tar TAR_ENTRY_ERROR ENOENT: no such file or directory, lstat 'D:\PROJECTS\SimHPC\app\node_modules\@babel\types\lib\definitions'
npm warn tar TAR_ENTRY_ERROR ENOSPC: no space left on device, write
npm warn tar TAR_ENTRY_ERROR ENOSPC: no space left on device, write
npm warn tar TAR_ENTRY_ERROR ENOENT: no such file or directory, lstat 'D:\PROJECTS\SimHPC\app\node_modules\victory-vendor\lib'
npm warn tar TAR_ENTRY_ERROR ENOENT: no such file or directory, lstat 'D:\PROJECTS\SimHPC\app\node_modules\react-day-picker\dist\esm\hijri\utils'
npm warn tar TAR_ENTRY_ERROR ENOENT: no such file or directory, lstat 'D:\PROJECTS\SimHPC\app\node_modules\embla-carousel\esm'
npm warn tar TAR_ENTRY_ERROR EBADF: bad file descriptor, write
npm warn tar TAR_ENTRY_ERROR ENOSPC: no space left on device, write
npm warn tar TAR_ENTRY_ERROR ENOSPC: no space left on device, write
npm warn tar TAR_ENTRY_ERROR ENOSPC: no space left on device, write
npm warn tar TAR_ENTRY_ERROR EBADF: bad file descriptor, write
npm warn tar TAR_ENTRY_ERROR ENOSPC: no space left on device, write
npm warn tar TAR_ENTRY_ERROR ENOSPC: no space left on device, write
npm warn tar TAR_ENTRY_ERROR EBADF: bad file descriptor, write
npm warn tar TAR_ENTRY_ERROR EBADF: bad file descriptor, write
npm warn tar TAR_ENTRY_ERROR ENOSPC: no space left on device, write
npm warn tar TAR_ENTRY_ERROR ENOSPC: no space left on device, write
npm warn tar TAR_ENTRY_ERROR ENOSPC: no space left on device, write
npm warn tar TAR_ENTRY_ERROR ENOSPC: no space left on device, write
npm warn tar TAR_ENTRY_ERROR ENOSPC: no space left on device, write
npm warn tar TAR_ENTRY_ERROR ENOSPC: no space left on device, write
npm warn tar TAR_ENTRY_ERROR ENOSPC: no space left on device, write
npm warn tar TAR_ENTRY_ERROR EBADF: bad file descriptor, write
npm warn tar TAR_ENTRY_ERROR ENOENT: no such file or directory, lstat 'D:\PROJECTS\SimHPC\app\node_modules\@babel\core\lib\parser'
npm warn tar TAR_ENTRY_ERROR ENOENT: no such file or directory, lstat 'D:\PROJECTS\SimHPC\app\node_modules\@babel\types\lib\definitions'
npm warn tar TAR_ENTRY_ERROR ENOSPC: no space left on device, write
npm warn tar TAR_ENTRY_ERROR ENOSPC: no space left on device, write
npm warn tar TAR_ENTRY_ERROR EBADF: bad file descriptor, write
npm warn tar TAR_ENTRY_ERROR ENOSPC: no space left on device, write
npm warn tar TAR_ENTRY_ERROR EBADF: bad file descriptor, write
npm warn tar TAR_ENTRY_ERROR ENOSPC: no space left on device, write
npm warn tar TAR_ENTRY_ERROR ENOSPC: no space left on device, write
npm warn tar TAR_ENTRY_ERROR ENOSPC: no space left on device, write
npm warn tar TAR_ENTRY_ERROR ENOENT: no such file or directory, lstat 'D:\PROJECTS\SimHPC\app\node_modules\victory-vendor\es'
npm warn tar TAR_ENTRY_ERROR ENOSPC: no space left on device, write
npm warn tar TAR_ENTRY_ERROR ENOSPC: no space left on device, write
npm warn tar TAR_ENTRY_ERROR ENOSPC: no space left on device, write
npm warn tar TAR_ENTRY_ERROR EBADF: bad file descriptor, write
npm warn tar TAR_ENTRY_ERROR ENOSPC: no space left on device, write
npm warn tar TAR_ENTRY_ERROR EBADF: bad file descriptor, write
npm warn tar TAR_ENTRY_ERROR EBADF: bad file descriptor, write
npm warn tar TAR_ENTRY_ERROR ENOSPC: no space left on device, write
npm warn tar TAR_ENTRY_ERROR ENOENT: no such file or directory, lstat 'D:\PROJECTS\SimHPC\app\node_modules\victory-vendor\lib'
npm warn tar TAR_ENTRY_ERROR ENOENT: no such file or directory, lstat 'D:\PROJECTS\SimHPC\app\node_modules\@babel\core\lib\parser'
npm warn tar TAR_ENTRY_ERROR ENOENT: no such file or directory, lstat 'D:\PROJECTS\SimHPC\app\node_modules\@babel\types\lib\definitions'
npm warn tar TAR_ENTRY_ERROR ENOENT: no such file or directory, lstat 'D:\PROJECTS\SimHPC\app\node_modules\framer-motion\dist\es\render\dom\scroll\offsets'
npm warn tar TAR_ENTRY_ERROR EBADF: bad file descriptor, write
npm warn tar TAR_ENTRY_ERROR ENOSPC: no space left on device, write
npm warn tar TAR_ENTRY_ERROR ENOSPC: no space left on device, write
npm warn tar TAR_ENTRY_ERROR ENOSPC: no space left on device, write
npm warn tar TAR_ENTRY_ERROR EBADF: bad file descriptor, write
npm warn tar TAR_ENTRY_ERROR ENOSPC: no space left on device, write
npm warn tar TAR_ENTRY_ERROR ENOSPC: no space left on device, write
npm warn tar TAR_ENTRY_ERROR ENOSPC: no space left on device, write
npm warn tar TAR_ENTRY_ERROR ENOENT: no such file or directory, lstat 'D:\PROJECTS\SimHPC\app\node_modules\victory-vendor\es'
npm warn tar TAR_ENTRY_ERROR ENOSPC: no space left on device, write
npm warn tar TAR_ENTRY_ERROR ENOSPC: no space left on device, write
npm warn tar TAR_ENTRY_ERROR EBADF: bad file descriptor, write
npm warn tar TAR_ENTRY_ERROR ENOSPC: no space left on device, write
npm warn tar TAR_ENTRY_ERROR EBADF: bad file descriptor, write
npm warn tar TAR_ENTRY_ERROR EBADF: bad file descriptor, write
npm warn tar TAR_ENTRY_ERROR ENOSPC: no space left on device, write
npm warn tar TAR_ENTRY_ERROR ENOSPC: no space left on device, write
npm warn tar TAR_ENTRY_ERROR EBADF: bad file descriptor, lstat 'D:\PROJECTS\SimHPC\app\node_modules\eslint\lib'
npm warn tar TAR_ENTRY_ERROR ENOSPC: no space left on device, write
npm warn tar TAR_ENTRY_ERROR ENOENT: no such file or directory, lstat 'D:\PROJECTS\SimHPC\app\node_modules\victory-vendor\lib'
npm warn tar TAR_ENTRY_ERROR ENOSPC: no space left on device, write
npm warn tar TAR_ENTRY_ERROR ENOSPC: no space left on device, write
npm warn tar TAR_ENTRY_ERROR ENOSPC: no space left on device, write
npm warn tar TAR_ENTRY_ERROR EBADF: bad file descriptor, write
npm warn tar TAR_ENTRY_ERROR EBADF: bad file descriptor, write
npm warn tar TAR_ENTRY_ERROR ENOENT: no such file or directory, lstat 'D:\PROJECTS\SimHPC\app\node_modules\@babel\core\lib\tools'
npm warn tar TAR_ENTRY_ERROR ENOENT: no such file or directory, lstat 'D:\PROJECTS\SimHPC\app\node_modules\@babel\types\lib\definitions'
npm warn tar TAR_ENTRY_ERROR ENOSPC: no space left on device, write
npm warn tar TAR_ENTRY_ERROR ENOSPC: no space left on device, write
npm warn tar TAR_ENTRY_ERROR ENOSPC: no space left on device, write
npm warn tar TAR_ENTRY_ERROR ENOSPC: no space left on device, write
npm warn tar TAR_ENTRY_ERROR ENOSPC: no space left on device, write
npm warn tar TAR_ENTRY_ERROR EBADF: bad file descriptor, write
npm warn tar TAR_ENTRY_ERROR EBADF: bad file descriptor, write
npm warn tar TAR_ENTRY_ERROR ENOSPC: no space left on device, write
npm warn tar TAR_ENTRY_ERROR ENOSPC: no space left on device, write
npm warn tar TAR_ENTRY_ERROR ENOSPC: no space left on device, write
npm warn tar TAR_ENTRY_ERROR ENOSPC: no space left on device, write
npm warn tar TAR_ENTRY_ERROR ENOENT: no such file or directory, lstat 'D:\PROJECTS\SimHPC\app\node_modules\@supabase\realtime-js\src'
npm warn tar TAR_ENTRY_ERROR EBADF: bad file descriptor, write
npm warn tar TAR_ENTRY_ERROR ENOSPC: no space left on device, write
npm warn tar TAR_ENTRY_ERROR ENOENT: no such file or directory, lstat 'D:\PROJECTS\SimHPC\app\node_modules\@babel\core\lib\tools'
npm warn tar TAR_ENTRY_ERROR ENOENT: no such file or directory, lstat 'D:\PROJECTS\SimHPC\app\node_modules\@babel\types\lib\definitions'
npm warn tar TAR_ENTRY_ERROR ENOSPC: no space left on device, write
npm warn tar TAR_ENTRY_ERROR ENOSPC: no space left on device, write
npm warn tar TAR_ENTRY_ERROR ENOENT: no such file or directory, lstat 'D:\PROJECTS\SimHPC\app\node_modules\framer-motion\dist\es\animation\sequence'
npm warn tar TAR_ENTRY_ERROR ENOENT: no such file or directory, lstat 'D:\PROJECTS\SimHPC\app\node_modules\victory-vendor\es'
npm warn tar TAR_ENTRY_ERROR ENOSPC: no space left on device, write
npm warn tar TAR_ENTRY_ERROR EBADF: bad file descriptor, write
npm warn tar TAR_ENTRY_ERROR EBADF: bad file descriptor, write
npm warn tar TAR_ENTRY_ERROR ENOENT: no such file or directory, lstat 'D:\PROJECTS\SimHPC\app\node_modules\dom-helpers\activeElement'
npm warn tar TAR_ENTRY_ERROR ENOSPC: no space left on device, write
npm warn tar TAR_ENTRY_ERROR ENOENT: no such file or directory, lstat 'D:\PROJECTS\SimHPC\app\node_modules\recharts\es6\util\cursor'
npm warn tar TAR_ENTRY_ERROR ENOSPC: no space left on device, write
npm warn tar TAR_ENTRY_ERROR ENOSPC: no space left on device, write
npm warn tar TAR_ENTRY_ERROR ENOSPC: no space left on device, write
npm warn tar TAR_ENTRY_ERROR ENOSPC: no space left on device, write
npm warn tar TAR_ENTRY_ERROR ENOSPC: no space left on device, write
npm warn tar TAR_ENTRY_ERROR EBADF: bad file descriptor, write
npm warn tar TAR_ENTRY_ERROR ENOENT: no such file or directory, lstat 'D:\PROJECTS\SimHPC\app\node_modules\resolve\test\resolver\invalid_main'
npm warn tar TAR_ENTRY_ERROR ENOSPC: no space left on device, write
npm warn tar TAR_ENTRY_ERROR ENOENT: no such file or directory, lstat 'D:\PROJECTS\SimHPC\app\node_modules\victory-vendor\lib'
npm warn tar TAR_ENTRY_ERROR EBADF: bad file descriptor, write
npm warn tar TAR_ENTRY_ERROR ENOSPC: no space left on device, write
npm warn tar TAR_ENTRY_ERROR ENOSPC: no space left on device, write
npm warn tar TAR_ENTRY_ERROR EBADF: bad file descriptor, write
npm warn tar TAR_ENTRY_ERROR ENOENT: no such file or directory, lstat 'D:\PROJECTS\SimHPC\app\node_modules\dom-helpers\addClass'
npm warn tar TAR_ENTRY_ERROR ENOSPC: no space left on device, write
npm warn tar TAR_ENTRY_ERROR ENOENT: no such file or directory, lstat 'D:\PROJECTS\SimHPC\app\node_modules\tailwindcss\scripts'
npm warn tar TAR_ENTRY_ERROR ENOSPC: no space left on device, write
npm warn tar TAR_ENTRY_ERROR ENOENT: no such file or directory, lstat 'D:\PROJECTS\SimHPC\app\node_modules\@babel\types\lib\definitions'
npm warn tar TAR_ENTRY_ERROR ENOSPC: no space left on device, write
npm warn tar TAR_ENTRY_ERROR ENOSPC: no space left on device, write
npm warn tar TAR_ENTRY_ERROR ENOSPC: no space left on device, write
npm warn tar TAR_ENTRY_ERROR ENOSPC: no space left on device, write
npm warn tar TAR_ENTRY_ERROR ENOSPC: no space left on device, write
npm warn tar TAR_ENTRY_ERROR EBADF: bad file descriptor, lstat 'D:\PROJECTS\SimHPC\app\node_modules\sucrase\dist'
npm warn tar TAR_ENTRY_ERROR ENOSPC: no space left on device, write
npm warn tar TAR_ENTRY_ERROR ENOENT: no such file or directory, lstat 'D:\PROJECTS\SimHPC\app\node_modules\dom-helpers\addEventListener'
npm warn tar TAR_ENTRY_ERROR ENOSPC: no space left on device, write
npm warn tar TAR_ENTRY_ERROR ENOSPC: no space left on device, write
npm warn tar TAR_ENTRY_ERROR ENOSPC: no space left on device, write
npm warn tar TAR_ENTRY_ERROR ENOSPC: no space left on device, write
npm warn tar TAR_ENTRY_ERROR ENOSPC: no space left on device, write
npm warn tar TAR_ENTRY_ERROR EBADF: bad file descriptor, write
npm warn tar TAR_ENTRY_ERROR ENOSPC: no space left on device, write
npm warn tar TAR_ENTRY_ERROR ENOENT: no such file or directory, lstat 'D:\PROJECTS\SimHPC\app\node_modules\victory-vendor\es'
npm warn tar TAR_ENTRY_ERROR ENOENT: no such file or directory, lstat 'D:\PROJECTS\SimHPC\app\node_modules\dom-helpers\animate'
npm warn tar TAR_ENTRY_ERROR ENOENT: no such file or directory, lstat 'D:\PROJECTS\SimHPC\app\node_modules\recharts\lib\util\cursor'
npm warn tar TAR_ENTRY_ERROR ENOSPC: no space left on device, write
npm warn tar TAR_ENTRY_ERROR EBADF: bad file descriptor, write
npm warn tar TAR_ENTRY_ERROR ENOENT: no such file or directory, lstat 'D:\PROJECTS\SimHPC\app\node_modules\@babel\types\lib\definitions'
npm warn tar TAR_ENTRY_ERROR ENOENT: no such file or directory, lstat 'D:\PROJECTS\SimHPC\app\node_modules\framer-motion\dist\es\render\components'
npm warn tar TAR_ENTRY_ERROR EBADF: bad file descriptor, write
npm warn tar TAR_ENTRY_ERROR ENOENT: no such file or directory, lstat 'D:\PROJECTS\SimHPC\app\node_modules\react-day-picker\dist\cjs\helpers'
npm warn tar TAR_ENTRY_ERROR EBADF: bad file descriptor, write
npm warn tar TAR_ENTRY_ERROR ENOSPC: no space left on device, write
npm warn tar TAR_ENTRY_ERROR ENOSPC: no space left on device, write
npm warn tar TAR_ENTRY_ERROR ENOSPC: no space left on device, write
npm warn tar TAR_ENTRY_ERROR ENOENT: no such file or directory, lstat 'D:\PROJECTS\SimHPC\app\node_modules\victory-vendor\lib'
npm warn tar TAR_ENTRY_ERROR ENOENT: no such file or directory, lstat 'D:\PROJECTS\SimHPC\app\node_modules\dom-helpers\animationFrame'
npm warn tar TAR_ENTRY_ERROR ENOSPC: no space left on device, write
npm warn tar TAR_ENTRY_ERROR ENOSPC: no space left on device, write
npm warn tar TAR_ENTRY_ERROR ENOSPC: no space left on device, write
npm warn tar TAR_ENTRY_ERROR ENOSPC: no space left on device, write
npm warn tar TAR_ENTRY_ERROR EBADF: bad file descriptor, write
npm warn tar TAR_ENTRY_ERROR ENOENT: no such file or directory, lstat 'D:\PROJECTS\SimHPC\app\node_modules\motion-dom\dist\es\animation\keyframes\offsets'
npm warn tar TAR_ENTRY_ERROR ENOSPC: no space left on device, write
npm warn tar TAR_ENTRY_ERROR EBADF: bad file descriptor, write
npm warn tar TAR_ENTRY_ERROR ENOSPC: no space left on device, write
npm warn tar TAR_ENTRY_ERROR EBADF: bad file descriptor, lstat 'D:\PROJECTS\SimHPC\app\node_modules\zod\v4'
npm warn tar TAR_ENTRY_ERROR EBADF: bad file descriptor, write
npm warn tar TAR_ENTRY_ERROR ENOSPC: no space left on device, write
npm warn tar TAR_ENTRY_ERROR ENOENT: no such file or directory, lstat 'D:\PROJECTS\SimHPC\app\node_modules\victory-vendor\es'
npm warn tar TAR_ENTRY_ERROR ENOENT: no such file or directory, lstat 'D:\PROJECTS\SimHPC\app\node_modules\dom-helpers\attribute'
npm warn tar TAR_ENTRY_ERROR ENOSPC: no space left on device, write
npm warn tar TAR_ENTRY_ERROR ENOENT: no such file or directory, lstat 'D:\PROJECTS\SimHPC\app\node_modules\@babel\types\lib\definitions'
npm warn tar TAR_ENTRY_ERROR ENOSPC: no space left on device, write
npm warn tar TAR_ENTRY_ERROR EBADF: bad file descriptor, write
npm warn tar TAR_ENTRY_ERROR ENOSPC: no space left on device, write
npm warn tar TAR_ENTRY_ERROR ENOENT: no such file or directory, lstat 'D:\PROJECTS\SimHPC\app\node_modules\victory-vendor\lib'
npm warn tar TAR_ENTRY_ERROR ENOENT: no such file or directory, lstat 'D:\PROJECTS\SimHPC\app\node_modules\dom-helpers\camelize'
npm warn tar TAR_ENTRY_ERROR ENOSPC: no space left on device, write
npm warn tar TAR_ENTRY_ERROR ENOSPC: no space left on device, write
npm warn tar TAR_ENTRY_ERROR ENOSPC: no space left on device, write
npm warn tar TAR_ENTRY_ERROR ENOSPC: no space left on device, write
npm warn tar TAR_ENTRY_ERROR ENOSPC: no space left on device, write
npm warn tar TAR_ENTRY_ERROR EBADF: bad file descriptor, write
npm warn tar TAR_ENTRY_ERROR ENOSPC: no space left on device, write
npm warn tar TAR_ENTRY_ERROR ENOSPC: no space left on device, write
npm warn tar TAR_ENTRY_ERROR ENOSPC: no space left on device, write
npm warn tar TAR_ENTRY_ERROR ENOENT: no such file or directory, lstat 'D:\PROJECTS\SimHPC\app\node_modules\react-day-picker\dist\esm\helpers'
npm warn tar TAR_ENTRY_ERROR ENOENT: no such file or directory, lstat 'D:\PROJECTS\SimHPC\app\node_modules\@supabase\realtime-js\src'
npm warn tar TAR_ENTRY_ERROR ENOENT: no such file or directory, lstat 'D:\PROJECTS\SimHPC\app\node_modules\dom-helpers\camelizeStyle'
npm warn tar TAR_ENTRY_ERROR ENOSPC: no space left on device, write
npm warn tar TAR_ENTRY_ERROR ENOSPC: no space left on device, write
npm warn tar TAR_ENTRY_ERROR EBADF: bad file descriptor, write
npm warn tar TAR_ENTRY_ERROR EBADF: bad file descriptor, write
npm warn tar TAR_ENTRY_ERROR ENOSPC: no space left on device, write
npm warn tar TAR_ENTRY_ERROR EBADF: bad file descriptor, write
npm warn tar TAR_ENTRY_ERROR ENOENT: no such file or directory, lstat 'D:\PROJECTS\SimHPC\app\node_modules\framer-motion\dist\es\render\components'
npm warn tar TAR_ENTRY_ERROR ENOSPC: no space left on device, write
npm warn tar TAR_ENTRY_ERROR ENOSPC: no space left on device, write
npm warn tar TAR_ENTRY_ERROR ENOSPC: no space left on device, write
npm warn tar TAR_ENTRY_ERROR EBADF: bad file descriptor, write
npm warn tar TAR_ENTRY_ERROR ENOENT: no such file or directory, lstat 'D:\PROJECTS\SimHPC\app\node_modules\dom-helpers\canUseDOM'
npm warn tar TAR_ENTRY_ERROR EBADF: bad file descriptor, write
npm warn tar TAR_ENTRY_ERROR ENOSPC: no space left on device, write
npm warn tar TAR_ENTRY_ERROR ENOSPC: no space left on device, write
npm warn tar TAR_ENTRY_ERROR ENOSPC: no space left on device, write
npm warn tar TAR_ENTRY_ERROR ENOENT: no such file or directory, lstat 'D:\PROJECTS\SimHPC\app\node_modules\victory-vendor\es'
npm warn tar TAR_ENTRY_ERROR EBADF: bad file descriptor, write
npm warn tar TAR_ENTRY_ERROR ENOSPC: no space left on device, write
npm warn tar TAR_ENTRY_ERROR ENOSPC: no space left on device, write
npm warn tar TAR_ENTRY_ERROR ENOENT: no such file or directory, lstat 'D:\PROJECTS\SimHPC\app\node_modules\dom-helpers\childElements'
npm warn tar TAR_ENTRY_ERROR ENOSPC: no space left on device, write
npm warn tar TAR_ENTRY_ERROR ENOSPC: no space left on device, write
npm warn tar TAR_ENTRY_ERROR ENOSPC: no space left on device, write
npm warn tar TAR_ENTRY_ERROR EBADF: bad file descriptor, write
npm warn tar TAR_ENTRY_ERROR ENOENT: no such file or directory, lstat 'D:\PROJECTS\SimHPC\app\node_modules\victory-vendor\lib'
npm warn tar TAR_ENTRY_ERROR ENOENT: no such file or directory, lstat 'D:\PROJECTS\SimHPC\app\node_modules\motion-dom\dist\es\value\types\complex'
npm warn tar TAR_ENTRY_ERROR ENOSPC: no space left on device, write
npm warn tar TAR_ENTRY_ERROR ENOSPC: no space left on device, write
npm warn tar TAR_ENTRY_ERROR ENOSPC: no space left on device, write
npm warn tar TAR_ENTRY_ERROR ENOENT: no such file or directory, lstat 'D:\PROJECTS\SimHPC\app\node_modules\dom-helpers\childNodes'
npm warn tar TAR_ENTRY_ERROR ENOSPC: no space left on device, write
npm warn tar TAR_ENTRY_ERROR ENOSPC: no space left on device, write
npm warn tar TAR_ENTRY_ERROR EBADF: bad file descriptor, write
npm warn tar TAR_ENTRY_ERROR EBADF: bad file descriptor, write
npm warn tar TAR_ENTRY_ERROR ENOSPC: no space left on device, write
npm warn tar TAR_ENTRY_ERROR ENOSPC: no space left on device, write
npm warn tar TAR_ENTRY_ERROR EBADF: bad file descriptor, write
npm warn tar TAR_ENTRY_ERROR ENOSPC: no space left on device, write
npm warn tar TAR_ENTRY_ERROR ENOSPC: no space left on device, write
npm warn tar TAR_ENTRY_ERROR ENOENT: no such file or directory, lstat 'D:\PROJECTS\SimHPC\app\node_modules\dom-helpers\clear'
npm warn tar TAR_ENTRY_ERROR ENOSPC: no space left on device, write
npm warn tar TAR_ENTRY_ERROR ENOSPC: no space left on device, write
npm warn tar TAR_ENTRY_ERROR ENOSPC: no space left on device, write
npm warn tar TAR_ENTRY_ERROR EBADF: bad file descriptor, write
npm warn tar TAR_ENTRY_ERROR ENOSPC: no space left on device, write
npm warn tar TAR_ENTRY_ERROR EBADF: bad file descriptor, write
npm warn tar TAR_ENTRY_ERROR EBADF: bad file descriptor, write
npm warn tar TAR_ENTRY_ERROR ENOSPC: no space left on device, write
npm warn tar TAR_ENTRY_ERROR ENOSPC: no space left on device, write
npm warn tar TAR_ENTRY_ERROR ENOSPC: no space left on device, write
npm warn tar TAR_ENTRY_ERROR EBADF: bad file descriptor, write
npm warn tar TAR_ENTRY_ERROR ENOENT: no such file or directory, lstat 'D:\PROJECTS\SimHPC\app\node_modules\victory-vendor\es'
npm warn tar TAR_ENTRY_ERROR EBADF: bad file descriptor, write
npm warn tar TAR_ENTRY_ERROR ENOENT: no such file or directory, lstat 'D:\PROJECTS\SimHPC\app\node_modules\dom-helpers\closest'
npm warn tar TAR_ENTRY_ERROR EBADF: bad file descriptor, write
npm warn tar TAR_ENTRY_ERROR ENOSPC: no space left on device, write
npm warn tar TAR_ENTRY_ERROR ENOSPC: no space left on device, write
npm warn tar TAR_ENTRY_ERROR EBADF: bad file descriptor, write
npm warn tar TAR_ENTRY_ERROR ENOSPC: no space left on device, write
npm warn tar TAR_ENTRY_ERROR ENOENT: no such file or directory, lstat 'D:\PROJECTS\SimHPC\app\node_modules\victory-vendor\lib'
npm warn tar TAR_ENTRY_ERROR ENOSPC: no space left on device, write
npm warn tar TAR_ENTRY_ERROR EBADF: bad file descriptor, write
npm warn tar TAR_ENTRY_ERROR ENOENT: no such file or directory, lstat 'D:\PROJECTS\SimHPC\app\node_modules\dom-helpers\collectElements'
npm warn tar TAR_ENTRY_ERROR ENOENT: no such file or directory, lstat 'D:\PROJECTS\SimHPC\app\node_modules\recharts\es6\util\payload'
npm warn tar TAR_ENTRY_ERROR ENOSPC: no space left on device, write
npm warn tar TAR_ENTRY_ERROR ENOSPC: no space left on device, write
npm warn tar TAR_ENTRY_ERROR ENOSPC: no space left on device, write
npm warn tar TAR_ENTRY_ERROR ENOSPC: no space left on device, write
npm warn tar TAR_ENTRY_ERROR ENOSPC: no space left on device, write
npm warn tar TAR_ENTRY_ERROR ENOSPC: no space left on device, write
npm warn tar TAR_ENTRY_ERROR ENOSPC: no space left on device, write
npm warn tar TAR_ENTRY_ERROR ENOENT: no such file or directory, lstat 'D:\PROJECTS\SimHPC\app\node_modules\victory-vendor\es'
npm warn tar TAR_ENTRY_ERROR ENOSPC: no space left on device, write
npm warn tar TAR_ENTRY_ERROR EBADF: bad file descriptor, write
npm warn tar TAR_ENTRY_ERROR EBADF: bad file descriptor, write
npm warn tar TAR_ENTRY_ERROR ENOSPC: no space left on device, write
npm warn tar TAR_ENTRY_ERROR ENOENT: no such file or directory, lstat 'D:\PROJECTS\SimHPC\app\node_modules\dom-helpers\collectSiblings'
npm warn tar TAR_ENTRY_ERROR ENOSPC: no space left on device, write
npm warn tar TAR_ENTRY_ERROR ENOSPC: no space left on device, write
npm warn tar TAR_ENTRY_ERROR ENOSPC: no space left on device, write
npm warn tar TAR_ENTRY_ERROR ENOENT: no such file or directory, lstat 'D:\PROJECTS\SimHPC\app\node_modules\victory-vendor\lib'
npm warn tar TAR_ENTRY_ERROR ENOENT: no such file or directory, lstat 'D:\PROJECTS\SimHPC\app\node_modules\motion-dom\dist\es\animation\generators\spring'
npm warn tar TAR_ENTRY_ERROR EBADF: bad file descriptor, write
npm warn tar TAR_ENTRY_ERROR ENOENT: no such file or directory, lstat 'D:\PROJECTS\SimHPC\app\node_modules\dom-helpers\contains'
npm warn tar TAR_ENTRY_ERROR EBADF: bad file descriptor, lstat 'D:\PROJECTS\SimHPC\app\node_modules\@babel\core\lib'
npm warn tar TAR_ENTRY_ERROR EPERM: operation not permitted, write
npm warn tar TAR_ENTRY_ERROR ENOSPC: no space left on device, write
npm warn tar TAR_ENTRY_ERROR ENOSPC: no space left on device, write
npm warn tar TAR_ENTRY_ERROR EBADF: bad file descriptor, write
npm warn tar TAR_ENTRY_ERROR ENOSPC: no space left on device, write
npm warn tar TAR_ENTRY_ERROR ENOSPC: no space left on device, write
npm warn tar TAR_ENTRY_ERROR ENOSPC: no space left on device, write
npm warn tar TAR_ENTRY_ERROR ENOSPC: no space left on device, write
npm warn tar TAR_ENTRY_ERROR EBADF: bad file descriptor, write
npm warn tar TAR_ENTRY_ERROR ENOENT: no such file or directory, lstat 'D:\PROJECTS\SimHPC\app\node_modules\dom-helpers\css'
npm warn tar TAR_ENTRY_ERROR ENOENT: no such file or directory, lstat 'D:\PROJECTS\SimHPC\app\node_modules\recharts\lib\util\payload'
npm warn tar TAR_ENTRY_ERROR ENOSPC: no space left on device, write
npm warn tar TAR_ENTRY_ERROR ENOSPC: no space left on device, write
npm warn tar TAR_ENTRY_ERROR ENOSPC: no space left on device, write
npm warn tar TAR_ENTRY_ERROR ENOSPC: no space left on device, write
npm warn tar TAR_ENTRY_ERROR ENOENT: no such file or directory, lstat 'D:\PROJECTS\SimHPC\app\node_modules\@supabase\realtime-js\src'
npm warn tar TAR_ENTRY_ERROR ENOSPC: no space left on device, write
npm warn tar TAR_ENTRY_ERROR ENOSPC: no space left on device, write
npm warn tar TAR_ENTRY_ERROR ENOENT: no such file or directory, lstat 'D:\PROJECTS\SimHPC\app\node_modules\dom-helpers\filterEventHandler'
npm warn tar TAR_ENTRY_ERROR ENOENT: no such file or directory, lstat 'D:\PROJECTS\SimHPC\app\node_modules\framer-motion\dist\es\motion\features\animation'
npm warn tar TAR_ENTRY_ERROR ENOSPC: no space left on device, write
npm warn tar TAR_ENTRY_ERROR ENOSPC: no space left on device, write
npm warn tar TAR_ENTRY_ERROR ENOSPC: no space left on device, write
npm warn tar TAR_ENTRY_ERROR ENOSPC: no space left on device, write
npm warn tar TAR_ENTRY_ERROR ENOSPC: no space left on device, write
npm warn tar TAR_ENTRY_ERROR ENOSPC: no space left on device, write
npm warn tar TAR_ENTRY_ERROR EBADF: bad file descriptor, write
npm warn tar TAR_ENTRY_ERROR ENOSPC: no space left on device, write
npm warn tar TAR_ENTRY_ERROR ENOENT: no such file or directory, lstat 'D:\PROJECTS\SimHPC\app\node_modules\dom-helpers\getComputedStyle'
npm warn tar TAR_ENTRY_ERROR EBADF: bad file descriptor, write
npm warn tar TAR_ENTRY_ERROR ENOSPC: no space left on device, write
npm warn tar TAR_ENTRY_ERROR ENOSPC: no space left on device, write
npm warn tar TAR_ENTRY_ERROR ENOSPC: no space left on device, write
npm warn tar TAR_ENTRY_ERROR EBADF: bad file descriptor, write
npm warn tar TAR_ENTRY_ERROR EBADF: bad file descriptor, write
npm warn tar TAR_ENTRY_ERROR ENOSPC: no space left on device, write
npm warn tar TAR_ENTRY_ERROR ENOSPC: no space left on device, write
npm warn tar TAR_ENTRY_ERROR ENOSPC: no space left on device, write
npm warn tar TAR_ENTRY_ERROR ENOSPC: no space left on device, write
npm warn tar TAR_ENTRY_ERROR ENOENT: no such file or directory, lstat 'D:\PROJECTS\SimHPC\app\node_modules\react-day-picker\dist\cjs\components'
npm warn tar TAR_ENTRY_ERROR ENOSPC: no space left on device, write
npm warn tar TAR_ENTRY_ERROR ENOENT: no such file or directory, lstat 'D:\PROJECTS\SimHPC\app\node_modules\dom-helpers\getScrollAccessor'
npm warn tar TAR_ENTRY_ERROR ENOSPC: no space left on device, write
npm warn tar TAR_ENTRY_ERROR ENOENT: no such file or directory, lstat 'D:\PROJECTS\SimHPC\app\node_modules\@babel\core\lib\transformation'
npm warn tar TAR_ENTRY_ERROR ENOSPC: no space left on device, write
npm warn tar TAR_ENTRY_ERROR ENOENT: no such file or directory, lstat 'D:\PROJECTS\SimHPC\app\node_modules\@babel\types\lib\modifications'
npm warn tar TAR_ENTRY_ERROR ENOSPC: no space left on device, write
npm warn tar TAR_ENTRY_ERROR ENOSPC: no space left on device, write
npm warn tar TAR_ENTRY_ERROR ENOENT: no such file or directory, lstat 'D:\PROJECTS\SimHPC\app\node_modules\dom-helpers\hasClass'
npm warn tar TAR_ENTRY_ERROR ENOSPC: no space left on device, write
npm warn tar TAR_ENTRY_ERROR ENOSPC: no space left on device, write
npm warn tar TAR_ENTRY_ERROR ENOSPC: no space left on device, write
npm warn tar TAR_ENTRY_ERROR ENOSPC: no space left on device, write
npm warn tar TAR_ENTRY_ERROR ENOSPC: no space left on device, write
npm warn tar TAR_ENTRY_ERROR ENOSPC: no space left on device, write
npm warn tar TAR_ENTRY_ERROR ENOSPC: no space left on device, write
npm warn tar TAR_ENTRY_ERROR ENOENT: no such file or directory, lstat 'D:\PROJECTS\SimHPC\app\node_modules\dom-helpers\height'
npm warn tar TAR_ENTRY_ERROR ENOSPC: no space left on device, write
npm warn tar TAR_ENTRY_ERROR ENOSPC: no space left on device, write
npm warn tar TAR_ENTRY_ERROR ENOSPC: no space left on device, write
npm warn tar TAR_ENTRY_ERROR EBADF: bad file descriptor, write
npm warn tar TAR_ENTRY_ERROR ENOSPC: no space left on device, write
npm warn tar TAR_ENTRY_ERROR EBADF: bad file descriptor, write
npm warn tar TAR_ENTRY_ERROR ENOSPC: no space left on device, write
npm warn tar TAR_ENTRY_ERROR ENOSPC: no space left on device, write
npm warn tar TAR_ENTRY_ERROR ENOENT: no such file or directory, lstat 'D:\PROJECTS\SimHPC\app\node_modules\@babel\core\lib\transformation'
npm warn tar TAR_ENTRY_ERROR EBADF: bad file descriptor, write
npm warn tar TAR_ENTRY_ERROR ENOENT: no such file or directory, lstat 'D:\PROJECTS\SimHPC\app\node_modules\react-day-picker\dist\esm\components'
npm warn tar TAR_ENTRY_ERROR ENOENT: no such file or directory, lstat 'D:\PROJECTS\SimHPC\app\node_modules\@babel\types\lib\modifications'
npm warn tar TAR_ENTRY_ERROR ENOSPC: no space left on device, write
npm warn tar TAR_ENTRY_ERROR ENOENT: no such file or directory, lstat 'D:\PROJECTS\SimHPC\app\node_modules\dom-helpers\hyphenate'
npm warn tar TAR_ENTRY_ERROR ENOSPC: no space left on device, write
npm warn tar TAR_ENTRY_ERROR EBADF: bad file descriptor, write
npm warn tar TAR_ENTRY_ERROR ENOSPC: no space left on device, write
npm warn tar TAR_ENTRY_ERROR ENOENT: no such file or directory, lstat 'D:\PROJECTS\SimHPC\app\node_modules\victory-vendor\lib-vendor\d3-time\src'
npm warn tar TAR_ENTRY_ERROR EBADF: bad file descriptor, write
npm warn tar TAR_ENTRY_ERROR ENOSPC: no space left on device, write
npm warn tar TAR_ENTRY_ERROR EBADF: bad file descriptor, write
npm warn tar TAR_ENTRY_ERROR ENOSPC: no space left on device, write
npm warn tar TAR_ENTRY_ERROR ENOENT: no such file or directory, lstat 'D:\PROJECTS\SimHPC\app\node_modules\dom-helpers\hyphenateStyle'
npm warn tar TAR_ENTRY_ERROR ENOSPC: no space left on device, write
npm warn tar TAR_ENTRY_ERROR ENOSPC: no space left on device, write
npm warn tar TAR_ENTRY_ERROR ENOSPC: no space left on device, write
npm warn tar TAR_ENTRY_ERROR ENOENT: no such file or directory, lstat 'D:\PROJECTS\SimHPC\app\node_modules\@babel\core\lib\transformation'
npm warn tar TAR_ENTRY_ERROR EBADF: bad file descriptor, write
npm warn tar TAR_ENTRY_ERROR ENOSPC: no space left on device, write
npm warn tar TAR_ENTRY_ERROR ENOSPC: no space left on device, write
npm warn tar TAR_ENTRY_ERROR ENOSPC: no space left on device, write
npm warn tar TAR_ENTRY_ERROR ENOSPC: no space left on device, write
npm warn tar TAR_ENTRY_ERROR ENOSPC: no space left on device, write
npm warn tar TAR_ENTRY_ERROR ENOSPC: no space left on device, write
npm warn tar TAR_ENTRY_ERROR ENOENT: no such file or directory, lstat 'D:\PROJECTS\SimHPC\app\node_modules\@babel\types\lib\modifications'
npm warn tar TAR_ENTRY_ERROR ENOSPC: no space left on device, write
npm warn tar TAR_ENTRY_ERROR ENOENT: no such file or directory, lstat 'D:\PROJECTS\SimHPC\app\node_modules\dom-helpers\insertAfter'
npm warn tar TAR_ENTRY_ERROR ENOSPC: no space left on device, write
npm warn tar TAR_ENTRY_ERROR EBADF: bad file descriptor, write
npm warn tar TAR_ENTRY_ERROR ENOENT: no such file or directory, lstat 'D:\PROJECTS\SimHPC\app\node_modules\framer-motion\dist\es\render\components'
npm warn tar TAR_ENTRY_ERROR ENOENT: no such file or directory, lstat 'D:\PROJECTS\SimHPC\app\node_modules\@supabase\realtime-js\src'
npm warn tar TAR_ENTRY_ERROR EBADF: bad file descriptor, write
npm warn tar TAR_ENTRY_ERROR EBADF: bad file descriptor, write
npm warn tar TAR_ENTRY_ERROR ENOSPC: no space left on device, write
npm warn tar TAR_ENTRY_ERROR ENOSPC: no space left on device, write
npm warn tar TAR_ENTRY_ERROR ENOENT: no such file or directory, lstat 'D:\PROJECTS\SimHPC\app\node_modules\dom-helpers\isDocument'
npm warn tar TAR_ENTRY_ERROR ENOSPC: no space left on device, write
npm warn tar TAR_ENTRY_ERROR ENOSPC: no space left on device, write
npm warn tar TAR_ENTRY_ERROR ENOSPC: no space left on device, write
npm warn tar TAR_ENTRY_ERROR ENOENT: no such file or directory, lstat 'D:\PROJECTS\SimHPC\app\node_modules\motion-dom\dist\es\utils\supports'
npm warn tar TAR_ENTRY_ERROR ENOSPC: no space left on device, write
npm warn tar TAR_ENTRY_ERROR ENOSPC: no space left on device, write
npm warn tar TAR_ENTRY_ERROR ENOSPC: no space left on device, write
npm warn tar TAR_ENTRY_ERROR ENOENT: no such file or directory, lstat 'D:\PROJECTS\SimHPC\app\node_modules\@babel\core\lib\transformation'
npm warn tar TAR_ENTRY_ERROR ENOENT: no such file or directory, lstat 'D:\PROJECTS\SimHPC\app\node_modules\@babel\types\lib\modifications'
npm warn tar TAR_ENTRY_ERROR ENOENT: no such file or directory, lstat 'D:\PROJECTS\SimHPC\app\node_modules\dom-helpers\isInput'
npm warn tar TAR_ENTRY_ERROR EBADF: bad file descriptor, lstat 'D:\PROJECTS\SimHPC\app\node_modules\caniuse-lite\data\features'
npm warn tar TAR_ENTRY_ERROR ENOSPC: no space left on device, write
npm warn tar TAR_ENTRY_ERROR ENOSPC: no space left on device, write
npm warn tar TAR_ENTRY_ERROR ENOSPC: no space left on device, write
npm warn tar TAR_ENTRY_ERROR ENOENT: no such file or directory, lstat 'D:\PROJECTS\SimHPC\app\node_modules\victory-vendor\lib-vendor\d3-interpolate\src\transform'
npm warn tar TAR_ENTRY_ERROR ENOSPC: no space left on device, write
npm warn tar TAR_ENTRY_ERROR ENOSPC: no space left on device, write
npm warn tar TAR_ENTRY_ERROR ENOSPC: no space left on device, write
npm warn tar TAR_ENTRY_ERROR ENOSPC: no space left on device, write
npm warn tar TAR_ENTRY_ERROR EBADF: bad file descriptor, write
npm warn tar TAR_ENTRY_ERROR ENOSPC: no space left on device, write
npm warn tar TAR_ENTRY_ERROR ENOENT: no such file or directory, lstat 'D:\PROJECTS\SimHPC\app\node_modules\dom-helpers\isTransform'
npm warn tar TAR_ENTRY_ERROR EBADF: bad file descriptor, write
npm warn tar TAR_ENTRY_ERROR ENOSPC: no space left on device, write
npm warn tar TAR_ENTRY_ERROR ENOSPC: no space left on device, write
npm warn tar TAR_ENTRY_ERROR ENOSPC: no space left on device, write
npm warn tar TAR_ENTRY_ERROR ENOSPC: no space left on device, write
npm warn tar TAR_ENTRY_ERROR ENOSPC: no space left on device, write
npm warn tar TAR_ENTRY_ERROR ENOSPC: no space left on device, write
npm warn tar TAR_ENTRY_ERROR ENOENT: no such file or directory, lstat 'D:\PROJECTS\SimHPC\app\node_modules\@babel\types\lib\modifications'
npm warn tar TAR_ENTRY_ERROR ENOENT: no such file or directory, lstat 'D:\PROJECTS\SimHPC\app\node_modules\dom-helpers\isVisible'
npm warn tar TAR_ENTRY_ERROR ENOSPC: no space left on device, write
npm warn tar TAR_ENTRY_ERROR ENOSPC: no space left on device, write
npm warn tar TAR_ENTRY_ERROR ENOSPC: no space left on device, write
npm warn tar TAR_ENTRY_ERROR ENOENT: no such file or directory, lstat 'D:\PROJECTS\SimHPC\app\node_modules\@babel\core\lib\transformation\file'
npm warn tar TAR_ENTRY_ERROR ENOSPC: no space left on device, write
npm warn tar TAR_ENTRY_ERROR ENOSPC: no space left on device, write
npm warn tar TAR_ENTRY_ERROR ENOSPC: no space left on device, write
npm warn tar TAR_ENTRY_ERROR EBADF: bad file descriptor, write
npm warn tar TAR_ENTRY_ERROR ENOSPC: no space left on device, write
npm warn tar TAR_ENTRY_ERROR ENOSPC: no space left on device, write
npm warn tar TAR_ENTRY_ERROR ENOENT: no such file or directory, lstat 'D:\PROJECTS\SimHPC\app\node_modules\dom-helpers\isWindow'
npm warn tar TAR_ENTRY_ERROR ENOSPC: no space left on device, write
npm warn tar TAR_ENTRY_ERROR ENOSPC: no space left on device, write
npm warn tar TAR_ENTRY_ERROR ENOSPC: no space left on device, write
npm warn tar TAR_ENTRY_ERROR ENOENT: no such file or directory, lstat 'D:\PROJECTS\SimHPC\app\node_modules\victory-vendor\lib-vendor\d3-format\src'
npm warn tar TAR_ENTRY_ERROR EBADF: bad file descriptor, write
npm warn tar TAR_ENTRY_ERROR ENOSPC: no space left on device, write
npm warn tar TAR_ENTRY_ERROR ENOSPC: no space left on device, write
npm warn tar TAR_ENTRY_ERROR ENOSPC: no space left on device, write
npm warn tar TAR_ENTRY_ERROR ENOENT: no such file or directory, lstat 'D:\PROJECTS\SimHPC\app\node_modules\@babel\types\lib\modifications'
npm warn tar TAR_ENTRY_ERROR ENOENT: no such file or directory, lstat 'D:\PROJECTS\SimHPC\app\node_modules\dom-helpers\listen'
npm warn tar TAR_ENTRY_ERROR ENOSPC: no space left on device, write
npm warn tar TAR_ENTRY_ERROR ENOSPC: no space left on device, write
npm warn tar TAR_ENTRY_ERROR ENOSPC: no space left on device, write
npm warn tar TAR_ENTRY_ERROR ENOSPC: no space left on device, write
npm warn tar TAR_ENTRY_ERROR EBADF: bad file descriptor, write
npm warn tar TAR_ENTRY_ERROR EBADF: bad file descriptor, write
npm warn tar TAR_ENTRY_ERROR ENOSPC: no space left on device, write
npm warn tar TAR_ENTRY_ERROR ENOSPC: no space left on device, write
npm warn tar TAR_ENTRY_ERROR ENOSPC: no space left on device, write
npm warn tar TAR_ENTRY_ERROR EBADF: bad file descriptor, write
npm warn tar TAR_ENTRY_ERROR ENOENT: no such file or directory, lstat 'D:\PROJECTS\SimHPC\app\node_modules\dom-helpers\matches'
npm warn tar TAR_ENTRY_ERROR ENOSPC: no space left on device, write
npm warn tar TAR_ENTRY_ERROR ENOSPC: no space left on device, write
npm warn tar TAR_ENTRY_ERROR ENOSPC: no space left on device, write
npm warn tar TAR_ENTRY_ERROR EBADF: bad file descriptor, write
npm warn tar TAR_ENTRY_ERROR ENOENT: no such file or directory, lstat 'D:\PROJECTS\SimHPC\app\node_modules\@babel\core\lib\transformation\file'
npm warn tar TAR_ENTRY_ERROR ENOSPC: no space left on device, write
npm warn tar TAR_ENTRY_ERROR EBADF: bad file descriptor, write
npm warn tar TAR_ENTRY_ERROR ENOENT: no such file or directory, lstat 'D:\PROJECTS\SimHPC\app\node_modules\resolve\.github'
npm warn tar TAR_ENTRY_ERROR EBADF: bad file descriptor, write
npm warn tar TAR_ENTRY_ERROR ENOSPC: no space left on device, write
npm warn tar TAR_ENTRY_ERROR ENOSPC: no space left on device, write
npm warn tar TAR_ENTRY_ERROR ENOENT: no such file or directory, lstat 'D:\PROJECTS\SimHPC\app\node_modules\dom-helpers\nextUntil'
npm warn tar TAR_ENTRY_ERROR ENOSPC: no space left on device, write
npm warn tar TAR_ENTRY_ERROR ENOENT: no such file or directory, lstat 'D:\PROJECTS\SimHPC\app\node_modules\@babel\types\lib\modifications'
npm warn tar TAR_ENTRY_ERROR ENOSPC: no space left on device, write
npm warn tar TAR_ENTRY_ERROR ENOENT: no such file or directory, lstat 'D:\PROJECTS\SimHPC\app\node_modules\victory-vendor\lib-vendor\d3-time-format\src'
npm warn tar TAR_ENTRY_ERROR EBADF: bad file descriptor, write
npm warn tar TAR_ENTRY_ERROR EBADF: bad file descriptor, write
npm warn tar TAR_ENTRY_ERROR ENOSPC: no space left on device, write
npm warn tar TAR_ENTRY_ERROR ENOENT: no such file or directory, lstat 'D:\PROJECTS\SimHPC\app\node_modules\@supabase\realtime-js\src'
npm warn tar TAR_ENTRY_ERROR ENOSPC: no space left on device, write
npm warn tar TAR_ENTRY_ERROR ENOSPC: no space left on device, write
npm warn tar TAR_ENTRY_ERROR ENOENT: no such file or directory, lstat 'D:\PROJECTS\SimHPC\app\node_modules\dom-helpers\offset'
npm warn tar TAR_ENTRY_ERROR EBADF: bad file descriptor, write
npm warn tar TAR_ENTRY_ERROR ENOSPC: no space left on device, write
npm warn tar TAR_ENTRY_ERROR ENOSPC: no space left on device, write
npm warn tar TAR_ENTRY_ERROR ENOSPC: no space left on device, write
npm warn tar TAR_ENTRY_ERROR ENOSPC: no space left on device, write
npm warn tar TAR_ENTRY_ERROR ENOSPC: no space left on device, write
npm warn tar TAR_ENTRY_ERROR ENOENT: no such file or directory, lstat 'D:\PROJECTS\SimHPC\app\node_modules\dom-helpers\offsetParent'
npm warn tar TAR_ENTRY_ERROR ENOENT: no such file or directory, lstat 'D:\PROJECTS\SimHPC\app\node_modules\@babel\types\lib\modifications'
npm warn tar TAR_ENTRY_ERROR ENOSPC: no space left on device, write
npm warn tar TAR_ENTRY_ERROR EBADF: bad file descriptor, write
npm warn tar TAR_ENTRY_ERROR ENOSPC: no space left on device, write
npm warn tar TAR_ENTRY_ERROR ENOSPC: no space left on device, write
npm warn tar TAR_ENTRY_ERROR ENOENT: no such file or directory, lstat 'D:\PROJECTS\SimHPC\app\node_modules\resolve\.github'
npm warn tar TAR_ENTRY_ERROR ENOENT: no such file or directory, lstat 'D:\PROJECTS\SimHPC\app\node_modules\@babel\core\lib\transformation\file'
npm warn tar TAR_ENTRY_ERROR ENOSPC: no space left on device, write
npm warn tar TAR_ENTRY_ERROR EBADF: bad file descriptor, write
npm warn tar TAR_ENTRY_ERROR ENOENT: no such file or directory, lstat 'D:\PROJECTS\SimHPC\app\node_modules\tailwindcss\lib\cli'
npm warn tar TAR_ENTRY_ERROR ENOSPC: no space left on device, write
npm warn tar TAR_ENTRY_ERROR ENOENT: no such file or directory, lstat 'D:\PROJECTS\SimHPC\app\node_modules\dom-helpers\ownerDocument'
npm warn tar TAR_ENTRY_ERROR ENOSPC: no space left on device, write
npm warn tar TAR_ENTRY_ERROR ENOENT: no such file or directory, lstat 'D:\PROJECTS\SimHPC\app\node_modules\resolve\.github'
npm warn tar TAR_ENTRY_ERROR ENOSPC: no space left on device, write
npm warn tar TAR_ENTRY_ERROR ENOSPC: no space left on device, write
npm warn tar TAR_ENTRY_ERROR ENOSPC: no space left on device, write
npm warn tar TAR_ENTRY_ERROR EBADF: bad file descriptor, write
npm warn tar TAR_ENTRY_ERROR ENOENT: no such file or directory, lstat 'D:\PROJECTS\SimHPC\app\node_modules\victory-vendor\lib-vendor\d3-color\src'
npm warn tar TAR_ENTRY_ERROR ENOSPC: no space left on device, write
npm warn tar TAR_ENTRY_ERROR ENOSPC: no space left on device, write
npm warn tar TAR_ENTRY_ERROR ENOSPC: no space left on device, write
npm warn tar TAR_ENTRY_ERROR ENOENT: no such file or directory, lstat 'D:\PROJECTS\SimHPC\app\node_modules\dom-helpers\ownerWindow'
npm warn tar TAR_ENTRY_ERROR ENOENT: no such file or directory, lstat 'D:\PROJECTS\SimHPC\app\node_modules\@babel\types\lib\modifications'
npm warn tar TAR_ENTRY_ERROR EBADF: bad file descriptor, write
npm warn tar TAR_ENTRY_ERROR ENOSPC: no space left on device, write
npm warn tar TAR_ENTRY_ERROR ENOSPC: no space left on device, write
npm warn tar TAR_ENTRY_ERROR EBADF: bad file descriptor, write
npm warn tar TAR_ENTRY_ERROR ENOSPC: no space left on device, write
npm warn tar TAR_ENTRY_ERROR EBADF: bad file descriptor, write
npm warn tar TAR_ENTRY_ERROR ENOSPC: no space left on device, write
npm warn tar TAR_ENTRY_ERROR ENOENT: no such file or directory, lstat 'D:\PROJECTS\SimHPC\app\node_modules\tailwindcss\lib\cli'
npm warn tar TAR_ENTRY_ERROR ENOSPC: no space left on device, write
npm warn tar TAR_ENTRY_ERROR EBADF: bad file descriptor, write
npm warn tar TAR_ENTRY_ERROR ENOSPC: no space left on device, write
npm warn tar TAR_ENTRY_ERROR ENOSPC: no space left on device, write
npm warn tar TAR_ENTRY_ERROR ENOSPC: no space left on device, write
npm warn tar TAR_ENTRY_ERROR ENOSPC: no space left on device, write
npm warn tar TAR_ENTRY_ERROR ENOENT: no such file or directory, lstat 'D:\PROJECTS\SimHPC\app\node_modules\@babel\core\lib\transformation\file'
npm warn tar TAR_ENTRY_ERROR ENOSPC: no space left on device, write
npm warn tar TAR_ENTRY_ERROR ENOSPC: no space left on device, write
npm warn tar TAR_ENTRY_ERROR ENOSPC: no space left on device, write
npm warn tar TAR_ENTRY_ERROR ENOENT: no such file or directory, lstat 'D:\PROJECTS\SimHPC\app\node_modules\@babel\types\lib\modifications'
npm warn tar TAR_ENTRY_ERROR ENOSPC: no space left on device, write
npm warn tar TAR_ENTRY_ERROR EBADF: bad file descriptor, write
npm warn tar TAR_ENTRY_ERROR ENOENT: no such file or directory, lstat 'D:\PROJECTS\SimHPC\app\node_modules\dom-helpers\parents'
npm warn tar TAR_ENTRY_ERROR ENOSPC: no space left on device, write
npm warn tar TAR_ENTRY_ERROR ENOSPC: no space left on device, write
npm warn tar TAR_ENTRY_ERROR ENOSPC: no space left on device, write
npm warn tar TAR_ENTRY_ERROR EBADF: bad file descriptor, write
npm warn tar TAR_ENTRY_ERROR ENOENT: no such file or directory, lstat 'D:\PROJECTS\SimHPC\app\node_modules\tailwindcss\lib\cli'
npm warn tar TAR_ENTRY_ERROR ENOSPC: no space left on device, write
npm warn tar TAR_ENTRY_ERROR ENOSPC: no space left on device, write
npm warn tar TAR_ENTRY_ERROR ENOSPC: no space left on device, write
npm warn tar TAR_ENTRY_ERROR ENOENT: no such file or directory, lstat 'D:\PROJECTS\SimHPC\app\node_modules\dom-helpers\position'
npm warn tar TAR_ENTRY_ERROR EBADF: bad file descriptor, write
npm warn tar TAR_ENTRY_ERROR ENOSPC: no space left on device, write
npm warn tar TAR_ENTRY_ERROR ENOSPC: no space left on device, write
npm warn tar TAR_ENTRY_ERROR ENOSPC: no space left on device, write
npm warn tar TAR_ENTRY_ERROR EBADF: bad file descriptor, write
npm warn tar TAR_ENTRY_ERROR ENOSPC: no space left on device, write
npm warn tar TAR_ENTRY_ERROR ENOENT: no such file or directory, lstat 'D:\PROJECTS\SimHPC\app\node_modules\@babel\types\lib\modifications'
npm warn tar TAR_ENTRY_ERROR ENOSPC: no space left on device, write
npm warn tar TAR_ENTRY_ERROR ENOSPC: no space left on device, write
npm warn tar TAR_ENTRY_ERROR ENOSPC: no space left on device, write
npm warn tar TAR_ENTRY_ERROR ENOENT: no such file or directory, lstat 'D:\PROJECTS\SimHPC\app\node_modules\dom-helpers\prepend'
npm warn tar TAR_ENTRY_ERROR EBADF: bad file descriptor, write
npm warn tar TAR_ENTRY_ERROR ENOENT: no such file or directory, lstat 'D:\PROJECTS\SimHPC\app\node_modules\@supabase\realtime-js\src'
npm warn tar TAR_ENTRY_ERROR ENOENT: no such file or directory, lstat 'D:\PROJECTS\SimHPC\app\node_modules\@babel\core\lib\transformation\file'
npm warn tar TAR_ENTRY_ERROR ENOENT: no such file or directory, lstat 'D:\PROJECTS\SimHPC\app\node_modules\tailwindcss\lib\cli'
npm warn tar TAR_ENTRY_ERROR ENOSPC: no space left on device, write
npm warn tar TAR_ENTRY_ERROR ENOSPC: no space left on device, write
npm warn tar TAR_ENTRY_ERROR ENOSPC: no space left on device, write
npm warn tar TAR_ENTRY_ERROR ENOSPC: no space left on device, write
npm warn tar TAR_ENTRY_ERROR ENOSPC: no space left on device, write
npm warn tar TAR_ENTRY_ERROR EBADF: bad file descriptor, write
npm warn tar TAR_ENTRY_ERROR ENOSPC: no space left on device, write
npm warn tar TAR_ENTRY_ERROR ENOENT: no such file or directory, lstat 'D:\PROJECTS\SimHPC\app\node_modules\dom-helpers\querySelectorAll'
npm warn tar TAR_ENTRY_ERROR ENOSPC: no space left on device, write
npm warn tar TAR_ENTRY_ERROR ENOSPC: no space left on device, write
npm warn tar TAR_ENTRY_ERROR ENOSPC: no space left on device, write
npm warn tar TAR_ENTRY_ERROR EBADF: bad file descriptor, write
npm warn tar TAR_ENTRY_ERROR ENOSPC: no space left on device, write
npm warn tar TAR_ENTRY_ERROR ENOENT: no such file or directory, lstat 'D:\PROJECTS\SimHPC\app\node_modules\@babel\types\lib\modifications'
npm warn tar TAR_ENTRY_ERROR ENOSPC: no space left on device, write
npm warn tar TAR_ENTRY_ERROR ENOSPC: no space left on device, write
npm warn tar TAR_ENTRY_ERROR EBADF: bad file descriptor, write
npm warn tar TAR_ENTRY_ERROR EBADF: bad file descriptor, write
npm warn tar TAR_ENTRY_ERROR ENOENT: no such file or directory, lstat 'D:\PROJECTS\SimHPC\app\node_modules\dom-helpers\remove'
npm warn tar TAR_ENTRY_ERROR ENOSPC: no space left on device, write
npm warn tar TAR_ENTRY_ERROR ENOSPC: no space left on device, write
npm warn tar TAR_ENTRY_ERROR ENOSPC: no space left on device, write
npm warn tar TAR_ENTRY_ERROR ENOSPC: no space left on device, write
npm warn tar TAR_ENTRY_ERROR EBADF: bad file descriptor, write
npm warn tar TAR_ENTRY_ERROR ENOENT: no such file or directory, lstat 'D:\PROJECTS\SimHPC\app\node_modules\dom-helpers\removeClass'
npm warn tar TAR_ENTRY_ERROR ENOSPC: no space left on device, write
npm warn tar TAR_ENTRY_ERROR ENOENT: no such file or directory, lstat 'D:\PROJECTS\SimHPC\app\node_modules\@babel\core\lib\transformation\file'
npm warn tar TAR_ENTRY_ERROR EBADF: bad file descriptor, write
npm warn tar TAR_ENTRY_ERROR ENOSPC: no space left on device, write
npm warn tar TAR_ENTRY_ERROR ENOSPC: no space left on device, write
npm warn tar TAR_ENTRY_ERROR ENOENT: no such file or directory, lstat 'D:\PROJECTS\SimHPC\app\node_modules\react-day-picker\dist\cjs\hebrew\utils'
npm warn tar TAR_ENTRY_ERROR ENOENT: no such file or directory, lstat 'D:\PROJECTS\SimHPC\app\node_modules\@babel\types\lib\modifications'
npm warn tar TAR_ENTRY_ERROR EBADF: bad file descriptor, write
npm warn tar TAR_ENTRY_ERROR ENOENT: no such file or directory, lstat 'D:\PROJECTS\SimHPC\app\node_modules\dom-helpers\removeEventListener'
npm warn tar TAR_ENTRY_ERROR ENOSPC: no space left on device, write
npm warn tar TAR_ENTRY_ERROR ENOSPC: no space left on device, write
npm warn tar TAR_ENTRY_ERROR ENOSPC: no space left on device, write
npm warn tar TAR_ENTRY_ERROR ENOSPC: no space left on device, write
npm warn tar TAR_ENTRY_ERROR ENOSPC: no space left on device, write
npm warn tar TAR_ENTRY_ERROR EBADF: bad file descriptor, write
npm warn tar TAR_ENTRY_ERROR ENOSPC: no space left on device, write
npm warn tar TAR_ENTRY_ERROR ENOENT: no such file or directory, lstat 'D:\PROJECTS\SimHPC\app\node_modules\tailwindcss\lib\postcss-plugins'
npm warn tar TAR_ENTRY_ERROR ENOSPC: no space left on device, write
npm warn tar TAR_ENTRY_ERROR ENOSPC: no space left on device, write
npm warn tar TAR_ENTRY_ERROR EBADF: bad file descriptor, write
npm warn tar TAR_ENTRY_ERROR ENOENT: no such file or directory, lstat 'D:\PROJECTS\SimHPC\app\node_modules\dom-helpers\scrollbarSize'
npm warn tar TAR_ENTRY_ERROR ENOSPC: no space left on device, write
npm warn tar TAR_ENTRY_ERROR ENOSPC: no space left on device, write
npm warn tar TAR_ENTRY_ERROR ENOSPC: no space left on device, write
npm warn tar TAR_ENTRY_ERROR ENOENT: no such file or directory, lstat 'D:\PROJECTS\SimHPC\app\node_modules\motion-dom\dist\es\animation\drivers'
npm warn tar TAR_ENTRY_ERROR EBADF: bad file descriptor, write
npm warn tar TAR_ENTRY_ERROR EBADF: bad file descriptor, write
npm warn tar TAR_ENTRY_ERROR ENOENT: no such file or directory, lstat 'D:\PROJECTS\SimHPC\app\node_modules\@babel\types\lib\modifications'
npm warn tar TAR_ENTRY_ERROR ENOSPC: no space left on device, write
npm warn tar TAR_ENTRY_ERROR ENOSPC: no space left on device, write
npm warn tar TAR_ENTRY_ERROR ENOENT: no such file or directory, lstat 'D:\PROJECTS\SimHPC\app\node_modules\framer-motion\dist\es\render\dom\utils'
npm warn tar TAR_ENTRY_ERROR ENOSPC: no space left on device, write
npm warn tar TAR_ENTRY_ERROR ENOENT: no such file or directory, lstat 'D:\PROJECTS\SimHPC\app\node_modules\dom-helpers\scrollLeft'
npm warn tar TAR_ENTRY_ERROR EBADF: bad file descriptor, write
npm warn tar TAR_ENTRY_ERROR EBADF: bad file descriptor, write
npm warn tar TAR_ENTRY_ERROR ENOSPC: no space left on device, write
npm warn tar TAR_ENTRY_ERROR ENOSPC: no space left on device, write
npm warn tar TAR_ENTRY_ERROR ENOSPC: no space left on device, write
npm warn tar TAR_ENTRY_ERROR ENOSPC: no space left on device, write
npm warn tar TAR_ENTRY_ERROR ENOSPC: no space left on device, write
npm warn tar TAR_ENTRY_ERROR ENOENT: no such file or directory, lstat 'D:\PROJECTS\SimHPC\app\node_modules\dom-helpers\scrollParent'
npm warn tar TAR_ENTRY_ERROR ENOSPC: no space left on device, write
npm warn tar TAR_ENTRY_ERROR ENOENT: no such file or directory, lstat 'D:\PROJECTS\SimHPC\app\node_modules\react-day-picker\dist\esm\hebrew\utils'
npm warn tar TAR_ENTRY_ERROR EBADF: bad file descriptor, write
npm warn tar TAR_ENTRY_ERROR ENOENT: no such file or directory, lstat 'D:\PROJECTS\SimHPC\app\node_modules\@babel\types\lib\retrievers'
npm warn tar TAR_ENTRY_ERROR ENOSPC: no space left on device, write
npm warn tar TAR_ENTRY_ERROR ENOENT: no such file or directory, lstat 'D:\PROJECTS\SimHPC\app\node_modules\dom-helpers\scrollTo'
npm warn tar TAR_ENTRY_ERROR ENOSPC: no space left on device, write
npm warn tar TAR_ENTRY_ERROR ENOSPC: no space left on device, write
npm warn tar TAR_ENTRY_ERROR ENOSPC: no space left on device, write
npm warn tar TAR_ENTRY_ERROR EBADF: bad file descriptor, write
npm warn tar TAR_ENTRY_ERROR ENOSPC: no space left on device, write
npm warn tar TAR_ENTRY_ERROR ENOSPC: no space left on device, write
npm warn tar TAR_ENTRY_ERROR ENOSPC: no space left on device, write
npm warn tar TAR_ENTRY_ERROR ENOSPC: no space left on device, write
npm warn tar TAR_ENTRY_ERROR ENOENT: no such file or directory, lstat 'D:\PROJECTS\SimHPC\app\node_modules\framer-motion\dist\es\gestures'
npm warn tar TAR_ENTRY_ERROR EBADF: bad file descriptor, write
npm warn tar TAR_ENTRY_ERROR EBADF: bad file descriptor, write
npm warn tar TAR_ENTRY_ERROR ENOSPC: no space left on device, write
npm warn tar TAR_ENTRY_ERROR EBADF: bad file descriptor, write
npm warn tar TAR_ENTRY_ERROR ENOENT: no such file or directory, lstat 'D:\PROJECTS\SimHPC\app\node_modules\dom-helpers\scrollTop'
npm warn tar TAR_ENTRY_ERROR ENOSPC: no space left on device, write
npm warn tar TAR_ENTRY_ERROR EBADF: bad file descriptor, write
npm warn tar TAR_ENTRY_ERROR ENOSPC: no space left on device, write
npm warn tar TAR_ENTRY_ERROR ENOENT: no such file or directory, lstat 'D:\PROJECTS\SimHPC\app\node_modules\tailwindcss\nesting'
npm warn tar TAR_ENTRY_ERROR ENOSPC: no space left on device, write
npm warn tar TAR_ENTRY_ERROR ENOENT: no such file or directory, lstat 'D:\PROJECTS\SimHPC\app\node_modules\@babel\types\lib\retrievers'
npm warn tar TAR_ENTRY_ERROR EBADF: bad file descriptor, write
npm warn tar TAR_ENTRY_ERROR EBADF: bad file descriptor, write
npm warn tar TAR_ENTRY_ERROR ENOSPC: no space left on device, write
npm warn tar TAR_ENTRY_ERROR ENOSPC: no space left on device, write
npm warn tar TAR_ENTRY_ERROR ENOENT: no such file or directory, lstat 'D:\PROJECTS\SimHPC\app\node_modules\dom-helpers\siblings'
npm warn tar TAR_ENTRY_ERROR ENOSPC: no space left on device, write
npm warn tar TAR_ENTRY_ERROR ENOSPC: no space left on device, write
npm warn tar TAR_ENTRY_ERROR EBADF: bad file descriptor, write
npm warn tar TAR_ENTRY_ERROR ENOENT: no such file or directory, lstat 'D:\PROJECTS\SimHPC\app\node_modules\@supabase\realtime-js\src'
npm warn tar TAR_ENTRY_ERROR ENOENT: no such file or directory, lstat 'D:\PROJECTS\SimHPC\app\node_modules\tailwindcss\peers'
npm warn tar TAR_ENTRY_ERROR ENOSPC: no space left on device, write
npm warn tar TAR_ENTRY_ERROR ENOENT: no such file or directory, lstat 'D:\PROJECTS\SimHPC\app\node_modules\react-day-picker\dist\cjs\classes'
npm warn tar TAR_ENTRY_ERROR EBADF: bad file descriptor, lstat 'D:\PROJECTS\SimHPC\app\node_modules\@babel\types\lib'
npm warn tar TAR_ENTRY_ERROR EPERM: operation not permitted, write
npm warn tar TAR_ENTRY_ERROR ENOENT: no such file or directory, lstat 'D:\PROJECTS\SimHPC\app\node_modules\dom-helpers\text'
npm warn tar TAR_ENTRY_ERROR ENOSPC: no space left on device, write
npm warn tar TAR_ENTRY_ERROR ENOSPC: no space left on device, write
npm warn tar TAR_ENTRY_ERROR ENOSPC: no space left on device, write
npm warn tar TAR_ENTRY_ERROR ENOSPC: no space left on device, write
npm warn tar TAR_ENTRY_ERROR ENOSPC: no space left on device, write
npm warn tar TAR_ENTRY_ERROR ENOSPC: no space left on device, write
npm warn tar TAR_ENTRY_ERROR ENOSPC: no space left on device, write
npm warn tar TAR_ENTRY_ERROR EBADF: bad file descriptor, write
npm warn tar TAR_ENTRY_ERROR ENOENT: no such file or directory, lstat 'D:\PROJECTS\SimHPC\app\node_modules\dom-helpers\toggleClass'
npm warn tar TAR_ENTRY_ERROR ENOSPC: no space left on device, write
npm warn tar TAR_ENTRY_ERROR ENOSPC: no space left on device, write
npm warn tar TAR_ENTRY_ERROR ENOSPC: no space left on device, write
npm warn tar TAR_ENTRY_ERROR ENOENT: no such file or directory, lstat 'D:\PROJECTS\SimHPC\app\node_modules\tailwindcss\src\cli'
npm warn tar TAR_ENTRY_ERROR EBADF: bad file descriptor, write
npm warn tar TAR_ENTRY_ERROR ENOENT: no such file or directory, lstat 'D:\PROJECTS\SimHPC\app\node_modules\@babel\types\lib\retrievers'
npm warn tar TAR_ENTRY_ERROR EBADF: bad file descriptor, write
npm warn tar TAR_ENTRY_ERROR ENOENT: no such file or directory, lstat 'D:\PROJECTS\SimHPC\app\node_modules\sucrase\dist\esm\parser\tokenizer'
npm warn tar TAR_ENTRY_ERROR ENOENT: no such file or directory, lstat 'D:\PROJECTS\SimHPC\app\node_modules\dom-helpers\transitionEnd'
npm warn tar TAR_ENTRY_ERROR ENOSPC: no space left on device, write
npm warn tar TAR_ENTRY_ERROR EBADF: bad file descriptor, write
npm warn tar TAR_ENTRY_ERROR ENOSPC: no space left on device, write
npm warn tar TAR_ENTRY_ERROR ENOENT: no such file or directory, lstat 'D:\PROJECTS\SimHPC\app\node_modules\eslint\conf'
npm warn tar TAR_ENTRY_ERROR ENOSPC: no space left on device, write
npm warn tar TAR_ENTRY_ERROR EBADF: bad file descriptor, write
npm warn tar TAR_ENTRY_ERROR ENOSPC: no space left on device, write
npm warn tar TAR_ENTRY_ERROR ENOENT: no such file or directory, lstat 'D:\PROJECTS\SimHPC\app\node_modules\react-day-picker\dist\esm\classes'
npm warn tar TAR_ENTRY_ERROR ENOSPC: no space left on device, write
npm warn tar TAR_ENTRY_ERROR EBADF: bad file descriptor, write
npm warn tar TAR_ENTRY_ERROR ENOENT: no such file or directory, lstat 'D:\PROJECTS\SimHPC\app\node_modules\motion-dom\dist\es\animation\optimized-appear'
npm warn tar TAR_ENTRY_ERROR ENOENT: no such file or directory, lstat 'D:\PROJECTS\SimHPC\app\node_modules\dom-helpers\triggerEvent'
npm warn tar TAR_ENTRY_ERROR EBADF: bad file descriptor, write
npm warn tar TAR_ENTRY_ERROR ENOSPC: no space left on device, write
npm warn tar TAR_ENTRY_ERROR ENOSPC: no space left on device, write
npm error A complete log of this run can be found in: D:\PROJECTS\npm-cache\_logs\2026-03-04T04_32_20_971Z-debug-0.log
Error: Command "npm install" exited with 1
Error: Failed to write diagnostics trace file
Error: ENOSPC: no space left on device, mkdir 'D:\PROJECTS\SimHPC\app\.vercel\output\diagnostics'
Error: ENOSPC: no space left on device, write
